Archive member included to satisfy reference by file (symbol)

c:/st/stm32cubeide_1.10.1/stm32cubeide/plugins/com.st.stm32cube.ide.mcu.externaltools.gnu-tools-for-stm32.10.3-2021.10.win32_1.0.0.202111181127/tools/bin/../lib/gcc/arm-none-eabi/10.3.1/../../../../arm-none-eabi/lib/thumb/v7-m/nofp\libc_nano.a(lib_a-errno.o)
                              ./Core/Src/syscalls.o (__errno)
c:/st/stm32cubeide_1.10.1/stm32cubeide/plugins/com.st.stm32cube.ide.mcu.externaltools.gnu-tools-for-stm32.10.3-2021.10.win32_1.0.0.202111181127/tools/bin/../lib/gcc/arm-none-eabi/10.3.1/../../../../arm-none-eabi/lib/thumb/v7-m/nofp\libc_nano.a(lib_a-exit.o)
                              c:/st/stm32cubeide_1.10.1/stm32cubeide/plugins/com.st.stm32cube.ide.mcu.externaltools.gnu-tools-for-stm32.10.3-2021.10.win32_1.0.0.202111181127/tools/bin/../lib/gcc/arm-none-eabi/10.3.1/../../../../arm-none-eabi/lib/thumb/v7-m/nofp/crt0.o (exit)
c:/st/stm32cubeide_1.10.1/stm32cubeide/plugins/com.st.stm32cube.ide.mcu.externaltools.gnu-tools-for-stm32.10.3-2021.10.win32_1.0.0.202111181127/tools/bin/../lib/gcc/arm-none-eabi/10.3.1/../../../../arm-none-eabi/lib/thumb/v7-m/nofp\libc_nano.a(lib_a-impure.o)
                              c:/st/stm32cubeide_1.10.1/stm32cubeide/plugins/com.st.stm32cube.ide.mcu.externaltools.gnu-tools-for-stm32.10.3-2021.10.win32_1.0.0.202111181127/tools/bin/../lib/gcc/arm-none-eabi/10.3.1/../../../../arm-none-eabi/lib/thumb/v7-m/nofp\libc_nano.a(lib_a-exit.o) (_global_impure_ptr)
c:/st/stm32cubeide_1.10.1/stm32cubeide/plugins/com.st.stm32cube.ide.mcu.externaltools.gnu-tools-for-stm32.10.3-2021.10.win32_1.0.0.202111181127/tools/bin/../lib/gcc/arm-none-eabi/10.3.1/../../../../arm-none-eabi/lib/thumb/v7-m/nofp\libc_nano.a(lib_a-init.o)
                              c:/st/stm32cubeide_1.10.1/stm32cubeide/plugins/com.st.stm32cube.ide.mcu.externaltools.gnu-tools-for-stm32.10.3-2021.10.win32_1.0.0.202111181127/tools/bin/../lib/gcc/arm-none-eabi/10.3.1/../../../../arm-none-eabi/lib/thumb/v7-m/nofp/crt0.o (__libc_init_array)
c:/st/stm32cubeide_1.10.1/stm32cubeide/plugins/com.st.stm32cube.ide.mcu.externaltools.gnu-tools-for-stm32.10.3-2021.10.win32_1.0.0.202111181127/tools/bin/../lib/gcc/arm-none-eabi/10.3.1/../../../../arm-none-eabi/lib/thumb/v7-m/nofp\libc_nano.a(lib_a-memset.o)
                              c:/st/stm32cubeide_1.10.1/stm32cubeide/plugins/com.st.stm32cube.ide.mcu.externaltools.gnu-tools-for-stm32.10.3-2021.10.win32_1.0.0.202111181127/tools/bin/../lib/gcc/arm-none-eabi/10.3.1/../../../../arm-none-eabi/lib/thumb/v7-m/nofp/crt0.o (memset)
c:/st/stm32cubeide_1.10.1/stm32cubeide/plugins/com.st.stm32cube.ide.mcu.externaltools.gnu-tools-for-stm32.10.3-2021.10.win32_1.0.0.202111181127/tools/bin/../lib/gcc/arm-none-eabi/10.3.1/../../../../arm-none-eabi/lib/thumb/v7-m/nofp\libc_nano.a(lib_a-strcpy.o)
                              ./Core/Src/utils.o (strcpy)
c:/st/stm32cubeide_1.10.1/stm32cubeide/plugins/com.st.stm32cube.ide.mcu.externaltools.gnu-tools-for-stm32.10.3-2021.10.win32_1.0.0.202111181127/tools/bin/../lib/gcc/arm-none-eabi/10.3.1/../../../../arm-none-eabi/lib/thumb/v7-m/nofp\libc_nano.a(lib_a-strlen.o)
                              ./Core/Src/utils.o (strlen)
c:/st/stm32cubeide_1.10.1/stm32cubeide/plugins/com.st.stm32cube.ide.mcu.externaltools.gnu-tools-for-stm32.10.3-2021.10.win32_1.0.0.202111181127/tools/bin/../lib/gcc/arm-none-eabi/10.3.1/thumb/v7-m/nofp\libgcc.a(_arm_mulsf3.o)
                              ./Core/Src/main.o (__aeabi_fmul)
c:/st/stm32cubeide_1.10.1/stm32cubeide/plugins/com.st.stm32cube.ide.mcu.externaltools.gnu-tools-for-stm32.10.3-2021.10.win32_1.0.0.202111181127/tools/bin/../lib/gcc/arm-none-eabi/10.3.1/thumb/v7-m/nofp\libgcc.a(_arm_addsubsf3.o)
                              ./Core/Src/utils.o (__aeabi_fsub)
c:/st/stm32cubeide_1.10.1/stm32cubeide/plugins/com.st.stm32cube.ide.mcu.externaltools.gnu-tools-for-stm32.10.3-2021.10.win32_1.0.0.202111181127/tools/bin/../lib/gcc/arm-none-eabi/10.3.1/thumb/v7-m/nofp\libgcc.a(_arm_muldivsf3.o)
                              ./Core/Src/lm75b.o (__aeabi_fdiv)
c:/st/stm32cubeide_1.10.1/stm32cubeide/plugins/com.st.stm32cube.ide.mcu.externaltools.gnu-tools-for-stm32.10.3-2021.10.win32_1.0.0.202111181127/tools/bin/../lib/gcc/arm-none-eabi/10.3.1/thumb/v7-m/nofp\libgcc.a(_arm_cmpsf2.o)
                              ./Core/Src/main.o (__aeabi_fcmplt)
c:/st/stm32cubeide_1.10.1/stm32cubeide/plugins/com.st.stm32cube.ide.mcu.externaltools.gnu-tools-for-stm32.10.3-2021.10.win32_1.0.0.202111181127/tools/bin/../lib/gcc/arm-none-eabi/10.3.1/thumb/v7-m/nofp\libgcc.a(_arm_fixsfsi.o)
                              ./Core/Src/utils.o (__aeabi_f2iz)
c:/st/stm32cubeide_1.10.1/stm32cubeide/plugins/com.st.stm32cube.ide.mcu.externaltools.gnu-tools-for-stm32.10.3-2021.10.win32_1.0.0.202111181127/tools/bin/../lib/gcc/arm-none-eabi/10.3.1/thumb/v7-m/nofp\libgcc.a(_arm_fixunssfsi.o)
                              ./Core/Src/main.o (__aeabi_f2uiz)

Discarded input sections

[...]
Memory Configuration

Name             Origin             Length             Attributes
RAM              0x0000000020000000 0x0000000000005000 xrw
FLASH            0x0000000008000000 0x0000000000010000 xr
*default*        0x0000000000000000 0xffffffffffffffff

Linker script and memory map

LOAD c:/st/stm32cubeide_1.10.1/stm32cubeide/plugins/com.st.stm32cube.ide.mcu.externaltools.gnu-tools-for-stm32.10.3-2021.10.win32_1.0.0.202111181127/tools/bin/../lib/gcc/arm-none-eabi/10.3.1/thumb/v7-m/nofp/crti.o
LOAD c:/st/stm32cubeide_1.10.1/stm32cubeide/plugins/com.st.stm32cube.ide.mcu.externaltools.gnu-tools-for-stm32.10.3-2021.10.win32_1.0.0.202111181127/tools/bin/../lib/gcc/arm-none-eabi/10.3.1/thumb/v7-m/nofp/crtbegin.o
LOAD c:/st/stm32cubeide_1.10.1/stm32cubeide/plugins/com.st.stm32cube.ide.mcu.externaltools.gnu-tools-for-stm32.10.3-2021.10.win32_1.0.0.202111181127/tools/bin/../lib/gcc/arm-none-eabi/10.3.1/../../../../arm-none-eabi/lib/thumb/v7-m/nofp/crt0.o
LOAD ./Core/Src/at24c02.o
LOAD ./Core/Src/config.o
LOAD ./Core/Src/i2c_config.o
LOAD ./Core/Src/lm75b.o
LOAD ./Core/Src/main.o
LOAD ./Core/Src/modbus.o
LOAD ./Core/Src/stm32f1xx_hal_msp.o
LOAD ./Core/Src/stm32f1xx_it.o
LOAD ./Core/Src/syscalls.o
LOAD ./Core/Src/sysmem.o
LOAD ./Core/Src/system_stm32f1xx.o
LOAD ./Core/Src/utils.o
LOAD ./Core/Startup/startup_stm32f103c8tx.o
LOAD ./Drivers/STM32F1xx_HAL_Driver/Src/stm32f1xx_hal.o
LOAD ./Drivers/STM32F1xx_HAL_Driver/Src/stm32f1xx_hal_adc.o
LOAD ./Drivers/STM32F1xx_HAL_Driver/Src/stm32f1xx_hal_adc_ex.o
LOAD ./Drivers/STM32F1xx_HAL_Driver/Src/stm32f1xx_hal_cortex.o
LOAD ./Drivers/STM32F1xx_HAL_Driver/Src/stm32f1xx_hal_dma.o
LOAD ./Drivers/STM32F1xx_HAL_Driver/Src/stm32f1xx_hal_exti.o
LOAD ./Drivers/STM32F1xx_HAL_Driver/Src/stm32f1xx_hal_flash.o
LOAD ./Drivers/STM32F1xx_HAL_Driver/Src/stm32f1xx_hal_flash_ex.o
LOAD ./Drivers/STM32F1xx_HAL_Driver/Src/stm32f1xx_hal_gpio.o
LOAD ./Drivers/STM32F1xx_HAL_Driver/Src/stm32f1xx_hal_gpio_ex.o
LOAD ./Drivers/STM32F1xx_HAL_Driver/Src/stm32f1xx_hal_i2c.o
LOAD ./Drivers/STM32F1xx_HAL_Driver/Src/stm32f1xx_hal_pwr.o
LOAD ./Drivers/STM32F1xx_HAL_Driver/Src/stm32f1xx_hal_rcc.o
LOAD ./Drivers/STM32F1xx_HAL_Driver/Src/stm32f1xx_hal_rcc_ex.o
LOAD ./Drivers/STM32F1xx_HAL_Driver/Src/stm32f1xx_hal_tim.o
LOAD ./Drivers/STM32F1xx_HAL_Driver/Src/stm32f1xx_hal_tim_ex.o
LOAD ./Drivers/STM32F1xx_HAL_Driver/Src/stm32f1xx_hal_uart.o
START GROUP
LOAD c:/st/stm32cubeide_1.10.1/stm32cubeide/plugins/com.st.stm32cube.ide.mcu.externaltools.gnu-tools-for-stm32.10.3-2021.10.win32_1.0.0.202111181127/tools/bin/../lib/gcc/arm-none-eabi/10.3.1/../../../../arm-none-eabi/lib/thumb/v7-m/nofp\libc_nano.a
LOAD c:/st/stm32cubeide_1.10.1/stm32cubeide/plugins/com.st.stm32cube.ide.mcu.externaltools.gnu-tools-for-stm32.10.3-2021.10.win32_1.0.0.202111181127/tools/bin/../lib/gcc/arm-none-eabi/10.3.1/../../../../arm-none-eabi/lib/thumb/v7-m/nofp\libm.a
END GROUP
START GROUP
LOAD c:/st/stm32cubeide_1.10.1/stm32cubeide/plugins/com.st.stm32cube.ide.mcu.externaltools.gnu-tools-for-stm32.10.3-2021.10.win32_1.0.0.202111181127/tools/bin/../lib/gcc/arm-none-eabi/10.3.1/thumb/v7-m/nofp\libgcc.a
LOAD c:/st/stm32cubeide_1.10.1/stm32cubeide/plugins/com.st.stm32cube.ide.mcu.externaltools.gnu-tools-for-stm32.10.3-2021.10.win32_1.0.0.202111181127/tools/bin/../lib/gcc/arm-none-eabi/10.3.1/../../../../arm-none-eabi/lib/thumb/v7-m/nofp\libc_nano.a
END GROUP
START GROUP
LOAD c:/st/stm32cubeide_1.10.1/stm32cubeide/plugins/com.st.stm32cube.ide.mcu.externaltools.gnu-tools-for-stm32.10.3-2021.10.win32_1.0.0.202111181127/tools/bin/../lib/gcc/arm-none-eabi/10.3.1/thumb/v7-m/nofp\libgcc.a
LOAD c:/st/stm32cubeide_1.10.1/stm32cubeide/plugins/com.st.stm32cube.ide.mcu.externaltools.gnu-tools-for-stm32.10.3-2021.10.win32_1.0.0.202111181127/tools/bin/../lib/gcc/arm-none-eabi/10.3.1/../../../../arm-none-eabi/lib/thumb/v7-m/nofp\libc_nano.a
LOAD c:/st/stm32cubeide_1.10.1/stm32cubeide/plugins/com.st.stm32cube.ide.mcu.externaltools.gnu-tools-for-stm32.10.3-2021.10.win32_1.0.0.202111181127/tools/bin/../lib/gcc/arm-none-eabi/10.3.1/../../../../arm-none-eabi/lib/thumb/v7-m/nofp\libnosys.a
END GROUP
START GROUP
LOAD c:/st/stm32cubeide_1.10.1/stm32cubeide/plugins/com.st.stm32cube.ide.mcu.externaltools.gnu-tools-for-stm32.10.3-2021.10.win32_1.0.0.202111181127/tools/bin/../lib/gcc/arm-none-eabi/10.3.1/thumb/v7-m/nofp\libgcc.a
LOAD c:/st/stm32cubeide_1.10.1/stm32cubeide/plugins/com.st.stm32cube.ide.mcu.externaltools.gnu-tools-for-stm32.10.3-2021.10.win32_1.0.0.202111181127/tools/bin/../lib/gcc/arm-none-eabi/10.3.1/../../../../arm-none-eabi/lib/thumb/v7-m/nofp\libc_nano.a
LOAD c:/st/stm32cubeide_1.10.1/stm32cubeide/plugins/com.st.stm32cube.ide.mcu.externaltools.gnu-tools-for-stm32.10.3-2021.10.win32_1.0.0.202111181127/tools/bin/../lib/gcc/arm-none-eabi/10.3.1/../../../../arm-none-eabi/lib/thumb/v7-m/nofp\libnosys.a
END GROUP
LOAD c:/st/stm32cubeide_1.10.1/stm32cubeide/plugins/com.st.stm32cube.ide.mcu.externaltools.gnu-tools-for-stm32.10.3-2021.10.win32_1.0.0.202111181127/tools/bin/../lib/gcc/arm-none-eabi/10.3.1/thumb/v7-m/nofp/crtend.o
LOAD c:/st/stm32cubeide_1.10.1/stm32cubeide/plugins/com.st.stm32cube.ide.mcu.externaltools.gnu-tools-for-stm32.10.3-2021.10.win32_1.0.0.202111181127/tools/bin/../lib/gcc/arm-none-eabi/10.3.1/thumb/v7-m/nofp/crtn.o
                0x0000000020005000                _estack = (ORIGIN (RAM) + LENGTH (RAM))
                0x0000000000000200                _Min_Heap_Size = 0x200
                0x0000000000000400                _Min_Stack_Size = 0x400

.isr_vector     0x0000000008000000      0x10c
                0x0000000008000000                . = ALIGN (0x4)
 *(.isr_vector)
 .isr_vector    0x0000000008000000      0x10c ./Core/Startup/startup_stm32f103c8tx.o
                0x0000000008000000                g_pfnVectors
                0x000000000800010c                . = ALIGN (0x4)

.text           0x000000000800010c     0x6058
                0x000000000800010c                . = ALIGN (0x4)
 *(.text)
 .text          0x000000000800010c       0x40 c:/st/stm32cubeide_1.10.1/stm32cubeide/plugins/com.st.stm32cube.ide.mcu.externaltools.gnu-tools-for-stm32.10.3-2021.10.win32_1.0.0.202111181127/tools/bin/../lib/gcc/arm-none-eabi/10.3.1/thumb/v7-m/nofp/crtbegin.o
 .text          0x000000000800014c      0x21c c:/st/stm32cubeide_1.10.1/stm32cubeide/plugins/com.st.stm32cube.ide.mcu.externaltools.gnu-tools-for-stm32.10.3-2021.10.win32_1.0.0.202111181127/tools/bin/../lib/gcc/arm-none-eabi/10.3.1/thumb/v7-m/nofp\libgcc.a(_arm_addsubsf3.o)
                0x000000000800014c                __aeabi_frsub
                0x0000000008000154                __subsf3
                0x0000000008000154                __aeabi_fsub
                0x0000000008000158                __aeabi_fadd
                0x0000000008000158                __addsf3
                0x00000000080002b8                __aeabi_ui2f
                0x00000000080002b8                __floatunsisf
                0x00000000080002c0                __aeabi_i2f
                0x00000000080002c0                __floatsisf
                0x00000000080002dc                __aeabi_ul2f
                0x00000000080002dc                __floatundisf
                0x00000000080002ec                __aeabi_l2f
                0x00000000080002ec                __floatdisf
 .text          0x0000000008000368      0x2a0 c:/st/stm32cubeide_1.10.1/stm32cubeide/plugins/com.st.stm32cube.ide.mcu.externaltools.gnu-tools-for-stm32.10.3-2021.10.win32_1.0.0.202111181127/tools/bin/../lib/gcc/arm-none-eabi/10.3.1/thumb/v7-m/nofp\libgcc.a(_arm_muldivsf3.o)
                0x0000000008000368                __mulsf3
                0x0000000008000368                __aeabi_fmul
                0x00000000080004d0                __aeabi_fdiv
                0x00000000080004d0                __divsf3
 .text          0x0000000008000608       0xec c:/st/stm32cubeide_1.10.1/stm32cubeide/plugins/com.st.stm32cube.ide.mcu.externaltools.gnu-tools-for-stm32.10.3-2021.10.win32_1.0.0.202111181127/tools/bin/../lib/gcc/arm-none-eabi/10.3.1/thumb/v7-m/nofp\libgcc.a(_arm_cmpsf2.o)
                0x0000000008000608                __gesf2
                0x0000000008000608                __gtsf2
                0x0000000008000610                __lesf2
                0x0000000008000610                __ltsf2
                0x0000000008000618                __nesf2
                0x0000000008000618                __eqsf2
                0x0000000008000618                __cmpsf2
                0x0000000008000678                __aeabi_cfrcmple
                0x0000000008000680                __aeabi_cfcmpeq
                0x0000000008000680                __aeabi_cfcmple
                0x0000000008000690                __aeabi_fcmpeq
                0x00000000080006a4                __aeabi_fcmplt
                0x00000000080006b8                __aeabi_fcmple
                0x00000000080006cc                __aeabi_fcmpge
                0x00000000080006e0                __aeabi_fcmpgt
 .text          0x00000000080006f4       0x40 c:/st/stm32cubeide_1.10.1/stm32cubeide/plugins/com.st.stm32cube.ide.mcu.externaltools.gnu-tools-for-stm32.10.3-2021.10.win32_1.0.0.202111181127/tools/bin/../lib/gcc/arm-none-eabi/10.3.1/thumb/v7-m/nofp\libgcc.a(_arm_fixunssfsi.o)
                0x00000000080006f4                __fixunssfsi
                0x00000000080006f4                __aeabi_f2uiz
 *(.text*)
 .text.MX_I2C2_Init
                0x0000000008000734       0xec ./Core/Src/i2c_config.o
                0x0000000008000734                MX_I2C2_Init
 .text.LM75B_Init
                0x0000000008000820       0x38 ./Core/Src/lm75b.o
                0x0000000008000820                LM75B_Init
 .text.LM75B_ReadRawTemperature
                0x0000000008000858       0x64 ./Core/Src/lm75b.o
                0x0000000008000858                LM75B_ReadRawTemperature
 .text.Stat_AddValue
                0x00000000080008bc       0x64 ./Core/Src/main.o
 .text.Stat_CalculateTrimmedAverage
                0x0000000008000920       0xcc ./Core/Src/main.o
 .text.Stat_ClearHistory
                0x00000000080009ec       0x50 ./Core/Src/main.o
 .text.Update_Poll_Period_From_Modbus
                0x0000000008000a3c       0x6c ./Core/Src/main.o
 .text.Process_Measurement_Results
                0x0000000008000aa8      0x140 ./Core/Src/main.o
                0x0000000008000aa8                Process_Measurement_Results
 .text.main     0x0000000008000be8      0x300 ./Core/Src/main.o
                0x0000000008000be8                main
 .text.HAL_UART_RxCpltCallback
                0x0000000008000ee8       0x24 ./Core/Src/main.o
                0x0000000008000ee8                HAL_UART_RxCpltCallback
 .text.TIM3_InputCapture_Init
                0x0000000008000f0c       0xfc ./Core/Src/main.o
                0x0000000008000f0c                TIM3_InputCapture_Init
 .text.generate_pulse_and_measure
                0x0000000008001008       0xe8 ./Core/Src/main.o
                0x0000000008001008                generate_pulse_and_measure
 .text.measure_time_of_flight
                0x00000000080010f0       0xec ./Core/Src/main.o
                0x00000000080010f0                measure_time_of_flight
 .text.Read_Temperature
                0x00000000080011dc       0x78 ./Core/Src/main.o
                0x00000000080011dc                Read_Temperature
 .text.Read_All_Voltages
                0x0000000008001254      0x230 ./Core/Src/main.o
                0x0000000008001254                Read_All_Voltages
 .text.Read_ADC_Single
                0x0000000008001484       0x70 ./Core/Src/main.o
 .text.Read_ADC_Average
                0x00000000080014f4       0x72 ./Core/Src/main.o
 .text.SystemClock_Config
                0x0000000008001566       0xb6 ./Core/Src/main.o
                0x0000000008001566                SystemClock_Config
 .text.MX_GPIO_Init
                0x000000000800161c      0x1d8 ./Core/Src/main.o
                0x000000000800161c                MX_GPIO_Init
 .text.MX_USART1_UART_Init
                0x00000000080017f4       0x54 ./Core/Src/main.o
                0x00000000080017f4                MX_USART1_UART_Init
 .text.MX_USART2_UART_Init
                0x0000000008001848       0x54 ./Core/Src/main.o
                0x0000000008001848                MX_USART2_UART_Init
 .text.MX_ADC1_Init
                0x000000000800189c       0x4c ./Core/Src/main.o
                0x000000000800189c                MX_ADC1_Init
 .text.MX_ADC2_Init
                0x00000000080018e8       0x4c ./Core/Src/main.o
                0x00000000080018e8                MX_ADC2_Init
 .text.Error_Handler
                0x0000000008001934       0x20 ./Core/Src/main.o
                0x0000000008001934                Error_Handler
 .text.ModBus_CRC16
                0x0000000008001954       0x70 ./Core/Src/modbus.o
                0x0000000008001954                ModBus_CRC16
 .text.ModBus_SendException
                0x00000000080019c4       0x78 ./Core/Src/modbus.o
 .text.ModBus_ReadHoldingRegisters
                0x0000000008001a3c      0x1e4 ./Core/Src/modbus.o
 .text.ModBus_ReadInputRegisters
                0x0000000008001c20      0x1e8 ./Core/Src/modbus.o
 .text.ModBus_WriteSingleRegister
                0x0000000008001e08       0xc4 ./Core/Src/modbus.o
 .text.ModBus_WriteMultipleRegisters
                0x0000000008001ecc      0x134 ./Core/Src/modbus.o
 .text.ModBus_ProcessFrame
                0x0000000008002000      0x280 ./Core/Src/modbus.o
 .text.ModBus_Init
                0x0000000008002280       0xc0 ./Core/Src/modbus.o
                0x0000000008002280                ModBus_Init
 .text.ModBus_RxCallback
                0x0000000008002340       0x40 ./Core/Src/modbus.o
                0x0000000008002340                ModBus_RxCallback
 .text.ModBus_RxByte
                0x0000000008002380       0xa0 ./Core/Src/modbus.o
                0x0000000008002380                ModBus_RxByte
 .text.ModBus_Process
                0x0000000008002420       0x4c ./Core/Src/modbus.o
                0x0000000008002420                ModBus_Process
 .text.ModBus_UpdateVoltages
                0x000000000800246c       0xec ./Core/Src/modbus.o
                0x000000000800246c                ModBus_UpdateVoltages
 .text.ModBus_UpdateMeasurements
                0x0000000008002558       0xc8 ./Core/Src/modbus.o
                0x0000000008002558                ModBus_UpdateMeasurements
 .text.ModBus_PrepareForTransmit
                0x0000000008002620       0x3c ./Core/Src/modbus.o
                0x0000000008002620                ModBus_PrepareForTransmit
 .text.ModBus_GetParameter_Float
                0x000000000800265c       0x44 ./Core/Src/modbus.o
                0x000000000800265c                ModBus_GetParameter_Float
 .text.ModBus_SetParameter_Float
                0x00000000080026a0       0x44 ./Core/Src/modbus.o
                0x00000000080026a0                ModBus_SetParameter_Float
 .text.ModBus_GetWaveguideLength
                0x00000000080026e4       0x10 ./Core/Src/modbus.o
                0x00000000080026e4                ModBus_GetWaveguideLength
 .text.ModBus_UpdateFirmwareVersion
                0x00000000080026f4       0x20 ./Core/Src/modbus.o
                0x00000000080026f4                ModBus_UpdateFirmwareVersion
 .text.HAL_MspInit
                0x0000000008002714       0x64 ./Core/Src/stm32f1xx_hal_msp.o
                0x0000000008002714                HAL_MspInit
 .text.HAL_ADC_MspInit
                0x0000000008002778       0xcc ./Core/Src/stm32f1xx_hal_msp.o
                0x0000000008002778                HAL_ADC_MspInit
 .text.HAL_UART_MspInit
                0x0000000008002844      0x108 ./Core/Src/stm32f1xx_hal_msp.o
                0x0000000008002844                HAL_UART_MspInit
 .text.NMI_Handler
                0x000000000800294c        0x6 ./Core/Src/stm32f1xx_it.o
                0x000000000800294c                NMI_Handler
 .text.HardFault_Handler
                0x0000000008002952        0x6 ./Core/Src/stm32f1xx_it.o
                0x0000000008002952                HardFault_Handler
 .text.MemManage_Handler
                0x0000000008002958        0x6 ./Core/Src/stm32f1xx_it.o
                0x0000000008002958                MemManage_Handler
 .text.BusFault_Handler
                0x000000000800295e        0x6 ./Core/Src/stm32f1xx_it.o
                0x000000000800295e                BusFault_Handler
 .text.UsageFault_Handler
                0x0000000008002964        0x6 ./Core/Src/stm32f1xx_it.o
                0x0000000008002964                UsageFault_Handler
 .text.SVC_Handler
                0x000000000800296a        0xc ./Core/Src/stm32f1xx_it.o
                0x000000000800296a                SVC_Handler
 .text.DebugMon_Handler
                0x0000000008002976        0xc ./Core/Src/stm32f1xx_it.o
                0x0000000008002976                DebugMon_Handler
 .text.PendSV_Handler
                0x0000000008002982        0xc ./Core/Src/stm32f1xx_it.o
                0x0000000008002982                PendSV_Handler
 .text.SysTick_Handler
                0x000000000800298e        0xc ./Core/Src/stm32f1xx_it.o
                0x000000000800298e                SysTick_Handler
 *fill*         0x000000000800299a        0x2 
 .text.TIM3_IRQHandler
                0x000000000800299c       0xfc ./Core/Src/stm32f1xx_it.o
                0x000000000800299c                TIM3_IRQHandler
 .text.USART1_IRQHandler
                0x0000000008002a98       0x14 ./Core/Src/stm32f1xx_it.o
                0x0000000008002a98                USART1_IRQHandler
 .text.USART2_IRQHandler
                0x0000000008002aac       0x14 ./Core/Src/stm32f1xx_it.o
                0x0000000008002aac                USART2_IRQHandler
 .text.ADC1_2_IRQHandler
                0x0000000008002ac0       0x1c ./Core/Src/stm32f1xx_it.o
                0x0000000008002ac0                ADC1_2_IRQHandler
 .text.SystemInit
                0x0000000008002adc        0xc ./Core/Src/system_stm32f1xx.o
                0x0000000008002adc                SystemInit
 .text.Reset_Handler
                0x0000000008002ae8       0x48 ./Core/Startup/startup_stm32f103c8tx.o
                0x0000000008002ae8                Reset_Handler
 .text.Default_Handler
                0x0000000008002b30        0x2 ./Core/Startup/startup_stm32f103c8tx.o
                0x0000000008002b30                RTC_Alarm_IRQHandler
                0x0000000008002b30                EXTI2_IRQHandler
                0x0000000008002b30                TIM1_CC_IRQHandler
                0x0000000008002b30                PVD_IRQHandler
                0x0000000008002b30                EXTI3_IRQHandler
                0x0000000008002b30                EXTI0_IRQHandler
                0x0000000008002b30                I2C2_EV_IRQHandler
                0x0000000008002b30                SPI1_IRQHandler
                0x0000000008002b30                TAMPER_IRQHandler
                0x0000000008002b30                DMA1_Channel4_IRQHandler
                0x0000000008002b30                USART3_IRQHandler
                0x0000000008002b30                RTC_IRQHandler
                0x0000000008002b30                DMA1_Channel7_IRQHandler
                0x0000000008002b30                CAN1_RX1_IRQHandler
                0x0000000008002b30                TIM4_IRQHandler
                0x0000000008002b30                I2C1_EV_IRQHandler
                0x0000000008002b30                DMA1_Channel6_IRQHandler
                0x0000000008002b30                RCC_IRQHandler
                0x0000000008002b30                TIM1_TRG_COM_IRQHandler
                0x0000000008002b30                DMA1_Channel1_IRQHandler
                0x0000000008002b30                Default_Handler
                0x0000000008002b30                EXTI15_10_IRQHandler
                0x0000000008002b30                EXTI9_5_IRQHandler
                0x0000000008002b30                SPI2_IRQHandler
                0x0000000008002b30                DMA1_Channel5_IRQHandler
                0x0000000008002b30                EXTI4_IRQHandler
                0x0000000008002b30                USB_LP_CAN1_RX0_IRQHandler
                0x0000000008002b30                USB_HP_CAN1_TX_IRQHandler
                0x0000000008002b30                DMA1_Channel3_IRQHandler
                0x0000000008002b30                TIM1_UP_IRQHandler
                0x0000000008002b30                WWDG_IRQHandler
                0x0000000008002b30                TIM2_IRQHandler
                0x0000000008002b30                TIM1_BRK_IRQHandler
                0x0000000008002b30                EXTI1_IRQHandler
                0x0000000008002b30                I2C2_ER_IRQHandler
                0x0000000008002b30                DMA1_Channel2_IRQHandler
                0x0000000008002b30                CAN1_SCE_IRQHandler
                0x0000000008002b30                FLASH_IRQHandler
                0x0000000008002b30                I2C1_ER_IRQHandler
                0x0000000008002b30                USBWakeUp_IRQHandler
 *fill*         0x0000000008002b32        0x2 
 .text.HAL_Init
                0x0000000008002b34       0x2c ./Drivers/STM32F1xx_HAL_Driver/Src/stm32f1xx_hal.o
                0x0000000008002b34                HAL_Init
 .text.HAL_InitTick
                0x0000000008002b60       0x60 ./Drivers/STM32F1xx_HAL_Driver/Src/stm32f1xx_hal.o
                0x0000000008002b60                HAL_InitTick
 .text.HAL_IncTick
                0x0000000008002bc0       0x24 ./Drivers/STM32F1xx_HAL_Driver/Src/stm32f1xx_hal.o
                0x0000000008002bc0                HAL_IncTick
 .text.HAL_GetTick
                0x0000000008002be4       0x14 ./Drivers/STM32F1xx_HAL_Driver/Src/stm32f1xx_hal.o
                0x0000000008002be4                HAL_GetTick
 .text.HAL_Delay
                0x0000000008002bf8       0x48 ./Drivers/STM32F1xx_HAL_Driver/Src/stm32f1xx_hal.o
                0x0000000008002bf8                HAL_Delay
 .text.HAL_ADC_Init
                0x0000000008002c40      0x1b0 ./Drivers/STM32F1xx_HAL_Driver/Src/stm32f1xx_hal_adc.o
                0x0000000008002c40                HAL_ADC_Init
 .text.HAL_ADC_Start
                0x0000000008002df0      0x15c ./Drivers/STM32F1xx_HAL_Driver/Src/stm32f1xx_hal_adc.o
                0x0000000008002df0                HAL_ADC_Start
 .text.HAL_ADC_Stop
                0x0000000008002f4c       0x58 ./Drivers/STM32F1xx_HAL_Driver/Src/stm32f1xx_hal_adc.o
                0x0000000008002f4c                HAL_ADC_Stop
 .text.HAL_ADC_PollForConversion
                0x0000000008002fa4      0x20c ./Drivers/STM32F1xx_HAL_Driver/Src/stm32f1xx_hal_adc.o
                0x0000000008002fa4                HAL_ADC_PollForConversion
 .text.HAL_ADC_GetValue
                0x00000000080031b0       0x18 ./Drivers/STM32F1xx_HAL_Driver/Src/stm32f1xx_hal_adc.o
                0x00000000080031b0                HAL_ADC_GetValue
 .text.HAL_ADC_IRQHandler
                0x00000000080031c8      0x186 ./Drivers/STM32F1xx_HAL_Driver/Src/stm32f1xx_hal_adc.o
                0x00000000080031c8                HAL_ADC_IRQHandler
 .text.HAL_ADC_ConvCpltCallback
                0x000000000800334e       0x12 ./Drivers/STM32F1xx_HAL_Driver/Src/stm32f1xx_hal_adc.o
                0x000000000800334e                HAL_ADC_ConvCpltCallback
 .text.HAL_ADC_LevelOutOfWindowCallback
                0x0000000008003360       0x12 ./Drivers/STM32F1xx_HAL_Driver/Src/stm32f1xx_hal_adc.o
                0x0000000008003360                HAL_ADC_LevelOutOfWindowCallback
 *fill*         0x0000000008003372        0x2 
 .text.HAL_ADC_ConfigChannel
                0x0000000008003374      0x1f0 ./Drivers/STM32F1xx_HAL_Driver/Src/stm32f1xx_hal_adc.o
                0x0000000008003374                HAL_ADC_ConfigChannel
 .text.ADC_Enable
                0x0000000008003564       0xb4 ./Drivers/STM32F1xx_HAL_Driver/Src/stm32f1xx_hal_adc.o
                0x0000000008003564                ADC_Enable
 .text.ADC_ConversionStop_Disable
                0x0000000008003618       0x82 ./Drivers/STM32F1xx_HAL_Driver/Src/stm32f1xx_hal_adc.o
                0x0000000008003618                ADC_ConversionStop_Disable
 *fill*         0x000000000800369a        0x2 
 .text.HAL_ADCEx_Calibration_Start
                0x000000000800369c      0x158 ./Drivers/STM32F1xx_HAL_Driver/Src/stm32f1xx_hal_adc_ex.o
                0x000000000800369c                HAL_ADCEx_Calibration_Start
 .text.HAL_ADCEx_InjectedConvCpltCallback
                0x00000000080037f4       0x12 ./Drivers/STM32F1xx_HAL_Driver/Src/stm32f1xx_hal_adc_ex.o
                0x00000000080037f4                HAL_ADCEx_InjectedConvCpltCallback
 *fill*         0x0000000008003806        0x2 
 .text.__NVIC_SetPriorityGrouping
                0x0000000008003808       0x48 ./Drivers/STM32F1xx_HAL_Driver/Src/stm32f1xx_hal_cortex.o
 .text.__NVIC_GetPriorityGrouping
                0x0000000008003850       0x1c ./Drivers/STM32F1xx_HAL_Driver/Src/stm32f1xx_hal_cortex.o
 .text.__NVIC_EnableIRQ
                0x000000000800386c       0x38 ./Drivers/STM32F1xx_HAL_Driver/Src/stm32f1xx_hal_cortex.o
 .text.__NVIC_SetPriority
                0x00000000080038a4       0x54 ./Drivers/STM32F1xx_HAL_Driver/Src/stm32f1xx_hal_cortex.o
 .text.NVIC_EncodePriority
                0x00000000080038f8       0x64 ./Drivers/STM32F1xx_HAL_Driver/Src/stm32f1xx_hal_cortex.o
 .text.SysTick_Config
                0x000000000800395c       0x44 ./Drivers/STM32F1xx_HAL_Driver/Src/stm32f1xx_hal_cortex.o
 .text.HAL_NVIC_SetPriorityGrouping
                0x00000000080039a0       0x16 ./Drivers/STM32F1xx_HAL_Driver/Src/stm32f1xx_hal_cortex.o
                0x00000000080039a0                HAL_NVIC_SetPriorityGrouping
 .text.HAL_NVIC_SetPriority
                0x00000000080039b6       0x38 ./Drivers/STM32F1xx_HAL_Driver/Src/stm32f1xx_hal_cortex.o
                0x00000000080039b6                HAL_NVIC_SetPriority
 .text.HAL_NVIC_EnableIRQ
                0x00000000080039ee       0x1c ./Drivers/STM32F1xx_HAL_Driver/Src/stm32f1xx_hal_cortex.o
                0x00000000080039ee                HAL_NVIC_EnableIRQ
 .text.HAL_SYSTICK_Config
                0x0000000008003a0a       0x18 ./Drivers/STM32F1xx_HAL_Driver/Src/stm32f1xx_hal_cortex.o
                0x0000000008003a0a                HAL_SYSTICK_Config
 .text.HAL_DMA_Abort
                0x0000000008003a22       0x74 ./Drivers/STM32F1xx_HAL_Driver/Src/stm32f1xx_hal_dma.o
                0x0000000008003a22                HAL_DMA_Abort
 *fill*         0x0000000008003a96        0x2 
 .text.HAL_DMA_Abort_IT
                0x0000000008003a98       0xec ./Drivers/STM32F1xx_HAL_Driver/Src/stm32f1xx_hal_dma.o
                0x0000000008003a98                HAL_DMA_Abort_IT
 .text.HAL_GPIO_Init
                0x0000000008003b84      0x308 ./Drivers/STM32F1xx_HAL_Driver/Src/stm32f1xx_hal_gpio.o
                0x0000000008003b84                HAL_GPIO_Init
 .text.HAL_GPIO_WritePin
                0x0000000008003e8c       0x30 ./Drivers/STM32F1xx_HAL_Driver/Src/stm32f1xx_hal_gpio.o
                0x0000000008003e8c                HAL_GPIO_WritePin
 .text.HAL_GPIO_TogglePin
                0x0000000008003ebc       0x32 ./Drivers/STM32F1xx_HAL_Driver/Src/stm32f1xx_hal_gpio.o
                0x0000000008003ebc                HAL_GPIO_TogglePin
 *fill*         0x0000000008003eee        0x2 
 .text.HAL_I2C_Init
                0x0000000008003ef0      0x288 ./Drivers/STM32F1xx_HAL_Driver/Src/stm32f1xx_hal_i2c.o
                0x0000000008003ef0                HAL_I2C_Init
 .text.HAL_I2C_MspInit
                0x0000000008004178       0x12 ./Drivers/STM32F1xx_HAL_Driver/Src/stm32f1xx_hal_i2c.o
                0x0000000008004178                HAL_I2C_MspInit
 *fill*         0x000000000800418a        0x2 
 .text.HAL_I2C_Mem_Read
                0x000000000800418c      0x4d0 ./Drivers/STM32F1xx_HAL_Driver/Src/stm32f1xx_hal_i2c.o
                0x000000000800418c                HAL_I2C_Mem_Read
 .text.I2C_RequestMemoryRead
                0x000000000800465c      0x1d0 ./Drivers/STM32F1xx_HAL_Driver/Src/stm32f1xx_hal_i2c.o
 .text.I2C_WaitOnFlagUntilTimeout
                0x000000000800482c       0xae ./Drivers/STM32F1xx_HAL_Driver/Src/stm32f1xx_hal_i2c.o
 .text.I2C_WaitOnMasterAddressFlagUntilTimeout
                0x00000000080048da       0xfe ./Drivers/STM32F1xx_HAL_Driver/Src/stm32f1xx_hal_i2c.o
 .text.I2C_WaitOnTXEFlagUntilTimeout
                0x00000000080049d8       0x82 ./Drivers/STM32F1xx_HAL_Driver/Src/stm32f1xx_hal_i2c.o
 .text.I2C_WaitOnRXNEFlagUntilTimeout
                0x0000000008004a5a       0xac ./Drivers/STM32F1xx_HAL_Driver/Src/stm32f1xx_hal_i2c.o
 .text.I2C_IsAcknowledgeFailed
                0x0000000008004b06       0x5c ./Drivers/STM32F1xx_HAL_Driver/Src/stm32f1xx_hal_i2c.o
 *fill*         0x0000000008004b62        0x2 
 .text.HAL_RCC_OscConfig
                0x0000000008004b64      0x504 ./Drivers/STM32F1xx_HAL_Driver/Src/stm32f1xx_hal_rcc.o
                0x0000000008004b64                HAL_RCC_OscConfig
 .text.HAL_RCC_ClockConfig
                0x0000000008005068      0x1d4 ./Drivers/STM32F1xx_HAL_Driver/Src/stm32f1xx_hal_rcc.o
                0x0000000008005068                HAL_RCC_ClockConfig
 .text.HAL_RCC_GetSysClockFreq
                0x000000000800523c       0xbc ./Drivers/STM32F1xx_HAL_Driver/Src/stm32f1xx_hal_rcc.o
                0x000000000800523c                HAL_RCC_GetSysClockFreq
 .text.HAL_RCC_GetHCLKFreq
                0x00000000080052f8       0x14 ./Drivers/STM32F1xx_HAL_Driver/Src/stm32f1xx_hal_rcc.o
                0x00000000080052f8                HAL_RCC_GetHCLKFreq
 .text.HAL_RCC_GetPCLK1Freq
                0x000000000800530c       0x28 ./Drivers/STM32F1xx_HAL_Driver/Src/stm32f1xx_hal_rcc.o
                0x000000000800530c                HAL_RCC_GetPCLK1Freq
 .text.HAL_RCC_GetPCLK2Freq
                0x0000000008005334       0x28 ./Drivers/STM32F1xx_HAL_Driver/Src/stm32f1xx_hal_rcc.o
                0x0000000008005334                HAL_RCC_GetPCLK2Freq
 .text.RCC_Delay
                0x000000000800535c       0x3c ./Drivers/STM32F1xx_HAL_Driver/Src/stm32f1xx_hal_rcc.o
 .text.HAL_RCCEx_PeriphCLKConfig
                0x0000000008005398      0x16c ./Drivers/STM32F1xx_HAL_Driver/Src/stm32f1xx_hal_rcc_ex.o
                0x0000000008005398                HAL_RCCEx_PeriphCLKConfig
 .text.HAL_RCCEx_GetPeriphCLKFreq
                0x0000000008005504      0x180 ./Drivers/STM32F1xx_HAL_Driver/Src/stm32f1xx_hal_rcc_ex.o
                0x0000000008005504                HAL_RCCEx_GetPeriphCLKFreq
 .text.HAL_UART_Init
                0x0000000008005684       0x9a ./Drivers/STM32F1xx_HAL_Driver/Src/stm32f1xx_hal_uart.o
                0x0000000008005684                HAL_UART_Init
 .text.HAL_UART_Transmit
                0x000000000800571e      0x124 ./Drivers/STM32F1xx_HAL_Driver/Src/stm32f1xx_hal_uart.o
                0x000000000800571e                HAL_UART_Transmit
 .text.HAL_UART_Receive_IT
                0x0000000008005842       0x60 ./Drivers/STM32F1xx_HAL_Driver/Src/stm32f1xx_hal_uart.o
                0x0000000008005842                HAL_UART_Receive_IT
 *fill*         0x00000000080058a2        0x2 
 .text.HAL_UART_IRQHandler
                0x00000000080058a4      0x354 ./Drivers/STM32F1xx_HAL_Driver/Src/stm32f1xx_hal_uart.o
                0x00000000080058a4                HAL_UART_IRQHandler
 .text.HAL_UART_TxCpltCallback
                0x0000000008005bf8       0x12 ./Drivers/STM32F1xx_HAL_Driver/Src/stm32f1xx_hal_uart.o
                0x0000000008005bf8                HAL_UART_TxCpltCallback
 .text.HAL_UART_ErrorCallback
                0x0000000008005c0a       0x12 ./Drivers/STM32F1xx_HAL_Driver/Src/stm32f1xx_hal_uart.o
                0x0000000008005c0a                HAL_UART_ErrorCallback
 .text.HAL_UARTEx_RxEventCallback
                0x0000000008005c1c       0x16 ./Drivers/STM32F1xx_HAL_Driver/Src/stm32f1xx_hal_uart.o
                0x0000000008005c1c                HAL_UARTEx_RxEventCallback
 .text.UART_WaitOnFlagUntilTimeout
                0x0000000008005c32       0x94 ./Drivers/STM32F1xx_HAL_Driver/Src/stm32f1xx_hal_uart.o
 .text.UART_Start_Receive_IT
                0x0000000008005cc6       0x72 ./Drivers/STM32F1xx_HAL_Driver/Src/stm32f1xx_hal_uart.o
                0x0000000008005cc6                UART_Start_Receive_IT
 .text.UART_EndRxTransfer
                0x0000000008005d38       0x58 ./Drivers/STM32F1xx_HAL_Driver/Src/stm32f1xx_hal_uart.o
 .text.UART_DMAAbortOnError
                0x0000000008005d90       0x28 ./Drivers/STM32F1xx_HAL_Driver/Src/stm32f1xx_hal_uart.o
 .text.UART_Transmit_IT
                0x0000000008005db8       0x9e ./Drivers/STM32F1xx_HAL_Driver/Src/stm32f1xx_hal_uart.o
 .text.UART_EndTransmit_IT
                0x0000000008005e56       0x30 ./Drivers/STM32F1xx_HAL_Driver/Src/stm32f1xx_hal_uart.o
 .text.UART_Receive_IT
                0x0000000008005e86      0x152 ./Drivers/STM32F1xx_HAL_Driver/Src/stm32f1xx_hal_uart.o
 .text.UART_SetConfig
                0x0000000008005fd8      0x11c ./Drivers/STM32F1xx_HAL_Driver/Src/stm32f1xx_hal_uart.o
 .text.__libc_init_array
                0x00000000080060f4       0x48 c:/st/stm32cubeide_1.10.1/stm32cubeide/plugins/com.st.stm32cube.ide.mcu.externaltools.gnu-tools-for-stm32.10.3-2021.10.win32_1.0.0.202111181127/tools/bin/../lib/gcc/arm-none-eabi/10.3.1/../../../../arm-none-eabi/lib/thumb/v7-m/nofp\libc_nano.a(lib_a-init.o)
                0x00000000080060f4                __libc_init_array
 .text.memset   0x000000000800613c       0x10 c:/st/stm32cubeide_1.10.1/stm32cubeide/plugins/com.st.stm32cube.ide.mcu.externaltools.gnu-tools-for-stm32.10.3-2021.10.win32_1.0.0.202111181127/tools/bin/../lib/gcc/arm-none-eabi/10.3.1/../../../../arm-none-eabi/lib/thumb/v7-m/nofp\libc_nano.a(lib_a-memset.o)
                0x000000000800613c                memset
 *(.glue_7)
 .glue_7        0x000000000800614c        0x0 linker stubs
 *(.glue_7t)
 .glue_7t       0x000000000800614c        0x0 linker stubs
 *(.eh_frame)
 .eh_frame      0x000000000800614c        0x0 c:/st/stm32cubeide_1.10.1/stm32cubeide/plugins/com.st.stm32cube.ide.mcu.externaltools.gnu-tools-for-stm32.10.3-2021.10.win32_1.0.0.202111181127/tools/bin/../lib/gcc/arm-none-eabi/10.3.1/thumb/v7-m/nofp/crtbegin.o
 *(.init)
 .init          0x000000000800614c        0x4 c:/st/stm32cubeide_1.10.1/stm32cubeide/plugins/com.st.stm32cube.ide.mcu.externaltools.gnu-tools-for-stm32.10.3-2021.10.win32_1.0.0.202111181127/tools/bin/../lib/gcc/arm-none-eabi/10.3.1/thumb/v7-m/nofp/crti.o
                0x000000000800614c                _init
 .init          0x0000000008006150        0x8 c:/st/stm32cubeide_1.10.1/stm32cubeide/plugins/com.st.stm32cube.ide.mcu.externaltools.gnu-tools-for-stm32.10.3-2021.10.win32_1.0.0.202111181127/tools/bin/../lib/gcc/arm-none-eabi/10.3.1/thumb/v7-m/nofp/crtn.o
 *(.fini)
 .fini          0x0000000008006158        0x4 c:/st/stm32cubeide_1.10.1/stm32cubeide/plugins/com.st.stm32cube.ide.mcu.externaltools.gnu-tools-for-stm32.10.3-2021.10.win32_1.0.0.202111181127/tools/bin/../lib/gcc/arm-none-eabi/10.3.1/thumb/v7-m/nofp/crti.o
                0x0000000008006158                _fini
 .fini          0x000000000800615c        0x8 c:/st/stm32cubeide_1.10.1/stm32cubeide/plugins/com.st.stm32cube.ide.mcu.externaltools.gnu-tools-for-stm32.10.3-2021.10.win32_1.0.0.202111181127/tools/bin/../lib/gcc/arm-none-eabi/10.3.1/thumb/v7-m/nofp/crtn.o
                0x0000000008006164                . = ALIGN (0x4)
                0x0000000008006164                _etext = .

.vfp11_veneer   0x0000000008006164        0x0
 .vfp11_veneer  0x0000000008006164        0x0 linker stubs

.v4_bx          0x0000000008006164        0x0
 .v4_bx         0x0000000008006164        0x0 linker stubs

.iplt           0x0000000008006164        0x0
 .iplt          0x0000000008006164        0x0 c:/st/stm32cubeide_1.10.1/stm32cubeide/plugins/com.st.stm32cube.ide.mcu.externaltools.gnu-tools-for-stm32.10.3-2021.10.win32_1.0.0.202111181127/tools/bin/../lib/gcc/arm-none-eabi/10.3.1/thumb/v7-m/nofp/crtbegin.o

.rodata         0x0000000008006164       0x38
                0x0000000008006164                . = ALIGN (0x4)
 *(.rodata)
 .rodata        0x0000000008006164       0x10 ./Drivers/STM32F1xx_HAL_Driver/Src/stm32f1xx_hal_rcc.o
 .rodata        0x0000000008006174       0x10 ./Drivers/STM32F1xx_HAL_Driver/Src/stm32f1xx_hal_rcc_ex.o
 *(.rodata*)
 .rodata.AHBPrescTable
                0x0000000008006184       0x10 ./Core/Src/system_stm32f1xx.o
                0x0000000008006184                AHBPrescTable
 .rodata.APBPrescTable
                0x0000000008006194        0x8 ./Core/Src/system_stm32f1xx.o
                0x0000000008006194                APBPrescTable
                0x000000000800619c                . = ALIGN (0x4)

.rel.dyn        0x000000000800619c        0x0
 .rel.iplt      0x000000000800619c        0x0 c:/st/stm32cubeide_1.10.1/stm32cubeide/plugins/com.st.stm32cube.ide.mcu.externaltools.gnu-tools-for-stm32.10.3-2021.10.win32_1.0.0.202111181127/tools/bin/../lib/gcc/arm-none-eabi/10.3.1/thumb/v7-m/nofp/crtbegin.o

.ARM.extab      0x000000000800619c        0x0
                0x000000000800619c                . = ALIGN (0x4)
 *(.ARM.extab* .gnu.linkonce.armextab.*)
                0x000000000800619c                . = ALIGN (0x4)

.ARM            0x000000000800619c        0x0
                0x000000000800619c                . = ALIGN (0x4)
                0x000000000800619c                __exidx_start = .
 *(.ARM.exidx*)
                0x000000000800619c                __exidx_end = .
                0x000000000800619c                . = ALIGN (0x4)

.preinit_array  0x000000000800619c        0x0
                0x000000000800619c                . = ALIGN (0x4)
                0x000000000800619c                PROVIDE (__preinit_array_start = .)
 *(.preinit_array*)
                0x000000000800619c                PROVIDE (__preinit_array_end = .)
                0x000000000800619c                . = ALIGN (0x4)

.init_array     0x000000000800619c        0x4
                0x000000000800619c                . = ALIGN (0x4)
                0x000000000800619c                PROVIDE (__init_array_start = .)
 *(SORT_BY_NAME(.init_array.*))
 *(.init_array*)
 .init_array    0x000000000800619c        0x4 c:/st/stm32cubeide_1.10.1/stm32cubeide/plugins/com.st.stm32cube.ide.mcu.externaltools.gnu-tools-for-stm32.10.3-2021.10.win32_1.0.0.202111181127/tools/bin/../lib/gcc/arm-none-eabi/10.3.1/thumb/v7-m/nofp/crtbegin.o
                0x00000000080061a0                PROVIDE (__init_array_end = .)
                0x00000000080061a0                . = ALIGN (0x4)

.fini_array     0x00000000080061a0        0x4
                0x00000000080061a0                . = ALIGN (0x4)
                [!provide]                        PROVIDE (__fini_array_start = .)
 *(SORT_BY_NAME(.fini_array.*))
 *(.fini_array*)
 .fini_array    0x00000000080061a0        0x4 c:/st/stm32cubeide_1.10.1/stm32cubeide/plugins/com.st.stm32cube.ide.mcu.externaltools.gnu-tools-for-stm32.10.3-2021.10.win32_1.0.0.202111181127/tools/bin/../lib/gcc/arm-none-eabi/10.3.1/thumb/v7-m/nofp/crtbegin.o
                [!provide]                        PROVIDE (__fini_array_end = .)
                0x00000000080061a4                . = ALIGN (0x4)
                0x00000000080061a4                _sidata = LOADADDR (.data)

.data           0x0000000020000000       0x24 load address 0x00000000080061a4
                0x0000000020000000                . = ALIGN (0x4)
                0x0000000020000000                _sdata = .
 *(.data)
 *(.data*)
 .data.expected_pulse_pairs
                0x0000000020000000        0x1 ./Core/Src/main.o
                0x0000000020000000                expected_pulse_pairs
 *fill*         0x0000000020000001        0x3 
 .data.current_vdda
                0x0000000020000004        0x4 ./Core/Src/main.o
 .data.current_24v
                0x0000000020000008        0x4 ./Core/Src/main.o
 .data.current_12v
                0x000000002000000c        0x4 ./Core/Src/main.o
 .data.current_5v
                0x0000000020000010        0x4 ./Core/Src/main.o
 .data.current_poll_period_ms
                0x0000000020000014        0x4 ./Core/Src/main.o
 .data.SystemCoreClock
                0x0000000020000018        0x4 ./Core/Src/system_stm32f1xx.o
                0x0000000020000018                SystemCoreClock
 .data.uwTickPrio
                0x000000002000001c        0x4 ./Drivers/STM32F1xx_HAL_Driver/Src/stm32f1xx_hal.o
                0x000000002000001c                uwTickPrio
 .data.uwTickFreq
                0x0000000020000020        0x1 ./Drivers/STM32F1xx_HAL_Driver/Src/stm32f1xx_hal.o
                0x0000000020000020                uwTickFreq
 *(.RamFunc)
 *(.RamFunc*)
                0x0000000020000024                . = ALIGN (0x4)
 *fill*         0x0000000020000021        0x3 
                0x0000000020000024                _edata = .

.igot.plt       0x0000000020000024        0x0 load address 0x00000000080061c8
 .igot.plt      0x0000000020000024        0x0 c:/st/stm32cubeide_1.10.1/stm32cubeide/plugins/com.st.stm32cube.ide.mcu.externaltools.gnu-tools-for-stm32.10.3-2021.10.win32_1.0.0.202111181127/tools/bin/../lib/gcc/arm-none-eabi/10.3.1/thumb/v7-m/nofp/crtbegin.o
                0x0000000020000024                . = ALIGN (0x4)

.bss            0x0000000020000024      0x33c load address 0x00000000080061c8
                0x0000000020000024                _sbss = .
                0x0000000020000024                __bss_start__ = _sbss
 *(.bss)
 .bss           0x0000000020000024       0x1c c:/st/stm32cubeide_1.10.1/stm32cubeide/plugins/com.st.stm32cube.ide.mcu.externaltools.gnu-tools-for-stm32.10.3-2021.10.win32_1.0.0.202111181127/tools/bin/../lib/gcc/arm-none-eabi/10.3.1/thumb/v7-m/nofp/crtbegin.o
 *(.bss*)
 .bss.hi2c2     0x0000000020000040       0x54 ./Core/Src/i2c_config.o
                0x0000000020000040                hi2c2
 .bss.huart1    0x0000000020000094       0x44 ./Core/Src/main.o
                0x0000000020000094                huart1
 .bss.huart2    0x00000000200000d8       0x44 ./Core/Src/main.o
                0x00000000200000d8                huart2
 .bss.hadc1     0x000000002000011c       0x30 ./Core/Src/main.o
                0x000000002000011c                hadc1
 .bss.hadc2     0x000000002000014c       0x30 ./Core/Src/main.o
                0x000000002000014c                hadc2
 .bss.tof_capture_value
                0x000000002000017c        0x4 ./Core/Src/main.o
                0x000000002000017c                tof_capture_value
 .bss.tof_measurement_done
                0x0000000020000180        0x1 ./Core/Src/main.o
                0x0000000020000180                tof_measurement_done
 .bss.tof_timeout
                0x0000000020000181        0x1 ./Core/Src/main.o
                0x0000000020000181                tof_timeout
 .bss.signal_captured
                0x0000000020000182        0x1 ./Core/Src/main.o
                0x0000000020000182                signal_captured
 *fill*         0x0000000020000183        0x1 
 .bss.captured_pulses
                0x0000000020000184       0x10 ./Core/Src/main.o
                0x0000000020000184                captured_pulses
 .bss.capture_count
                0x0000000020000194        0x1 ./Core/Src/main.o
                0x0000000020000194                capture_count
 *fill*         0x0000000020000195        0x3 
 .bss.last_capture_cnt
                0x0000000020000198        0x4 ./Core/Src/main.o
                0x0000000020000198                last_capture_cnt
 .bss.dead_time_active
                0x000000002000019c        0x1 ./Core/Src/main.o
                0x000000002000019c                dead_time_active
 .bss.modbus_tx_active
                0x000000002000019d        0x1 ./Core/Src/main.o
                0x000000002000019d                modbus_tx_active
 *fill*         0x000000002000019e        0x2 
 .bss.measurement_history
                0x00000000200001a0       0x2c ./Core/Src/main.o
 .bss.stat_index
                0x00000000200001cc        0x1 ./Core/Src/main.o
 .bss.stat_count
                0x00000000200001cd        0x1 ./Core/Src/main.o
 .bss.stat_ready
                0x00000000200001ce        0x1 ./Core/Src/main.o
 *fill*         0x00000000200001cf        0x1 
 .bss.current_temperature
                0x00000000200001d0        0x4 ./Core/Src/main.o
 .bss.lm75b_initialized
                0x00000000200001d4        0x1 ./Core/Src/main.o
 .bss.v24_error
                0x00000000200001d5        0x1 ./Core/Src/main.o
 .bss.v12_error
                0x00000000200001d6        0x1 ./Core/Src/main.o
 .bss.v5_error  0x00000000200001d7        0x1 ./Core/Src/main.o
 .bss.vdda_error
                0x00000000200001d8        0x1 ./Core/Src/main.o
 .bss.temp_error
                0x00000000200001d9        0x1 ./Core/Src/main.o
 .bss.tof_error
                0x00000000200001da        0x1 ./Core/Src/main.o
 *fill*         0x00000000200001db        0x1 
 .bss.modbus_instance
                0x00000000200001dc      0x178 ./Core/Src/modbus.o
 .bss.last_process_time.1
                0x0000000020000354        0x4 ./Core/Src/modbus.o
 .bss.counter.0
                0x0000000020000358        0x2 ./Core/Src/modbus.o
 *fill*         0x000000002000035a        0x2 
 .bss.uwTick    0x000000002000035c        0x4 ./Drivers/STM32F1xx_HAL_Driver/Src/stm32f1xx_hal.o
                0x000000002000035c                uwTick
 *(COMMON)
                0x0000000020000360                . = ALIGN (0x4)
                0x0000000020000360                _ebss = .
                0x0000000020000360                __bss_end__ = _ebss

._user_heap_stack
                0x0000000020000360      0x600 load address 0x00000000080061c8
                0x0000000020000360                . = ALIGN (0x8)
                [!provide]                        PROVIDE (end = .)
                0x0000000020000360                PROVIDE (_end = .)
                0x0000000020000560                . = (. + _Min_Heap_Size)
 *fill*         0x0000000020000360      0x200 
                0x0000000020000960                . = (. + _Min_Stack_Size)
 *fill*         0x0000000020000560      0x400 
                0x0000000020000960                . = ALIGN (0x8)

/DISCARD/
 libc.a(*)
 libm.a(*)
 libgcc.a(*)

.ARM.attributes
                0x0000000000000000       0x29
 *(.ARM.attributes)
 .ARM.attributes
                0x0000000000000000       0x1d c:/st/stm32cubeide_1.10.1/stm32cubeide/plugins/com.st.stm32cube.ide.mcu.externaltools.gnu-tools-for-stm32.10.3-2021.10.win32_1.0.0.202111181127/tools/bin/../lib/gcc/arm-none-eabi/10.3.1/thumb/v7-m/nofp/crti.o
 .ARM.attributes
                0x000000000000001d       0x2d c:/st/stm32cubeide_1.10.1/stm32cubeide/plugins/com.st.stm32cube.ide.mcu.externaltools.gnu-tools-for-stm32.10.3-2021.10.win32_1.0.0.202111181127/tools/bin/../lib/gcc/arm-none-eabi/10.3.1/thumb/v7-m/nofp/crtbegin.o
 .ARM.attributes
                0x000000000000004a       0x2d ./Core/Src/i2c_config.o
 .ARM.attributes
                0x0000000000000077       0x2d ./Core/Src/lm75b.o
 .ARM.attributes
                0x00000000000000a4       0x2d ./Core/Src/main.o
 .ARM.attributes
                0x00000000000000d1       0x2d ./Core/Src/modbus.o
 .ARM.attributes
                0x00000000000000fe       0x2d ./Core/Src/stm32f1xx_hal_msp.o
 .ARM.attributes
                0x000000000000012b       0x2d ./Core/Src/stm32f1xx_it.o
 .ARM.attributes
                0x0000000000000158       0x2d ./Core/Src/system_stm32f1xx.o
 .ARM.attributes
                0x0000000000000185       0x21 ./Core/Startup/startup_stm32f103c8tx.o
 .ARM.attributes
                0x00000000000001a6       0x2d ./Drivers/STM32F1xx_HAL_Driver/Src/stm32f1xx_hal.o
 .ARM.attributes
                0x00000000000001d3       0x2d ./Drivers/STM32F1xx_HAL_Driver/Src/stm32f1xx_hal_adc.o
 .ARM.attributes
                0x0000000000000200       0x2d ./Drivers/STM32F1xx_HAL_Driver/Src/stm32f1xx_hal_adc_ex.o
 .ARM.attributes
                0x000000000000022d       0x2d ./Drivers/STM32F1xx_HAL_Driver/Src/stm32f1xx_hal_cortex.o
 .ARM.attributes
                0x000000000000025a       0x2d ./Drivers/STM32F1xx_HAL_Driver/Src/stm32f1xx_hal_dma.o
 .ARM.attributes
                0x0000000000000287       0x2d ./Drivers/STM32F1xx_HAL_Driver/Src/stm32f1xx_hal_gpio.o
 .ARM.attributes
                0x00000000000002b4       0x2d ./Drivers/STM32F1xx_HAL_Driver/Src/stm32f1xx_hal_i2c.o
 .ARM.attributes
                0x00000000000002e1       0x2d ./Drivers/STM32F1xx_HAL_Driver/Src/stm32f1xx_hal_rcc.o
 .ARM.attributes
                0x000000000000030e       0x2d ./Drivers/STM32F1xx_HAL_Driver/Src/stm32f1xx_hal_rcc_ex.o
 .ARM.attributes
                0x000000000000033b       0x2d ./Drivers/STM32F1xx_HAL_Driver/Src/stm32f1xx_hal_uart.o
 .ARM.attributes
                0x0000000000000368       0x2d c:/st/stm32cubeide_1.10.1/stm32cubeide/plugins/com.st.stm32cube.ide.mcu.externaltools.gnu-tools-for-stm32.10.3-2021.10.win32_1.0.0.202111181127/tools/bin/../lib/gcc/arm-none-eabi/10.3.1/../../../../arm-none-eabi/lib/thumb/v7-m/nofp\libc_nano.a(lib_a-init.o)
 .ARM.attributes
                0x0000000000000395       0x2d c:/st/stm32cubeide_1.10.1/stm32cubeide/plugins/com.st.stm32cube.ide.mcu.externaltools.gnu-tools-for-stm32.10.3-2021.10.win32_1.0.0.202111181127/tools/bin/../lib/gcc/arm-none-eabi/10.3.1/../../../../arm-none-eabi/lib/thumb/v7-m/nofp\libc_nano.a(lib_a-memset.o)
 .ARM.attributes
                0x00000000000003c2       0x1d c:/st/stm32cubeide_1.10.1/stm32cubeide/plugins/com.st.stm32cube.ide.mcu.externaltools.gnu-tools-for-stm32.10.3-2021.10.win32_1.0.0.202111181127/tools/bin/../lib/gcc/arm-none-eabi/10.3.1/thumb/v7-m/nofp\libgcc.a(_arm_addsubsf3.o)
 .ARM.attributes
                0x00000000000003df       0x1d c:/st/stm32cubeide_1.10.1/stm32cubeide/plugins/com.st.stm32cube.ide.mcu.externaltools.gnu-tools-for-stm32.10.3-2021.10.win32_1.0.0.202111181127/tools/bin/../lib/gcc/arm-none-eabi/10.3.1/thumb/v7-m/nofp\libgcc.a(_arm_muldivsf3.o)
 .ARM.attributes
                0x00000000000003fc       0x1d c:/st/stm32cubeide_1.10.1/stm32cubeide/plugins/com.st.stm32cube.ide.mcu.externaltools.gnu-tools-for-stm32.10.3-2021.10.win32_1.0.0.202111181127/tools/bin/../lib/gcc/arm-none-eabi/10.3.1/thumb/v7-m/nofp\libgcc.a(_arm_cmpsf2.o)
 .ARM.attributes
                0x0000000000000419       0x1d c:/st/stm32cubeide_1.10.1/stm32cubeide/plugins/com.st.stm32cube.ide.mcu.externaltools.gnu-tools-for-stm32.10.3-2021.10.win32_1.0.0.202111181127/tools/bin/../lib/gcc/arm-none-eabi/10.3.1/thumb/v7-m/nofp\libgcc.a(_arm_fixunssfsi.o)
 .ARM.attributes
                0x0000000000000436       0x1d c:/st/stm32cubeide_1.10.1/stm32cubeide/plugins/com.st.stm32cube.ide.mcu.externaltools.gnu-tools-for-stm32.10.3-2021.10.win32_1.0.0.202111181127/tools/bin/../lib/gcc/arm-none-eabi/10.3.1/thumb/v7-m/nofp/crtn.o
OUTPUT(MagStrain.elf elf32-littlearm)
LOAD linker stubs
LOAD c:/st/stm32cubeide_1.10.1/stm32cubeide/plugins/com.st.stm32cube.ide.mcu.externaltools.gnu-tools-for-stm32.10.3-2021.10.win32_1.0.0.202111181127/tools/bin/../lib/gcc/arm-none-eabi/10.3.1/../../../../arm-none-eabi/lib/thumb/v7-m/nofp\libc.a
LOAD c:/st/stm32cubeide_1.10.1/stm32cubeide/plugins/com.st.stm32cube.ide.mcu.externaltools.gnu-tools-for-stm32.10.3-2021.10.win32_1.0.0.202111181127/tools/bin/../lib/gcc/arm-none-eabi/10.3.1/../../../../arm-none-eabi/lib/thumb/v7-m/nofp\libm.a
LOAD c:/st/stm32cubeide_1.10.1/stm32cubeide/plugins/com.st.stm32cube.ide.mcu.externaltools.gnu-tools-for-stm32.10.3-2021.10.win32_1.0.0.202111181127/tools/bin/../lib/gcc/arm-none-eabi/10.3.1/thumb/v7-m/nofp\libgcc.a

.debug_info     0x0000000000000000     0xd98a
 .debug_info    0x0000000000000000      0x9fb ./Core/Src/i2c_config.o
 .debug_info    0x00000000000009fb      0x7f9 ./Core/Src/lm75b.o
 .debug_info    0x00000000000011f4     0x1b7f ./Core/Src/main.o
 .debug_info    0x0000000000002d73      0xfb9 ./Core/Src/modbus.o
 .debug_info    0x0000000000003d2c      0xf49 ./Core/Src/stm32f1xx_hal_msp.o
 .debug_info    0x0000000000004c75      0xa86 ./Core/Src/stm32f1xx_it.o
 .debug_info    0x00000000000056fb      0x239 ./Core/Src/system_stm32f1xx.o
 .debug_info    0x0000000000005934       0x22 ./Core/Startup/startup_stm32f103c8tx.o
 .debug_info    0x0000000000005956      0x730 ./Drivers/STM32F1xx_HAL_Driver/Src/stm32f1xx_hal.o
 .debug_info    0x0000000000006086      0xcd5 ./Drivers/STM32F1xx_HAL_Driver/Src/stm32f1xx_hal_adc.o
 .debug_info    0x0000000000006d5b      0xa8b ./Drivers/STM32F1xx_HAL_Driver/Src/stm32f1xx_hal_adc_ex.o
 .debug_info    0x00000000000077e6      0xb1c ./Drivers/STM32F1xx_HAL_Driver/Src/stm32f1xx_hal_cortex.o
 .debug_info    0x0000000000008302      0x73b ./Drivers/STM32F1xx_HAL_Driver/Src/stm32f1xx_hal_dma.o
 .debug_info    0x0000000000008a3d      0x611 ./Drivers/STM32F1xx_HAL_Driver/Src/stm32f1xx_hal_gpio.o
 .debug_info    0x000000000000904e     0x2730 ./Drivers/STM32F1xx_HAL_Driver/Src/stm32f1xx_hal_i2c.o
 .debug_info    0x000000000000b77e      0x85c ./Drivers/STM32F1xx_HAL_Driver/Src/stm32f1xx_hal_rcc.o
 .debug_info    0x000000000000bfda      0x3dc ./Drivers/STM32F1xx_HAL_Driver/Src/stm32f1xx_hal_rcc_ex.o
 .debug_info    0x000000000000c3b6     0x15d4 ./Drivers/STM32F1xx_HAL_Driver/Src/stm32f1xx_hal_uart.o

.debug_abbrev   0x0000000000000000     0x24e1
 .debug_abbrev  0x0000000000000000      0x1d8 ./Core/Src/i2c_config.o
 .debug_abbrev  0x00000000000001d8      0x18e ./Core/Src/lm75b.o
 .debug_abbrev  0x0000000000000366      0x39a ./Core/Src/main.o
 .debug_abbrev  0x0000000000000700      0x324 ./Core/Src/modbus.o
 .debug_abbrev  0x0000000000000a24      0x1d1 ./Core/Src/stm32f1xx_hal_msp.o
 .debug_abbrev  0x0000000000000bf5      0x1b1 ./Core/Src/stm32f1xx_it.o
 .debug_abbrev  0x0000000000000da6      0x138 ./Core/Src/system_stm32f1xx.o
 .debug_abbrev  0x0000000000000ede       0x12 ./Core/Startup/startup_stm32f103c8tx.o
 .debug_abbrev  0x0000000000000ef0      0x1f8 ./Drivers/STM32F1xx_HAL_Driver/Src/stm32f1xx_hal.o
 .debug_abbrev  0x00000000000010e8      0x20d ./Drivers/STM32F1xx_HAL_Driver/Src/stm32f1xx_hal_adc.o
 .debug_abbrev  0x00000000000012f5      0x231 ./Drivers/STM32F1xx_HAL_Driver/Src/stm32f1xx_hal_adc_ex.o
 .debug_abbrev  0x0000000000001526      0x2ea ./Drivers/STM32F1xx_HAL_Driver/Src/stm32f1xx_hal_cortex.o
 .debug_abbrev  0x0000000000001810      0x1fb ./Drivers/STM32F1xx_HAL_Driver/Src/stm32f1xx_hal_dma.o
 .debug_abbrev  0x0000000000001a0b      0x1b8 ./Drivers/STM32F1xx_HAL_Driver/Src/stm32f1xx_hal_gpio.o
 .debug_abbrev  0x0000000000001bc3      0x285 ./Drivers/STM32F1xx_HAL_Driver/Src/stm32f1xx_hal_i2c.o
 .debug_abbrev  0x0000000000001e48      0x2a5 ./Drivers/STM32F1xx_HAL_Driver/Src/stm32f1xx_hal_rcc.o
 .debug_abbrev  0x00000000000020ed      0x17f ./Drivers/STM32F1xx_HAL_Driver/Src/stm32f1xx_hal_rcc_ex.o
 .debug_abbrev  0x000000000000226c      0x275 ./Drivers/STM32F1xx_HAL_Driver/Src/stm32f1xx_hal_uart.o

.debug_aranges  0x0000000000000000      0xcb0
 .debug_aranges
                0x0000000000000000       0x48 ./Core/Src/i2c_config.o
 .debug_aranges
                0x0000000000000048       0x40 ./Core/Src/lm75b.o
 .debug_aranges
                0x0000000000000088       0xc8 ./Core/Src/main.o
 .debug_aranges
                0x0000000000000150       0xb8 ./Core/Src/modbus.o
 .debug_aranges
                0x0000000000000208       0x50 ./Core/Src/stm32f1xx_hal_msp.o
 .debug_aranges
                0x0000000000000258       0x80 ./Core/Src/stm32f1xx_it.o
 .debug_aranges
                0x00000000000002d8       0x28 ./Core/Src/system_stm32f1xx.o
 .debug_aranges
                0x0000000000000300       0x28 ./Core/Startup/startup_stm32f103c8tx.o
 .debug_aranges
                0x0000000000000328       0xe0 ./Drivers/STM32F1xx_HAL_Driver/Src/stm32f1xx_hal.o
 .debug_aranges
                0x0000000000000408       0xf0 ./Drivers/STM32F1xx_HAL_Driver/Src/stm32f1xx_hal_adc.o
 .debug_aranges
                0x00000000000004f8       0x80 ./Drivers/STM32F1xx_HAL_Driver/Src/stm32f1xx_hal_adc_ex.o
 .debug_aranges
                0x0000000000000578      0x100 ./Drivers/STM32F1xx_HAL_Driver/Src/stm32f1xx_hal_cortex.o
 .debug_aranges
                0x0000000000000678       0x80 ./Drivers/STM32F1xx_HAL_Driver/Src/stm32f1xx_hal_dma.o
 .debug_aranges
                0x00000000000006f8       0x58 ./Drivers/STM32F1xx_HAL_Driver/Src/stm32f1xx_hal_gpio.o
 .debug_aranges
                0x0000000000000750      0x2a0 ./Drivers/STM32F1xx_HAL_Driver/Src/stm32f1xx_hal_i2c.o
 .debug_aranges
                0x00000000000009f0       0x90 ./Drivers/STM32F1xx_HAL_Driver/Src/stm32f1xx_hal_rcc.o
 .debug_aranges
                0x0000000000000a80       0x30 ./Drivers/STM32F1xx_HAL_Driver/Src/stm32f1xx_hal_rcc_ex.o
 .debug_aranges
                0x0000000000000ab0      0x200 ./Drivers/STM32F1xx_HAL_Driver/Src/stm32f1xx_hal_uart.o

.debug_ranges   0x0000000000000000      0xc20
 .debug_ranges  0x0000000000000000       0x38 ./Core/Src/i2c_config.o
 .debug_ranges  0x0000000000000038       0x30 ./Core/Src/lm75b.o
 .debug_ranges  0x0000000000000068       0xd0 ./Core/Src/main.o
 .debug_ranges  0x0000000000000138       0xc0 ./Core/Src/modbus.o
 .debug_ranges  0x00000000000001f8       0x40 ./Core/Src/stm32f1xx_hal_msp.o
 .debug_ranges  0x0000000000000238       0x70 ./Core/Src/stm32f1xx_it.o
 .debug_ranges  0x00000000000002a8       0x18 ./Core/Src/system_stm32f1xx.o
 .debug_ranges  0x00000000000002c0       0x20 ./Core/Startup/startup_stm32f103c8tx.o
 .debug_ranges  0x00000000000002e0       0xd0 ./Drivers/STM32F1xx_HAL_Driver/Src/stm32f1xx_hal.o
 .debug_ranges  0x00000000000003b0       0xe0 ./Drivers/STM32F1xx_HAL_Driver/Src/stm32f1xx_hal_adc.o
 .debug_ranges  0x0000000000000490       0x70 ./Drivers/STM32F1xx_HAL_Driver/Src/stm32f1xx_hal_adc_ex.o
 .debug_ranges  0x0000000000000500       0xf0 ./Drivers/STM32F1xx_HAL_Driver/Src/stm32f1xx_hal_cortex.o
 .debug_ranges  0x00000000000005f0       0x70 ./Drivers/STM32F1xx_HAL_Driver/Src/stm32f1xx_hal_dma.o
 .debug_ranges  0x0000000000000660       0x48 ./Drivers/STM32F1xx_HAL_Driver/Src/stm32f1xx_hal_gpio.o
 .debug_ranges  0x00000000000006a8      0x2b8 ./Drivers/STM32F1xx_HAL_Driver/Src/stm32f1xx_hal_i2c.o
 .debug_ranges  0x0000000000000960       0x80 ./Drivers/STM32F1xx_HAL_Driver/Src/stm32f1xx_hal_rcc.o
 .debug_ranges  0x00000000000009e0       0x20 ./Drivers/STM32F1xx_HAL_Driver/Src/stm32f1xx_hal_rcc_ex.o
 .debug_ranges  0x0000000000000a00      0x220 ./Drivers/STM32F1xx_HAL_Driver/Src/stm32f1xx_hal_uart.o

.debug_line     0x0000000000000000     0xb7c2
 .debug_line    0x0000000000000000      0x37d ./Core/Src/i2c_config.o
 .debug_line    0x000000000000037d      0x34b ./Core/Src/lm75b.o
 .debug_line    0x00000000000006c8      0xce0 ./Core/Src/main.o
 .debug_line    0x00000000000013a8      0xbea ./Core/Src/modbus.o
 .debug_line    0x0000000000001f92      0x41f ./Core/Src/stm32f1xx_hal_msp.o
 .debug_line    0x00000000000023b1      0x44c ./Core/Src/stm32f1xx_it.o
 .debug_line    0x00000000000027fd      0x2c9 ./Core/Src/system_stm32f1xx.o
 .debug_line    0x0000000000002ac6       0x87 ./Core/Startup/startup_stm32f103c8tx.o
 .debug_line    0x0000000000002b4d      0x576 ./Drivers/STM32F1xx_HAL_Driver/Src/stm32f1xx_hal.o
 .debug_line    0x00000000000030c3      0xc1d ./Drivers/STM32F1xx_HAL_Driver/Src/stm32f1xx_hal_adc.o
 .debug_line    0x0000000000003ce0      0x96b ./Drivers/STM32F1xx_HAL_Driver/Src/stm32f1xx_hal_adc_ex.o
 .debug_line    0x000000000000464b      0x6ef ./Drivers/STM32F1xx_HAL_Driver/Src/stm32f1xx_hal_cortex.o
 .debug_line    0x0000000000004d3a      0x99d ./Drivers/STM32F1xx_HAL_Driver/Src/stm32f1xx_hal_dma.o
 .debug_line    0x00000000000056d7      0x5bb ./Drivers/STM32F1xx_HAL_Driver/Src/stm32f1xx_hal_gpio.o
 .debug_line    0x0000000000005c92     0x369b ./Drivers/STM32F1xx_HAL_Driver/Src/stm32f1xx_hal_i2c.o
 .debug_line    0x000000000000932d      0x99b ./Drivers/STM32F1xx_HAL_Driver/Src/stm32f1xx_hal_rcc.o
 .debug_line    0x0000000000009cc8      0x4ab ./Drivers/STM32F1xx_HAL_Driver/Src/stm32f1xx_hal_rcc_ex.o
 .debug_line    0x000000000000a173     0x164f ./Drivers/STM32F1xx_HAL_Driver/Src/stm32f1xx_hal_uart.o

.debug_str      0x0000000000000000     0x3d6d
 .debug_str     0x0000000000000000      0x6ff ./Core/Src/i2c_config.o
                                        0x7b3 (size before relaxing)
 .debug_str     0x00000000000006ff       0x99 ./Core/Src/lm75b.o
                                        0x709 (size before relaxing)
 .debug_str     0x0000000000000798      0xeaf ./Core/Src/main.o
                                       0x13c2 (size before relaxing)
 .debug_str     0x0000000000001647      0x2de ./Core/Src/modbus.o
                                        0xa0a (size before relaxing)
 .debug_str     0x0000000000001925      0x350 ./Core/Src/stm32f1xx_hal_msp.o
                                        0xad3 (size before relaxing)
 .debug_str     0x0000000000001c75      0x144 ./Core/Src/stm32f1xx_it.o
                                        0x885 (size before relaxing)
 .debug_str     0x0000000000001db9       0x7e ./Core/Src/system_stm32f1xx.o
                                        0x23c (size before relaxing)
 .debug_str     0x0000000000001e37       0x36 ./Core/Startup/startup_stm32f103c8tx.o
                                         0x5b (size before relaxing)
 .debug_str     0x0000000000001e6d      0x2e1 ./Drivers/STM32F1xx_HAL_Driver/Src/stm32f1xx_hal.o
                                        0x816 (size before relaxing)
 .debug_str     0x000000000000214e      0x2da ./Drivers/STM32F1xx_HAL_Driver/Src/stm32f1xx_hal_adc.o
                                        0x8bb (size before relaxing)
 .debug_str     0x0000000000002428      0x275 ./Drivers/STM32F1xx_HAL_Driver/Src/stm32f1xx_hal_adc_ex.o
                                        0x88d (size before relaxing)
 .debug_str     0x000000000000269d      0x392 ./Drivers/STM32F1xx_HAL_Driver/Src/stm32f1xx_hal_cortex.o
                                        0x8bb (size before relaxing)
 .debug_str     0x0000000000002a2f      0x21b ./Drivers/STM32F1xx_HAL_Driver/Src/stm32f1xx_hal_dma.o
                                        0x5e5 (size before relaxing)
 .debug_str     0x0000000000002c4a       0xf4 ./Drivers/STM32F1xx_HAL_Driver/Src/stm32f1xx_hal_gpio.o
                                        0x3e8 (size before relaxing)
 .debug_str     0x0000000000002d3e      0x862 ./Drivers/STM32F1xx_HAL_Driver/Src/stm32f1xx_hal_i2c.o
                                        0xfa0 (size before relaxing)
 .debug_str     0x00000000000035a0      0x1c5 ./Drivers/STM32F1xx_HAL_Driver/Src/stm32f1xx_hal_rcc.o
                                        0x613 (size before relaxing)
 .debug_str     0x0000000000003765       0x84 ./Drivers/STM32F1xx_HAL_Driver/Src/stm32f1xx_hal_rcc_ex.o
                                        0x3bb (size before relaxing)
 .debug_str     0x00000000000037e9      0x584 ./Drivers/STM32F1xx_HAL_Driver/Src/stm32f1xx_hal_uart.o
                                        0xc76 (size before relaxing)

.comment        0x0000000000000000       0x50
 .comment       0x0000000000000000       0x50 ./Core/Src/i2c_config.o
                                         0x51 (size before relaxing)
 .comment       0x0000000000000050       0x51 ./Core/Src/lm75b.o
 .comment       0x0000000000000050       0x51 ./Core/Src/main.o
 .comment       0x0000000000000050       0x51 ./Core/Src/modbus.o
 .comment       0x0000000000000050       0x51 ./Core/Src/stm32f1xx_hal_msp.o
 .comment       0x0000000000000050       0x51 ./Core/Src/stm32f1xx_it.o
 .comment       0x0000000000000050       0x51 ./Core/Src/system_stm32f1xx.o
 .comment       0x0000000000000050       0x51 ./Drivers/STM32F1xx_HAL_Driver/Src/stm32f1xx_hal.o
 .comment       0x0000000000000050       0x51 ./Drivers/STM32F1xx_HAL_Driver/Src/stm32f1xx_hal_adc.o
 .comment       0x0000000000000050       0x51 ./Drivers/STM32F1xx_HAL_Driver/Src/stm32f1xx_hal_adc_ex.o
 .comment       0x0000000000000050       0x51 ./Drivers/STM32F1xx_HAL_Driver/Src/stm32f1xx_hal_cortex.o
 .comment       0x0000000000000050       0x51 ./Drivers/STM32F1xx_HAL_Driver/Src/stm32f1xx_hal_dma.o
 .comment       0x0000000000000050       0x51 ./Drivers/STM32F1xx_HAL_Driver/Src/stm32f1xx_hal_gpio.o
 .comment       0x0000000000000050       0x51 ./Drivers/STM32F1xx_HAL_Driver/Src/stm32f1xx_hal_i2c.o
 .comment       0x0000000000000050       0x51 ./Drivers/STM32F1xx_HAL_Driver/Src/stm32f1xx_hal_rcc.o
 .comment       0x0000000000000050       0x51 ./Drivers/STM32F1xx_HAL_Driver/Src/stm32f1xx_hal_rcc_ex.o
 .comment       0x0000000000000050       0x51 ./Drivers/STM32F1xx_HAL_Driver/Src/stm32f1xx_hal_uart.o

.debug_frame    0x0000000000000000     0x3528
 .debug_frame   0x0000000000000000       0xe8 ./Core/Src/i2c_config.o
 .debug_frame   0x00000000000000e8       0xc4 ./Core/Src/lm75b.o
 .debug_frame   0x00000000000001ac      0x318 ./Core/Src/main.o
 .debug_frame   0x00000000000004c4      0x2f4 ./Core/Src/modbus.o
 .debug_frame   0x00000000000007b8      0x110 ./Core/Src/stm32f1xx_hal_msp.o
 .debug_frame   0x00000000000008c8      0x180 ./Core/Src/stm32f1xx_it.o
 .debug_frame   0x0000000000000a48       0x58 ./Core/Src/system_stm32f1xx.o
 .debug_frame   0x0000000000000aa0      0x334 ./Drivers/STM32F1xx_HAL_Driver/Src/stm32f1xx_hal.o
 .debug_frame   0x0000000000000dd4      0x40c ./Drivers/STM32F1xx_HAL_Driver/Src/stm32f1xx_hal_adc.o
 .debug_frame   0x00000000000011e0      0x200 ./Drivers/STM32F1xx_HAL_Driver/Src/stm32f1xx_hal_adc_ex.o
 .debug_frame   0x00000000000013e0      0x428 ./Drivers/STM32F1xx_HAL_Driver/Src/stm32f1xx_hal_cortex.o
 .debug_frame   0x0000000000001808      0x208 ./Drivers/STM32F1xx_HAL_Driver/Src/stm32f1xx_hal_dma.o
 .debug_frame   0x0000000000001a10      0x14c ./Drivers/STM32F1xx_HAL_Driver/Src/stm32f1xx_hal_gpio.o
 .debug_frame   0x0000000000001b5c      0xc5c ./Drivers/STM32F1xx_HAL_Driver/Src/stm32f1xx_hal_i2c.o
 .debug_frame   0x00000000000027b8      0x21c ./Drivers/STM32F1xx_HAL_Driver/Src/stm32f1xx_hal_rcc.o
 .debug_frame   0x00000000000029d4       0x84 ./Drivers/STM32F1xx_HAL_Driver/Src/stm32f1xx_hal_rcc_ex.o
 .debug_frame   0x0000000000002a58      0x914 ./Drivers/STM32F1xx_HAL_Driver/Src/stm32f1xx_hal_uart.o
 .debug_frame   0x000000000000336c       0x2c c:/st/stm32cubeide_1.10.1/stm32cubeide/plugins/com.st.stm32cube.ide.mcu.externaltools.gnu-tools-for-stm32.10.3-2021.10.win32_1.0.0.202111181127/tools/bin/../lib/gcc/arm-none-eabi/10.3.1/../../../../arm-none-eabi/lib/thumb/v7-m/nofp\libc_nano.a(lib_a-init.o)
 .debug_frame   0x0000000000003398       0x20 c:/st/stm32cubeide_1.10.1/stm32cubeide/plugins/com.st.stm32cube.ide.mcu.externaltools.gnu-tools-for-stm32.10.3-2021.10.win32_1.0.0.202111181127/tools/bin/../lib/gcc/arm-none-eabi/10.3.1/../../../../arm-none-eabi/lib/thumb/v7-m/nofp\libc_nano.a(lib_a-memset.o)
 .debug_frame   0x00000000000033b8       0x4c c:/st/stm32cubeide_1.10.1/stm32cubeide/plugins/com.st.stm32cube.ide.mcu.externaltools.gnu-tools-for-stm32.10.3-2021.10.win32_1.0.0.202111181127/tools/bin/../lib/gcc/arm-none-eabi/10.3.1/thumb/v7-m/nofp\libgcc.a(_arm_addsubsf3.o)
 .debug_frame   0x0000000000003404       0x38 c:/st/stm32cubeide_1.10.1/stm32cubeide/plugins/com.st.stm32cube.ide.mcu.externaltools.gnu-tools-for-stm32.10.3-2021.10.win32_1.0.0.202111181127/tools/bin/../lib/gcc/arm-none-eabi/10.3.1/thumb/v7-m/nofp\libgcc.a(_arm_muldivsf3.o)
 .debug_frame   0x000000000000343c       0xc8 c:/st/stm32cubeide_1.10.1/stm32cubeide/plugins/com.st.stm32cube.ide.mcu.externaltools.gnu-tools-for-stm32.10.3-2021.10.win32_1.0.0.202111181127/tools/bin/../lib/gcc/arm-none-eabi/10.3.1/thumb/v7-m/nofp\libgcc.a(_arm_cmpsf2.o)
 .debug_frame   0x0000000000003504       0x24 c:/st/stm32cubeide_1.10.1/stm32cubeide/plugins/com.st.stm32cube.ide.mcu.externaltools.gnu-tools-for-stm32.10.3-2021.10.win32_1.0.0.202111181127/tools/bin/../lib/gcc/arm-none-eabi/10.3.1/thumb/v7-m/nofp\libgcc.a(_arm_fixunssfsi.o)
