../Core/Src/calc.c:31:6:GradTable_Init	24	static
../Core/Src/calc.c:58:6:GradTable_Clear	8	static
../Core/Src/calc.c:67:6:GradTable_SetPoint	16	static
../Core/Src/calc.c:86:7:GradTable_GetPoint	16	static
../Core/Src/calc.c:98:6:GradTable_IsValid	4	static
../Core/Src/calc.c:106:10:GradTable_GetPointsCount	4	static
../Core/Src/calc.c:114:6:GradTable_CalculateLinear	32	static
../Core/Src/calc.c:136:7:Calc_Volume_Vertical	40	static
../Core/Src/calc.c:160:7:Calc_Volume_HorizontalFlat	56	static
../Core/Src/calc.c:194:7:Calc_Volume_HorizontalEllipse	32	static
../Core/Src/calc.c:208:7:Calc_Volume_FromTable	40	static
../Core/Src/calc.c:239:7:Calc_Volume	24	static
../Core/Src/calc.c:269:7:Calc_Density_Arbitrary	32	static
../Core/Src/calc.c:284:7:Calc_Density_Petroleum	24	static
../Core/Src/calc.c:293:7:Calc_Density_LPG	56	static
../Core/Src/calc.c:320:7:Calc_Density	40	static
../Core/Src/calc.c:350:7:Calc_Mass	16	static
../Core/Src/calc.c:362:7:Calc_Volume_Standard	40	static
../Core/Src/calc.c:377:7:Calc_Density_Standard	40	static
../Core/Src/calc.c:396:6:Calc_Temperature_Init	8	static
../Core/Src/calc.c:405:6:Calc_Temperature_Update	24	static
../Core/Src/calc.c:423:7:Calc_Temperature_GetLiquid	24	static
../Core/Src/calc.c:445:7:Calc_Temperature_GetVapor	24	static
../Core/Src/calc.c:467:9:Calc_Temperature_GetCount	4	static
../Core/Src/calc.c:479:7:Calc_Damping	32	static
../Core/Src/calc.c:500:6:Calc_All	80	static
