../Core/Src/graduation.c:27:17:calculate_crc32	32	static
../Core/Src/graduation.c:48:14:calc_volume_vertical	24	static
../Core/Src/graduation.c:62:14:calc_volume_horiz_flat	56	static
../Core/Src/graduation.c:85:14:calc_volume_horiz_ellipt	64	static
../Core/Src/graduation.c:117:13:update_points_count_register	8	static
../Core/Src/graduation.c:126:6:Grad_Init	8	static
../Core/Src/graduation.c:154:6:Grad_IsValid	4	static
../Core/Src/graduation.c:159:19:Grad_LoadFromEEPROM	56	static
../Core/Src/graduation.c:211:19:Grad_SaveToEEPROM	16	static
../Core/Src/graduation.c:244:19:Grad_Clear	32	static
../Core/Src/graduation.c:260:19:Grad_WriteHeader	24	static
../Core/Src/graduation.c:276:19:Grad_ReadHeader	24	static
../Core/Src/graduation.c:283:19:Grad_WriteVolumes	24	static
../Core/Src/graduation.c:307:19:Grad_ReadVolumes	24	static
../Core/Src/graduation.c:328:7:Grad_InterpolateVolume	48	static
../Core/Src/graduation.c:361:7:Grad_CalculateVolume	24	static
../Core/Src/graduation.c:384:14:Grad_GetState	4	static
../Core/Src/graduation.c:389:6:Grad_UpdateModbusRegisters	8	static
../Core/Src/graduation.c:406:6:Grad_ProcessCommand	40	static
