../Core/Src/graduation.c:15:17:calculate_crc32	32	static
../Core/Src/graduation.c:31:14:calc_volume_vertical	24	static
../Core/Src/graduation.c:39:14:calc_volume_horiz_flat	56	static
../Core/Src/graduation.c:51:14:calc_volume_horiz_ellipt	56	static
../Core/Src/graduation.c:70:13:update_points_count_register	8	static
../Core/Src/graduation.c:75:6:Grad_Init	8	static
../Core/Src/graduation.c:97:6:Grad_IsValid	4	static
../Core/Src/graduation.c:102:19:Grad_LoadFromEEPROM	56	static
../Core/Src/graduation.c:140:19:Grad_SaveToEEPROM	16	static
../Core/Src/graduation.c:166:19:Grad_Clear	32	static
../Core/Src/graduation.c:180:19:Grad_WriteHeader	24	static
../Core/Src/graduation.c:193:19:Grad_ReadHeader	24	static
../Core/Src/graduation.c:200:19:Grad_WriteVolumes	24	static
../Core/Src/graduation.c:218:19:Grad_ReadVolumes	24	static
../Core/Src/graduation.c:235:7:Grad_InterpolateVolume	48	static
../Core/Src/graduation.c:257:7:Grad_CalculateVolume	24	static
../Core/Src/graduation.c:276:14:Grad_GetState	4	static
../Core/Src/graduation.c:281:6:Grad_UpdateModbusRegisters	8	static
../Core/Src/graduation.c:288:6:Grad_ProcessCommand	40	static
