../Core/Src/graduation.c:26:17:CRC32_Calculate	32	static
../Core/Src/graduation.c:41:13:HeaderValuesAreValid	32	static
../Core/Src/graduation.c:62:13:PublicToStorage	24	static
../Core/Src/graduation.c:80:13:StorageToPublic	16	static
../Core/Src/graduation.c:93:14:CalculateVertical	24	static
../Core/Src/graduation.c:100:14:CalculateHorizontal	56	static
../Core/Src/graduation.c:116:14:CalculateHorizontalElliptic	48	static
../Core/Src/graduation.c:138:6:Grad_Init	8	static
../Core/Src/graduation.c:152:6:Grad_IsValid	4	static
../Core/Src/graduation.c:157:19:Grad_LoadFromEEPROM	48	static
../Core/Src/graduation.c:200:19:Grad_SaveToEEPROM	48	static
../Core/Src/graduation.c:240:19:Grad_Clear	8	static
../Core/Src/graduation.c:251:19:Grad_WriteHeader	24	static
../Core/Src/graduation.c:265:19:Grad_ReadHeader	24	static
../Core/Src/graduation.c:272:19:Grad_WriteVolumes	24	static
../Core/Src/graduation.c:297:19:Grad_ReadVolumes	24	static
../Core/Src/graduation.c:308:7:Grad_InterpolateVolume	40	static
../Core/Src/graduation.c:331:7:Grad_CalculateVolume	24	static
../Core/Src/graduation.c:350:14:Grad_GetState	4	static
../Core/Src/graduation.c:355:6:Grad_UpdateModbusRegisters	8	static
../Core/Src/graduation.c:361:6:Grad_ProcessCommand	48	static
