../Core/Src/graduation.c:26:17:CRC32_Calculate	12	static
../Core/Src/graduation.c:100:14:CalculateHorizontal	32	static
../Core/Src/graduation.c:152:6:Grad_IsValid	0	static
../Core/Src/graduation.c:240:19:Grad_Clear	8	static
../Core/Src/graduation.c:251:19:Grad_WriteHeader	20	static
../Core/Src/graduation.c:265:19:Grad_ReadHeader	12	static
../Core/Src/graduation.c:272:19:Grad_WriteVolumes	24	static
../Core/Src/graduation.c:297:19:Grad_ReadVolumes	16	static
../Core/Src/graduation.c:308:7:Grad_InterpolateVolume	24	static
../Core/Src/graduation.c:331:7:Grad_CalculateVolume	24	static
../Core/Src/graduation.c:350:14:Grad_GetState	0	static
../Core/Src/graduation.c:355:6:Grad_UpdateModbusRegisters	8	static
../Core/Src/graduation.c:157:19:Grad_LoadFromEEPROM	56	static
../Core/Src/graduation.c:138:6:Grad_Init	8	static
../Core/Src/graduation.c:200:19:Grad_SaveToEEPROM	64	static
../Core/Src/graduation.c:361:6:Grad_ProcessCommand	40	static
