../Core/Src/main.c:127:14:Calculate_Position	48	static
../Core/Src/main.c:145:6:Process_Calibration_Command	72	static
../Core/Src/main.c:232:13:Check_Voltage_Change	32	static
../Core/Src/main.c:249:13:Update_Poll_Period_From_Modbus	24	static
../Core/Src/main.c:268:17:GetMeasurementTimeoutMs	32	static
../Core/Src/main.c:289:6:Process_Measurement_Results	88	static
../Core/Src/main.c:398:5:main	88	static,ignoring_inline_asm
../Core/Src/main.c:619:6:HAL_UART_RxCpltCallback	16	static
../Core/Src/main.c:626:6:HAL_UART_TxCpltCallback	16	static
../Core/Src/main.c:631:6:TIM3_InputCapture_Init	40	static
../Core/Src/main.c:673:6:generate_pulse_and_measure	24	static,ignoring_inline_asm
../Core/Src/main.c:728:13:PrepareCaptureWindow	32	static
../Core/Src/main.c:773:13:WaitForNextExcitationSlot	8	static,ignoring_inline_asm
../Core/Src/main.c:799:13:UpdateCaptureCoilFault	16	static
../Core/Src/main.c:844:13:AddMeasurementToWindow	16	static
../Core/Src/main.c:887:23:MeasureSingleLaunch	48	static,ignoring_inline_asm
../Core/Src/main.c:983:10:measure_time_of_flight	80	static
../Core/Src/main.c:1058:6:Read_Temperature	32	static
../Core/Src/main.c:1074:13:DelayWithModBusService	24	static,ignoring_inline_asm
../Core/Src/main.c:1085:6:Read_All_Voltages	32	static
../Core/Src/main.c:1135:10:Read_ADC_Single	40	static
../Core/Src/main.c:1155:10:Read_ADC_Average	40	static
../Core/Src/main.c:1168:6:SystemClock_Config	88	static
../Core/Src/main.c:1195:6:MX_GPIO_Init	40	static
../Core/Src/main.c:1236:6:MX_USART1_UART_Init	8	static
../Core/Src/main.c:1249:6:MX_USART2_UART_Init	8	static
../Core/Src/main.c:1262:6:MX_ADC1_Init	8	static
../Core/Src/main.c:1274:6:MX_ADC2_Init	8	static
../Core/Src/main.c:1286:6:Error_Handler	8	static
