../Core/Src/main.c:164:14:CorrectTofForElectronicsDelay	24	static
../Core/Src/main.c:180:14:DistanceFromRawTofMm	32	static
../Core/Src/main.c:199:14:GetUsableLevelHeightMm	24	static
../Core/Src/main.c:225:16:CalculateWaveSpeedFromThreePoints	96	static
../Core/Src/main.c:319:14:InterpolateCalibratedLevel	80	static
../Core/Src/main.c:423:16:GetStableCalibrationSample	40	static
../Core/Src/main.c:458:14:Calculate_Position	64	static
../Core/Src/main.c:523:13:StartCommandSave	16	static
../Core/Src/main.c:538:13:ProcessCommandSaveResult	16	static
../Core/Src/main.c:573:6:Process_Calibration_Command	96	static
../Core/Src/main.c:799:13:Check_Voltage_Change	32	static
../Core/Src/main.c:816:13:Update_Poll_Period_From_Modbus	24	static
../Core/Src/main.c:835:17:GetMeasurementTimeoutMs	32	static
../Core/Src/main.c:871:13:ReadPublishedFloat32	32	static
../Core/Src/main.c:886:6:Process_Measurement_Results	120	static
../Core/Src/main.c:1053:5:main	96	static,ignoring_inline_asm
../Core/Src/main.c:1308:6:HAL_UART_RxCpltCallback	16	static
../Core/Src/main.c:1315:6:HAL_UART_TxCpltCallback	16	static
../Core/Src/main.c:1320:6:TIM3_InputCapture_Init	40	static
../Core/Src/main.c:1362:6:generate_pulse_and_measure	24	static,ignoring_inline_asm
../Core/Src/main.c:1418:13:PrepareCaptureWindow	32	static
../Core/Src/main.c:1464:13:WaitForNextExcitationSlot	8	static,ignoring_inline_asm
../Core/Src/main.c:1490:13:UpdateCaptureCoilFault	16	static
../Core/Src/main.c:1535:13:AddMeasurementToWindow	16	static
../Core/Src/main.c:1578:23:MeasureSingleLaunch	48	static,ignoring_inline_asm
../Core/Src/main.c:1674:10:measure_time_of_flight	80	static
../Core/Src/main.c:1749:6:Read_Temperature	32	static
../Core/Src/main.c:1765:13:DelayWithModBusService	24	static,ignoring_inline_asm
../Core/Src/main.c:1776:6:Read_All_Voltages	32	static
../Core/Src/main.c:1826:10:Read_ADC_Single	40	static
../Core/Src/main.c:1846:10:Read_ADC_Average	40	static
../Core/Src/main.c:1859:6:SystemClock_Config	88	static
../Core/Src/main.c:1886:6:MX_GPIO_Init	40	static
../Core/Src/main.c:1927:6:MX_USART1_UART_Init	8	static
../Core/Src/main.c:1940:6:MX_USART2_UART_Init	8	static
../Core/Src/main.c:1953:6:MX_ADC1_Init	8	static
../Core/Src/main.c:1965:6:MX_ADC2_Init	8	static
../Core/Src/main.c:1977:6:Error_Handler	8	static
