../Core/Src/main.c:87:6:ModBus_TransmitFrame	32	static,ignoring_inline_asm
../Core/Src/main.c:119:13:USART2_PrintInt	40	static
../Core/Src/main.c:148:13:USART2_PrintFloat	32	static
../Core/Src/main.c:163:13:Check_Voltage_Change	32	static
../Core/Src/main.c:204:6:Process_Measurement_Results	24	static
../Core/Src/main.c:227:5:main	40	static,ignoring_inline_asm
../Core/Src/main.c:343:6:HAL_UART_RxCpltCallback	16	static
../Core/Src/main.c:350:6:TIM3_InputCapture_Init	40	static
../Core/Src/main.c:376:6:generate_pulse_and_measure	16	static,ignoring_inline_asm
../Core/Src/main.c:397:10:measure_time_of_flight	16	static,ignoring_inline_asm
../Core/Src/main.c:421:6:Read_Temperature	16	static
../Core/Src/main.c:440:6:Read_All_Voltages	48	static
../Core/Src/main.c:502:10:Read_ADC_Single	40	static
../Core/Src/main.c:521:10:Read_ADC_Average	40	static
../Core/Src/main.c:539:6:SystemClock_Config	88	static
../Core/Src/main.c:567:13:MX_GPIO_Init	48	static
../Core/Src/main.c:636:13:MX_USART1_UART_Init	8	static
../Core/Src/main.c:649:13:MX_USART2_UART_Init	8	static
../Core/Src/main.c:662:13:MX_ADC1_Init	8	static
../Core/Src/main.c:674:13:MX_ADC2_Init	8	static
../Core/Src/main.c:686:6:Error_Handler	8	static,ignoring_inline_asm
