../Drivers/CMSIS/Include/core_cm3.h:1762:34:__NVIC_SystemReset	4	static,ignoring_inline_asm
../Core/Src/main.c:230:14:CorrectTofForElectronicsDelay	24	static
../Core/Src/main.c:246:14:DistanceFromRawTofMm	32	static
../Core/Src/main.c:265:14:GetUsableLevelHeightMm	24	static
../Core/Src/main.c:290:16:RestoreThreePointCalibrationState	40	static
../Core/Src/main.c:369:16:CalculateWaveSpeedFromThreePoints	88	static
../Core/Src/main.c:455:14:InterpolateCalibratedLevel	96	static
../Core/Src/main.c:630:16:GetStableCalibrationSample	120	static
../Core/Src/main.c:796:14:ConfirmMeasuredLevel	40	static
../Core/Src/main.c:907:14:Calculate_Position	40	static
../Core/Src/main.c:949:13:StartCommandSave	16	static
../Core/Src/main.c:964:13:ProcessCommandSaveResult	16	static
../Core/Src/main.c:1010:13:ProcessSoftwareReset	8	static,ignoring_inline_asm
../Core/Src/main.c:1042:16:CalibrationSegmentIsPlausible	32	static
../Core/Src/main.c:1064:6:Process_Calibration_Command	88	static
../Core/Src/main.c:1370:13:Check_Voltage_Change	32	static
../Core/Src/main.c:1387:13:Update_Poll_Period_From_Modbus	24	static
../Core/Src/main.c:1406:17:GetMeasurementTimeoutMs	32	static
../Core/Src/main.c:1442:13:ReadPublishedFloat32	32	static
../Core/Src/main.c:1457:6:Process_Measurement_Results	120	static
../Core/Src/main.c:1630:5:main	104	static,ignoring_inline_asm
../Core/Src/main.c:1924:6:HAL_UART_RxCpltCallback	16	static
../Core/Src/main.c:1931:6:HAL_UART_TxCpltCallback	16	static
../Core/Src/main.c:1936:6:TIM3_InputCapture_Init	40	static
../Core/Src/main.c:1978:6:generate_pulse_and_measure	24	static,ignoring_inline_asm
../Core/Src/main.c:2034:13:PrepareCaptureWindow	32	static
../Core/Src/main.c:2080:13:WaitForNextExcitationSlot	8	static,ignoring_inline_asm
../Core/Src/main.c:2106:13:UpdateCaptureCoilFault	16	static
../Core/Src/main.c:2148:13:AddMeasurementToWindow	16	static
../Core/Src/main.c:2191:23:MeasureSingleLaunch	48	static,ignoring_inline_asm
../Core/Src/main.c:2284:10:measure_time_of_flight	152	static
../Core/Src/main.c:2396:6:Read_Temperature	32	static
../Core/Src/main.c:2412:13:DelayWithModBusService	24	static,ignoring_inline_asm
../Core/Src/main.c:2423:6:Read_All_Voltages	32	static
../Core/Src/main.c:2465:10:Read_ADC_Single	40	static
../Core/Src/main.c:2485:10:Read_ADC_Average	40	static
../Core/Src/main.c:2498:6:SystemClock_Config	88	static
../Core/Src/main.c:2525:6:MX_GPIO_Init	40	static
../Core/Src/main.c:2566:6:MX_USART1_UART_Init	8	static
../Core/Src/main.c:2579:6:MX_USART2_UART_Init	8	static
../Core/Src/main.c:2592:6:MX_ADC1_Init	8	static
../Core/Src/main.c:2604:6:MX_ADC2_Init	8	static
../Core/Src/main.c:2616:6:Error_Handler	8	static
