../Core/Src/main.c:131:13:Stat_AddValue	16	static
../Core/Src/main.c:149:14:Stat_CalculateTrimmedAverage	40	static
../Core/Src/main.c:183:13:Stat_ClearHistory	16	static
../Core/Src/main.c:196:6:ModBus_TransmitFrame	32	static,ignoring_inline_asm
../Core/Src/main.c:226:13:USART2_PrintInt	40	static
../Core/Src/main.c:251:13:USART2_PrintFloat	32	static
../Core/Src/main.c:268:13:Check_Voltage_Change	32	static
../Core/Src/main.c:292:13:Update_Poll_Period_From_Modbus	16	static
../Core/Src/main.c:311:6:Process_Measurement_Results	80	static
../Core/Src/main.c:422:5:main	40	static,ignoring_inline_asm
../Core/Src/main.c:574:6:HAL_UART_RxCpltCallback	16	static
../Core/Src/main.c:584:6:TIM3_InputCapture_Init	40	static
../Core/Src/main.c:615:6:generate_pulse_and_measure	24	static,ignoring_inline_asm
../Core/Src/main.c:649:10:measure_time_of_flight	24	static,ignoring_inline_asm
../Core/Src/main.c:685:6:Read_Temperature	16	static
../Core/Src/main.c:706:6:Read_All_Voltages	48	static
../Core/Src/main.c:766:10:Read_ADC_Single	40	static
../Core/Src/main.c:784:10:Read_ADC_Average	40	static
../Core/Src/main.c:798:6:SystemClock_Config	88	static
../Core/Src/main.c:826:6:MX_GPIO_Init	48	static
../Core/Src/main.c:895:6:MX_USART1_UART_Init	8	static
../Core/Src/main.c:908:6:MX_USART2_UART_Init	8	static
../Core/Src/main.c:921:6:MX_ADC1_Init	8	static
../Core/Src/main.c:933:6:MX_ADC2_Init	8	static
../Core/Src/main.c:945:6:Error_Handler	8	static,ignoring_inline_asm
