../Core/Src/main.c:126:6:USART2_BufInit	4	static
../Core/Src/main.c:131:6:USART2_BufFlush	8	static
../Core/Src/main.c:139:13:buf_putc	16	static
../Core/Src/main.c:147:6:USART2_BufPrint	16	static
../Core/Src/main.c:154:6:USART2_BufPrintInt	32	static
../Core/Src/main.c:164:6:USART2_BufPrintFloat	32	static
../Core/Src/main.c:191:13:Stat_AddValue	16	static
../Core/Src/main.c:207:14:Stat_CalculateTrimmedAverage	40	static
../Core/Src/main.c:240:13:Stat_ClearHistory	16	static
../Core/Src/main.c:253:6:ModBus_TransmitFrame	32	static,ignoring_inline_asm
../Core/Src/main.c:281:13:USART2_PrintInt	40	static
../Core/Src/main.c:307:13:USART2_PrintFloat	32	static
../Core/Src/main.c:324:13:Check_Voltage_Change	32	static
../Core/Src/main.c:349:13:Update_Poll_Period_From_Modbus	16	static
../Core/Src/main.c:370:6:Process_Measurement_Results	56	static
../Core/Src/main.c:488:5:main	48	static,ignoring_inline_asm
../Core/Src/main.c:674:6:HAL_UART_RxCpltCallback	16	static
../Core/Src/main.c:684:6:TIM3_InputCapture_Init	40	static
../Core/Src/main.c:716:6:generate_pulse_and_measure	24	static,ignoring_inline_asm
../Core/Src/main.c:750:10:measure_time_of_flight	16	static,ignoring_inline_asm
../Core/Src/main.c:780:10:measure_time_of_flight_test	16	static,ignoring_inline_asm
../Core/Src/main.c:809:6:Read_Temperature	4	static
../Core/Src/main.c:818:6:Read_All_Voltages	48	static
../Core/Src/main.c:878:10:Read_ADC_Single	40	static
../Core/Src/main.c:898:10:Read_ADC_Average	40	static
../Core/Src/main.c:917:6:SystemClock_Config	88	static
../Core/Src/main.c:945:6:MX_GPIO_Init	48	static
../Core/Src/main.c:1017:6:MX_USART1_UART_Init	8	static
../Core/Src/main.c:1030:6:MX_USART2_UART_Init	8	static
../Core/Src/main.c:1043:6:MX_ADC1_Init	8	static
../Core/Src/main.c:1055:6:MX_ADC2_Init	8	static
../Core/Src/main.c:1067:6:Error_Handler	8	static,ignoring_inline_asm
