../Core/Src/main.c:77:5:main	56	static,ignoring_inline_asm
../Core/Src/main.c:283:6:HAL_UART_RxCpltCallback	16	static
../Core/Src/main.c:293:6:TIM3_InputCapture_Init	40	static
../Core/Src/main.c:339:6:start_capture	4	static
../Core/Src/main.c:362:6:reset_capture	16	static
../Core/Src/main.c:373:6:print_results	40	static
../Core/Src/main.c:436:6:TIM4_PWM_Init_Simple	16	static
../Core/Src/main.c:479:6:Start_Pulse_Generator	8	static
../Core/Src/main.c:492:10:Read_ADC_Single	40	static
../Core/Src/main.c:526:10:Read_ADC_Average	40	static
../Core/Src/main.c:550:6:Read_All_Voltages	32	static
../Core/Src/main.c:658:6:SystemClock_Config	88	static
../Core/Src/main.c:699:13:MX_GPIO_Init	48	static
../Core/Src/main.c:776:13:MX_USART1_UART_Init	8	static
../Core/Src/main.c:795:13:MX_USART2_UART_Init	8	static
../Core/Src/main.c:814:13:MX_ADC1_Init	24	static
../Core/Src/main.c:842:13:MX_ADC2_Init	24	static
../Core/Src/main.c:870:13:MX_TIM4_Init	40	static
../Core/Src/main.c:909:6:Error_Handler	8	static,ignoring_inline_asm
