../Core/Src/main.c:126:6:USART2_BufInit	4	static
../Core/Src/main.c:128:6:USART2_BufFlush	8	static
../Core/Src/main.c:136:13:buf_putc	16	static
../Core/Src/main.c:144:6:USART2_BufPrint	16	static
../Core/Src/main.c:149:6:USART2_BufPrintInt	32	static
../Core/Src/main.c:159:6:USART2_BufPrintFloat	32	static
../Core/Src/main.c:173:6:USART2_BufPrintHexByte	48	static
../Core/Src/main.c:208:14:Calculate_Position	48	static
../Core/Src/main.c:250:13:Process_Calibration_Command	56	static
../Core/Src/main.c:343:13:Stat_AddValue	16	static
../Core/Src/main.c:356:14:Stat_CalculateTrimmedAverage	40	static
../Core/Src/main.c:386:13:Stat_ClearHistory	16	static
../Core/Src/main.c:399:13:I2C_Scan	16	static
../Core/Src/main.c:441:6:ModBus_TransmitFrame	32	static,ignoring_inline_asm
../Core/Src/main.c:470:13:USART2_PrintInt	40	static
../Core/Src/main.c:488:13:USART2_PrintFloat	32	static
../Core/Src/main.c:504:13:Check_Voltage_Change	32	static
../Core/Src/main.c:526:13:Update_Poll_Period_From_Modbus	16	static
../Core/Src/main.c:545:6:Process_Measurement_Results	88	static
../Core/Src/main.c:678:5:main	64	static,ignoring_inline_asm
../Core/Src/main.c:832:6:HAL_UART_RxCpltCallback	16	static
../Core/Src/main.c:842:6:TIM3_InputCapture_Init	40	static
../Core/Src/main.c:872:6:generate_pulse_and_measure	24	static,ignoring_inline_asm
../Core/Src/main.c:900:10:measure_time_of_flight	16	static,ignoring_inline_asm
../Core/Src/main.c:926:6:Read_Temperature	4	static
../Core/Src/main.c:931:6:Read_All_Voltages	32	static
../Core/Src/main.c:972:10:Read_ADC_Single	40	static
../Core/Src/main.c:991:10:Read_ADC_Average	40	static
../Core/Src/main.c:1005:6:SystemClock_Config	88	static
../Core/Src/main.c:1033:6:MX_GPIO_Init	48	static
../Core/Src/main.c:1072:6:MX_USART1_UART_Init	8	static
../Core/Src/main.c:1085:6:MX_USART2_UART_Init	8	static
../Core/Src/main.c:1098:6:MX_ADC1_Init	8	static
../Core/Src/main.c:1110:6:MX_ADC2_Init	8	static
../Core/Src/main.c:1122:6:Error_Handler	8	static,ignoring_inline_asm
