../Core/Src/main.c:109:6:USART2_BufInit	4	static
../Core/Src/main.c:111:6:USART2_BufFlush	8	static
../Core/Src/main.c:119:13:buf_putc	16	static
../Core/Src/main.c:127:6:USART2_BufPrint	16	static
../Core/Src/main.c:132:6:USART2_BufPrintInt	32	static
../Core/Src/main.c:142:6:USART2_BufPrintFloat	32	static
../Core/Src/main.c:169:14:Calculate_Position	48	static
../Core/Src/main.c:191:6:Process_Calibration_Command	56	static
../Core/Src/main.c:262:13:Stat_AddValue	16	static
../Core/Src/main.c:275:14:Stat_CalculateTrimmedAverage	40	static
../Core/Src/main.c:301:13:Stat_ClearHistory	16	static
../Core/Src/main.c:314:6:ModBus_TransmitFrame	32	static,ignoring_inline_asm
../Core/Src/main.c:337:13:USART2_PrintInt	40	static
../Core/Src/main.c:354:13:USART2_PrintFloat	32	static
../Core/Src/main.c:370:13:Check_Voltage_Change	32	static
../Core/Src/main.c:391:13:Update_Poll_Period_From_Modbus	16	static
../Core/Src/main.c:411:6:Process_Measurement_Results	88	static
../Core/Src/main.c:518:5:main	64	static,ignoring_inline_asm
../Core/Src/main.c:662:6:HAL_UART_RxCpltCallback	16	static
../Core/Src/main.c:672:6:TIM3_InputCapture_Init	40	static
../Core/Src/main.c:702:6:generate_pulse_and_measure	24	static,ignoring_inline_asm
../Core/Src/main.c:728:10:measure_time_of_flight	16	static,ignoring_inline_asm
../Core/Src/main.c:750:6:Read_Temperature	4	static
../Core/Src/main.c:755:6:Read_All_Voltages	32	static
../Core/Src/main.c:795:10:Read_ADC_Single	40	static
../Core/Src/main.c:812:10:Read_ADC_Average	40	static
../Core/Src/main.c:826:6:SystemClock_Config	88	static
../Core/Src/main.c:853:6:MX_GPIO_Init	48	static
../Core/Src/main.c:891:6:MX_USART1_UART_Init	8	static
../Core/Src/main.c:904:6:MX_USART2_UART_Init	8	static
../Core/Src/main.c:917:6:MX_ADC1_Init	8	static
../Core/Src/main.c:929:6:MX_ADC2_Init	8	static
../Core/Src/main.c:941:6:Error_Handler	8	static,ignoring_inline_asm
