../Core/Src/main.c:127:6:USART2_BufInit	4	static
../Core/Src/main.c:132:6:USART2_BufFlush	8	static
../Core/Src/main.c:140:13:buf_putc	16	static
../Core/Src/main.c:148:6:USART2_BufPrint	16	static
../Core/Src/main.c:155:6:USART2_BufPrintInt	32	static
../Core/Src/main.c:165:6:USART2_BufPrintFloat	32	static
../Core/Src/main.c:192:13:Stat_AddValue	16	static
../Core/Src/main.c:208:14:Stat_CalculateTrimmedAverage	40	static
../Core/Src/main.c:241:13:Stat_ClearHistory	16	static
../Core/Src/main.c:254:6:ModBus_TransmitFrame	32	static,ignoring_inline_asm
../Core/Src/main.c:284:13:USART2_PrintInt	40	static
../Core/Src/main.c:311:13:USART2_PrintFloat	32	static
../Core/Src/main.c:329:13:Check_Voltage_Change	32	static
../Core/Src/main.c:354:13:Update_Poll_Period_From_Modbus	16	static
../Core/Src/main.c:374:6:Process_Measurement_Results	56	static
../Core/Src/main.c:492:5:main	40	static,ignoring_inline_asm
../Core/Src/main.c:663:6:HAL_UART_RxCpltCallback	16	static
../Core/Src/main.c:679:6:TIM3_InputCapture_Init	40	static
../Core/Src/main.c:711:6:generate_pulse_and_measure	24	static,ignoring_inline_asm
../Core/Src/main.c:744:10:measure_time_of_flight	16	static,ignoring_inline_asm
../Core/Src/main.c:774:10:measure_time_of_flight_test	16	static,ignoring_inline_asm
../Core/Src/main.c:803:6:Read_Temperature	4	static
../Core/Src/main.c:812:6:Read_All_Voltages	48	static
../Core/Src/main.c:871:10:Read_ADC_Single	40	static
../Core/Src/main.c:891:10:Read_ADC_Average	40	static
../Core/Src/main.c:910:6:SystemClock_Config	88	static
../Core/Src/main.c:938:6:MX_GPIO_Init	48	static
../Core/Src/main.c:1010:6:MX_USART1_UART_Init	8	static
../Core/Src/main.c:1023:6:MX_USART2_UART_Init	8	static
../Core/Src/main.c:1036:6:MX_ADC1_Init	8	static
../Core/Src/main.c:1048:6:MX_ADC2_Init	8	static
../Core/Src/main.c:1060:6:Error_Handler	8	static,ignoring_inline_asm
