../Core/Src/main.c:104:6:USART2_BufInit	4	static
../Core/Src/main.c:106:6:USART2_BufFlush	8	static
../Core/Src/main.c:114:13:buf_putc	16	static
../Core/Src/main.c:122:6:USART2_BufPrint	16	static
../Core/Src/main.c:127:6:USART2_BufPrintInt	32	static
../Core/Src/main.c:137:6:USART2_BufPrintFloat	32	static
../Core/Src/main.c:164:14:Calculate_Position	56	static
../Core/Src/main.c:186:6:Process_Calibration_Command	56	static
../Core/Src/main.c:265:13:Stat_AddValue	16	static
../Core/Src/main.c:278:14:Stat_CalculateTrimmedAverage	40	static
../Core/Src/main.c:308:13:Stat_ClearHistory	16	static
../Core/Src/main.c:321:6:ModBus_TransmitFrame	32	static,ignoring_inline_asm
../Core/Src/main.c:350:13:USART2_PrintInt	40	static
../Core/Src/main.c:367:13:USART2_PrintFloat	32	static
../Core/Src/main.c:383:13:Check_Voltage_Change	32	static
../Core/Src/main.c:403:13:Update_Poll_Period_From_Modbus	16	static
../Core/Src/main.c:420:6:Read_Temperature	16	static
../Core/Src/main.c:457:6:Process_Measurement_Results	96	static
../Core/Src/main.c:582:5:main	72	static,ignoring_inline_asm
../Core/Src/main.c:773:6:HAL_UART_RxCpltCallback	16	static
../Core/Src/main.c:783:6:TIM3_InputCapture_Init	40	static
../Core/Src/main.c:813:6:generate_pulse_and_measure	24	static,ignoring_inline_asm
../Core/Src/main.c:842:10:measure_time_of_flight	16	static,ignoring_inline_asm
../Core/Src/main.c:871:6:Read_All_Voltages	32	static
../Core/Src/main.c:912:10:Read_ADC_Single	40	static
../Core/Src/main.c:932:10:Read_ADC_Average	40	static
../Core/Src/main.c:946:6:SystemClock_Config	88	static
../Core/Src/main.c:973:6:MX_GPIO_Init	48	static
../Core/Src/main.c:1012:6:MX_USART1_UART_Init	8	static
../Core/Src/main.c:1025:6:MX_USART2_UART_Init	8	static
../Core/Src/main.c:1038:6:MX_ADC1_Init	8	static
../Core/Src/main.c:1050:6:MX_ADC2_Init	8	static
../Core/Src/main.c:1062:6:Error_Handler	8	static,ignoring_inline_asm
