../Core/Src/main.c:176:6:ModBus_TransmitFrame	24	static,ignoring_inline_asm
../Core/Src/main.c:211:6:Process_Measurement_Results	24	static
../Core/Src/main.c:264:5:main	40	static,ignoring_inline_asm
../Core/Src/main.c:400:6:HAL_UART_RxCpltCallback	16	static
../Core/Src/main.c:408:6:TIM3_InputCapture_Init	40	static
../Core/Src/main.c:435:6:generate_pulse_and_measure	16	static,ignoring_inline_asm
../Core/Src/main.c:461:10:measure_time_of_flight	16	static,ignoring_inline_asm
../Core/Src/main.c:491:6:Read_Temperature	8	static
../Core/Src/main.c:512:6:Read_All_Voltages	48	static
../Core/Src/main.c:571:10:Read_ADC_Single	40	static
../Core/Src/main.c:590:10:Read_ADC_Average	40	static
../Core/Src/main.c:609:6:SystemClock_Config	88	static
../Core/Src/main.c:638:13:MX_GPIO_Init	48	static
../Core/Src/main.c:716:13:MX_USART1_UART_Init	8	static
../Core/Src/main.c:730:13:MX_USART2_UART_Init	8	static
../Core/Src/main.c:744:13:MX_ADC1_Init	8	static
../Core/Src/main.c:757:13:MX_ADC2_Init	8	static
../Core/Src/main.c:770:6:Error_Handler	8	static,ignoring_inline_asm
