../Core/Src/main.c:105:5:main	40	static,ignoring_inline_asm
../Core/Src/main.c:310:6:HAL_UART_RxCpltCallback	16	static
../Core/Src/main.c:320:6:TIM3_InputCapture_Init	40	static
../Core/Src/main.c:359:6:generate_pulse_and_measure	16	static,ignoring_inline_asm
../Core/Src/main.c:391:10:measure_time_of_flight	16	static,ignoring_inline_asm
../Core/Src/main.c:417:6:print_tof_results	24	static
../Core/Src/main.c:441:10:Read_ADC_Single	40	static
../Core/Src/main.c:466:10:Read_ADC_Average	40	static
../Core/Src/main.c:490:6:Read_All_Voltages	48	static
../Core/Src/main.c:547:6:SystemClock_Config	88	static
../Core/Src/main.c:588:13:MX_GPIO_Init	48	static
../Core/Src/main.c:677:13:MX_USART1_UART_Init	8	static
../Core/Src/main.c:696:13:MX_USART2_UART_Init	8	static
../Core/Src/main.c:715:13:MX_ADC1_Init	24	static
../Core/Src/main.c:743:13:MX_ADC2_Init	24	static
../Core/Src/main.c:771:6:Error_Handler	8	static,ignoring_inline_asm
