../Core/Src/main.c:138:13:Stat_AddValue	16	static
../Core/Src/main.c:155:14:Stat_CalculateTrimmedAverage	40	static
../Core/Src/main.c:188:13:Stat_ClearHistory	16	static
../Core/Src/main.c:201:6:ModBus_TransmitFrame	32	static,ignoring_inline_asm
../Core/Src/main.c:230:13:USART2_PrintInt	40	static
../Core/Src/main.c:254:13:USART2_PrintFloat	32	static
../Core/Src/main.c:270:13:Check_Voltage_Change	32	static
../Core/Src/main.c:294:13:Update_Poll_Period_From_Modbus	16	static
../Core/Src/main.c:312:6:Process_Measurement_Results	80	static
../Core/Src/main.c:422:5:main	40	static,ignoring_inline_asm
../Core/Src/main.c:585:6:HAL_UART_RxCpltCallback	16	static
../Core/Src/main.c:595:6:TIM3_InputCapture_Init	40	static
../Core/Src/main.c:626:6:generate_pulse_and_measure	24	static,ignoring_inline_asm
../Core/Src/main.c:662:10:measure_time_of_flight	24	static,ignoring_inline_asm
../Core/Src/main.c:699:10:measure_time_of_flight_test	16	static,ignoring_inline_asm
../Core/Src/main.c:730:6:Read_Temperature	16	static
../Core/Src/main.c:752:6:Read_All_Voltages	48	static
../Core/Src/main.c:811:10:Read_ADC_Single	40	static
../Core/Src/main.c:828:10:Read_ADC_Average	40	static
../Core/Src/main.c:842:6:SystemClock_Config	88	static
../Core/Src/main.c:870:6:MX_GPIO_Init	48	static
../Core/Src/main.c:940:6:MX_USART1_UART_Init	8	static
../Core/Src/main.c:953:6:MX_USART2_UART_Init	8	static
../Core/Src/main.c:966:6:MX_ADC1_Init	8	static
../Core/Src/main.c:978:6:MX_ADC2_Init	8	static
../Core/Src/main.c:990:6:Error_Handler	8	static,ignoring_inline_asm
