../Core/Src/main.c:77:5:main	56	static,ignoring_inline_asm
../Core/Src/main.c:283:6:HAL_UART_RxCpltCallback	16	static
../Core/Src/main.c:293:6:TIM3_InputCapture_Init	40	static
../Core/Src/main.c:339:6:start_capture	4	static
../Core/Src/main.c:362:6:reset_capture	16	static
../Core/Src/main.c:437:6:TIM4_PWM_Init_Simple	16	static
../Core/Src/main.c:480:6:Start_Pulse_Generator	8	static
../Core/Src/main.c:493:10:Read_ADC_Single	40	static
../Core/Src/main.c:527:10:Read_ADC_Average	40	static
../Core/Src/main.c:551:6:Read_All_Voltages	32	static
../Core/Src/main.c:659:6:SystemClock_Config	88	static
../Core/Src/main.c:700:13:MX_GPIO_Init	48	static
../Core/Src/main.c:777:13:MX_USART1_UART_Init	8	static
../Core/Src/main.c:796:13:MX_USART2_UART_Init	8	static
../Core/Src/main.c:815:13:MX_ADC1_Init	24	static
../Core/Src/main.c:843:13:MX_ADC2_Init	24	static
../Core/Src/main.c:871:13:MX_TIM4_Init	40	static
../Core/Src/main.c:910:6:Error_Handler	8	static,ignoring_inline_asm
