../Core/Src/main.c:126:5:main	40	static,ignoring_inline_asm
../Core/Src/main.c:424:6:HAL_UART_RxCpltCallback	16	static
../Core/Src/main.c:434:6:TIM3_InputCapture_Init	40	static
../Core/Src/main.c:473:6:generate_pulse_and_measure	16	static,ignoring_inline_asm
../Core/Src/main.c:505:10:measure_time_of_flight	16	static,ignoring_inline_asm
../Core/Src/main.c:531:6:print_tof_results	24	static
../Core/Src/main.c:556:6:Read_Temperature	8	static
../Core/Src/main.c:572:6:Save_Boot_Count	16	static
../Core/Src/main.c:589:6:Read_Boot_Count	16	static
../Core/Src/main.c:605:10:Read_ADC_Single	40	static
../Core/Src/main.c:630:10:Read_ADC_Average	40	static
../Core/Src/main.c:654:6:Read_All_Voltages	48	static
../Core/Src/main.c:711:6:SystemClock_Config	88	static
../Core/Src/main.c:752:13:MX_GPIO_Init	48	static
../Core/Src/main.c:849:13:MX_USART1_UART_Init	8	static
../Core/Src/main.c:868:13:MX_USART2_UART_Init	8	static
../Core/Src/main.c:887:13:MX_ADC1_Init	24	static
../Core/Src/main.c:915:13:MX_ADC2_Init	24	static
../Core/Src/main.c:943:6:Error_Handler	8	static,ignoring_inline_asm
