../Core/Src/main.c:125:5:main	40	static,ignoring_inline_asm
../Core/Src/main.c:331:6:HAL_UART_RxCpltCallback	16	static
../Core/Src/main.c:344:6:TIM3_InputCapture_Init	40	static
../Core/Src/main.c:386:6:generate_pulse_and_measure	16	static,ignoring_inline_asm
../Core/Src/main.c:415:10:measure_time_of_flight	16	static,ignoring_inline_asm
../Core/Src/main.c:441:6:print_tof_results	24	static
../Core/Src/main.c:453:6:Read_Temperature	8	static
../Core/Src/main.c:470:6:Read_Boot_Count	16	static
../Core/Src/main.c:488:10:Read_ADC_Single	40	static
../Core/Src/main.c:518:10:Read_ADC_Average	40	static
../Core/Src/main.c:555:6:Read_All_Voltages	48	static
../Core/Src/main.c:617:6:SystemClock_Config	88	static
../Core/Src/main.c:670:13:MX_GPIO_Init	48	static
../Core/Src/main.c:764:13:MX_USART1_UART_Init	8	static
../Core/Src/main.c:783:13:MX_USART2_UART_Init	8	static
../Core/Src/main.c:802:13:MX_ADC1_Init	24	static
../Core/Src/main.c:830:13:MX_ADC2_Init	24	static
../Core/Src/main.c:859:6:Error_Handler	8	static,ignoring_inline_asm
