../Core/Src/main.c:120:6:ModBus_TransmitFrame	32	static,ignoring_inline_asm
../Core/Src/main.c:147:13:USART2_PrintInt	40	static
../Core/Src/main.c:175:13:USART2_PrintFloat	32	static
../Core/Src/main.c:189:13:Check_Voltage_Change	32	static
../Core/Src/main.c:212:13:Update_Poll_Period_From_Modbus	16	static
../Core/Src/main.c:250:6:Process_Measurement_Results	32	static
../Core/Src/main.c:286:5:main	80	static,ignoring_inline_asm
../Core/Src/main.c:449:6:HAL_UART_RxCpltCallback	16	static
../Core/Src/main.c:456:6:TIM3_InputCapture_Init	40	static
../Core/Src/main.c:485:6:generate_pulse_and_measure	16	static,ignoring_inline_asm
../Core/Src/main.c:510:10:measure_time_of_flight	24	static,ignoring_inline_asm
../Core/Src/main.c:547:6:Read_Temperature	16	static
../Core/Src/main.c:566:6:Read_All_Voltages	48	static
../Core/Src/main.c:623:10:Read_ADC_Single	40	static
../Core/Src/main.c:642:10:Read_ADC_Average	40	static
../Core/Src/main.c:660:6:SystemClock_Config	88	static
../Core/Src/main.c:688:13:MX_GPIO_Init	48	static
../Core/Src/main.c:757:13:MX_USART1_UART_Init	8	static
../Core/Src/main.c:770:13:MX_USART2_UART_Init	8	static
../Core/Src/main.c:783:13:MX_ADC1_Init	8	static
../Core/Src/main.c:795:13:MX_ADC2_Init	8	static
../Core/Src/main.c:807:6:Error_Handler	8	static,ignoring_inline_asm
