../Core/Src/main.c:124:6:ModBus_TransmitFrame	24	static,ignoring_inline_asm
../Core/Src/main.c:157:6:ModBus_PrepareForTransmit	16	static,ignoring_inline_asm
../Core/Src/main.c:197:5:main	80	static,ignoring_inline_asm
../Core/Src/main.c:543:6:HAL_UART_RxCpltCallback	16	static
../Core/Src/main.c:554:6:HAL_UART_TxCpltCallback	16	static
../Core/Src/main.c:564:6:TIM3_InputCapture_Init	40	static
../Core/Src/main.c:602:6:generate_pulse_and_measure	16	static,ignoring_inline_asm
../Core/Src/main.c:634:10:measure_time_of_flight	16	static,ignoring_inline_asm
../Core/Src/main.c:660:6:print_tof_results	24	static
../Core/Src/main.c:685:6:Read_Temperature	8	static
../Core/Src/main.c:705:6:Save_Boot_Count	16	static
../Core/Src/main.c:722:6:Read_Boot_Count	16	static
../Core/Src/main.c:738:10:Read_ADC_Single	40	static
../Core/Src/main.c:763:10:Read_ADC_Average	40	static
../Core/Src/main.c:787:6:Read_All_Voltages	48	static
../Core/Src/main.c:853:6:SystemClock_Config	88	static
../Core/Src/main.c:894:13:MX_GPIO_Init	48	static
../Core/Src/main.c:999:13:MX_USART1_UART_Init	8	static
../Core/Src/main.c:1018:13:MX_USART2_UART_Init	8	static
../Core/Src/main.c:1037:13:MX_ADC1_Init	24	static
../Core/Src/main.c:1065:13:MX_ADC2_Init	24	static
../Core/Src/main.c:1093:6:Error_Handler	8	static,ignoring_inline_asm
