../Core/Src/main.c:125:6:USART2_BufInit	4	static
../Core/Src/main.c:127:6:USART2_BufFlush	8	static
../Core/Src/main.c:135:13:buf_putc	16	static
../Core/Src/main.c:143:6:USART2_BufPrint	16	static
../Core/Src/main.c:148:6:USART2_BufPrintInt	32	static
../Core/Src/main.c:158:6:USART2_BufPrintFloat	32	static
../Core/Src/main.c:199:14:Calculate_Position	48	static
../Core/Src/main.c:241:13:Process_Calibration_Command	56	static
../Core/Src/main.c:339:13:Stat_AddValue	16	static
../Core/Src/main.c:352:14:Stat_CalculateTrimmedAverage	40	static
../Core/Src/main.c:382:13:Stat_ClearHistory	16	static
../Core/Src/main.c:395:6:ModBus_TransmitFrame	32	static,ignoring_inline_asm
../Core/Src/main.c:425:13:USART2_PrintInt	40	static
../Core/Src/main.c:442:13:USART2_PrintFloat	32	static
../Core/Src/main.c:458:13:Check_Voltage_Change	32	static
../Core/Src/main.c:480:13:Update_Poll_Period_From_Modbus	16	static
../Core/Src/main.c:500:6:Process_Measurement_Results	88	static
../Core/Src/main.c:634:5:main	64	static,ignoring_inline_asm
../Core/Src/main.c:786:6:HAL_UART_RxCpltCallback	16	static
../Core/Src/main.c:796:6:TIM3_InputCapture_Init	40	static
../Core/Src/main.c:826:6:generate_pulse_and_measure	24	static,ignoring_inline_asm
../Core/Src/main.c:855:10:measure_time_of_flight	16	static,ignoring_inline_asm
../Core/Src/main.c:881:6:Read_Temperature	4	static
../Core/Src/main.c:886:6:Read_All_Voltages	32	static
../Core/Src/main.c:927:10:Read_ADC_Single	40	static
../Core/Src/main.c:947:10:Read_ADC_Average	40	static
../Core/Src/main.c:961:6:SystemClock_Config	88	static
../Core/Src/main.c:988:6:MX_GPIO_Init	48	static
../Core/Src/main.c:1025:6:MX_USART1_UART_Init	8	static
../Core/Src/main.c:1038:6:MX_USART2_UART_Init	8	static
../Core/Src/main.c:1051:6:MX_ADC1_Init	8	static
../Core/Src/main.c:1063:6:MX_ADC2_Init	8	static
../Core/Src/main.c:1075:6:Error_Handler	8	static,ignoring_inline_asm
