../Core/Src/main.c:176:14:CorrectTofForElectronicsDelay	24	static
../Core/Src/main.c:192:14:DistanceFromRawTofMm	32	static
../Core/Src/main.c:211:14:GetUsableLevelHeightMm	24	static
../Core/Src/main.c:236:16:RestoreThreePointCalibrationState	40	static
../Core/Src/main.c:290:16:CalculateWaveSpeedFromThreePoints	96	static
../Core/Src/main.c:386:14:InterpolateCalibratedLevel	88	static
../Core/Src/main.c:545:16:GetStableCalibrationSample	40	static
../Core/Src/main.c:581:14:Calculate_Position	64	static
../Core/Src/main.c:646:13:StartCommandSave	16	static
../Core/Src/main.c:661:13:ProcessCommandSaveResult	16	static
../Core/Src/main.c:696:6:Process_Calibration_Command	88	static
../Core/Src/main.c:935:13:Check_Voltage_Change	32	static
../Core/Src/main.c:952:13:Update_Poll_Period_From_Modbus	24	static
../Core/Src/main.c:971:17:GetMeasurementTimeoutMs	32	static
../Core/Src/main.c:1007:13:ReadPublishedFloat32	32	static
../Core/Src/main.c:1022:6:Process_Measurement_Results	120	static
../Core/Src/main.c:1195:5:main	112	static,ignoring_inline_asm
../Core/Src/main.c:1486:6:HAL_UART_RxCpltCallback	16	static
../Core/Src/main.c:1493:6:HAL_UART_TxCpltCallback	16	static
../Core/Src/main.c:1498:6:TIM3_InputCapture_Init	40	static
../Core/Src/main.c:1540:6:generate_pulse_and_measure	24	static,ignoring_inline_asm
../Core/Src/main.c:1596:13:PrepareCaptureWindow	32	static
../Core/Src/main.c:1642:13:WaitForNextExcitationSlot	8	static,ignoring_inline_asm
../Core/Src/main.c:1668:13:UpdateCaptureCoilFault	16	static
../Core/Src/main.c:1713:13:AddMeasurementToWindow	16	static
../Core/Src/main.c:1756:23:MeasureSingleLaunch	48	static,ignoring_inline_asm
../Core/Src/main.c:1852:10:measure_time_of_flight	80	static
../Core/Src/main.c:1927:6:Read_Temperature	32	static
../Core/Src/main.c:1943:13:DelayWithModBusService	24	static,ignoring_inline_asm
../Core/Src/main.c:1954:6:Read_All_Voltages	32	static
../Core/Src/main.c:2004:10:Read_ADC_Single	40	static
../Core/Src/main.c:2024:10:Read_ADC_Average	40	static
../Core/Src/main.c:2037:6:SystemClock_Config	88	static
../Core/Src/main.c:2064:6:MX_GPIO_Init	40	static
../Core/Src/main.c:2105:6:MX_USART1_UART_Init	8	static
../Core/Src/main.c:2118:6:MX_USART2_UART_Init	8	static
../Core/Src/main.c:2131:6:MX_ADC1_Init	8	static
../Core/Src/main.c:2143:6:MX_ADC2_Init	8	static
../Core/Src/main.c:2155:6:Error_Handler	8	static
