../Core/Src/main.c:111:6:USART2_BufInit	4	static
../Core/Src/main.c:113:6:USART2_BufFlush	8	static
../Core/Src/main.c:121:13:buf_putc	16	static
../Core/Src/main.c:129:6:USART2_BufPrint	16	static
../Core/Src/main.c:134:6:USART2_BufPrintInt	32	static
../Core/Src/main.c:144:6:USART2_BufPrintFloat	32	static
../Core/Src/main.c:172:14:Calculate_Position	48	static
../Core/Src/main.c:194:6:Process_Calibration_Command	56	static
../Core/Src/main.c:271:13:Stat_AddValue	16	static
../Core/Src/main.c:284:14:Stat_CalculateTrimmedAverage	40	static
../Core/Src/main.c:314:13:Stat_ClearHistory	16	static
../Core/Src/main.c:327:6:ModBus_TransmitFrame	32	static,ignoring_inline_asm
../Core/Src/main.c:357:13:USART2_PrintInt	40	static
../Core/Src/main.c:374:13:USART2_PrintFloat	32	static
../Core/Src/main.c:390:13:Check_Voltage_Change	32	static
../Core/Src/main.c:411:13:Update_Poll_Period_From_Modbus	16	static
../Core/Src/main.c:430:6:Process_Measurement_Results	104	static
../Core/Src/main.c:571:5:main	64	static,ignoring_inline_asm
../Core/Src/main.c:740:6:HAL_UART_RxCpltCallback	16	static
../Core/Src/main.c:750:6:TIM3_InputCapture_Init	40	static
../Core/Src/main.c:780:6:generate_pulse_and_measure	24	static,ignoring_inline_asm
../Core/Src/main.c:813:10:measure_time_of_flight	16	static,ignoring_inline_asm
../Core/Src/main.c:842:6:Read_Temperature	24	static
../Core/Src/main.c:864:6:Read_All_Voltages	32	static
../Core/Src/main.c:905:10:Read_ADC_Single	40	static
../Core/Src/main.c:926:10:Read_ADC_Average	40	static
../Core/Src/main.c:940:6:SystemClock_Config	88	static
../Core/Src/main.c:968:6:MX_GPIO_Init	48	static
../Core/Src/main.c:1007:6:MX_USART1_UART_Init	8	static
../Core/Src/main.c:1020:6:MX_USART2_UART_Init	8	static
../Core/Src/main.c:1033:6:MX_ADC1_Init	8	static
../Core/Src/main.c:1045:6:MX_ADC2_Init	8	static
../Core/Src/main.c:1057:6:Error_Handler	8	static,ignoring_inline_asm
