../Drivers/CMSIS/Include/core_cm3.h:1762:34:__NVIC_SystemReset	4	static,ignoring_inline_asm
../Core/Src/main.c:233:14:CorrectTofForElectronicsDelay	24	static
../Core/Src/main.c:249:14:DistanceFromRawTofMm	32	static
../Core/Src/main.c:268:14:GetUsableLevelHeightMm	24	static
../Core/Src/main.c:293:16:RestoreThreePointCalibrationState	40	static
../Core/Src/main.c:372:16:CalculateWaveSpeedFromThreePoints	88	static
../Core/Src/main.c:458:14:InterpolateCalibratedLevel	96	static
../Core/Src/main.c:633:16:GetStableCalibrationSample	120	static
../Core/Src/main.c:799:14:ConfirmMeasuredLevel	40	static
../Core/Src/main.c:910:14:Calculate_Position	40	static
../Core/Src/main.c:952:13:StartCommandSave	16	static
../Core/Src/main.c:967:13:ProcessCommandSaveResult	16	static
../Core/Src/main.c:1013:13:ProcessSoftwareReset	8	static,ignoring_inline_asm
../Core/Src/main.c:1045:16:CalibrationSegmentIsPlausible	32	static
../Core/Src/main.c:1067:6:Process_Calibration_Command	88	static
../Core/Src/main.c:1373:13:Check_Voltage_Change	32	static
../Core/Src/main.c:1390:13:Update_Poll_Period_From_Modbus	24	static
../Core/Src/main.c:1409:17:GetMeasurementTimeoutMs	32	static
../Core/Src/main.c:1445:13:ReadPublishedFloat32	32	static
../Core/Src/main.c:1460:6:Process_Measurement_Results	120	static
../Core/Src/main.c:1633:5:main	104	static,ignoring_inline_asm
../Core/Src/main.c:1929:6:HAL_UART_RxCpltCallback	16	static
../Core/Src/main.c:1936:6:HAL_UART_TxCpltCallback	16	static
../Core/Src/main.c:1941:6:TIM3_InputCapture_Init	40	static
../Core/Src/main.c:1983:6:generate_pulse_and_measure	24	static,ignoring_inline_asm
../Core/Src/main.c:2039:13:PrepareCaptureWindow	32	static
../Core/Src/main.c:2085:13:WaitForNextExcitationSlot	8	static,ignoring_inline_asm
../Core/Src/main.c:2111:13:UpdateCaptureCoilFault	16	static
../Core/Src/main.c:2153:13:AddMeasurementToWindow	16	static
../Core/Src/main.c:2196:23:MeasureSingleLaunch	48	static,ignoring_inline_asm
../Core/Src/main.c:2289:10:measure_time_of_flight	152	static
../Core/Src/main.c:2401:6:Read_Temperature	32	static
../Core/Src/main.c:2417:13:DelayWithModBusService	24	static,ignoring_inline_asm
../Core/Src/main.c:2428:6:Read_All_Voltages	32	static
../Core/Src/main.c:2478:10:Read_ADC_Single	40	static
../Core/Src/main.c:2498:10:Read_ADC_Average	40	static
../Core/Src/main.c:2511:6:SystemClock_Config	88	static
../Core/Src/main.c:2538:6:MX_GPIO_Init	40	static
../Core/Src/main.c:2579:6:MX_USART1_UART_Init	8	static
../Core/Src/main.c:2592:6:MX_USART2_UART_Init	8	static
../Core/Src/main.c:2605:6:MX_ADC1_Init	8	static
../Core/Src/main.c:2617:6:MX_ADC2_Init	8	static
../Core/Src/main.c:2629:6:Error_Handler	8	static
