../Drivers/CMSIS/Include/core_cm3.h:1762:34:__NVIC_SystemReset	4	static,ignoring_inline_asm
../Core/Src/main.c:187:14:CorrectTofForElectronicsDelay	24	static
../Core/Src/main.c:203:14:DistanceFromRawTofMm	32	static
../Core/Src/main.c:222:14:GetUsableLevelHeightMm	24	static
../Core/Src/main.c:247:16:RestoreThreePointCalibrationState	40	static
../Core/Src/main.c:326:16:CalculateWaveSpeedFromThreePoints	96	static
../Core/Src/main.c:422:14:InterpolateCalibratedLevel	88	static
../Core/Src/main.c:581:16:GetStableCalibrationSample	40	static
../Core/Src/main.c:617:14:Calculate_Position	64	static
../Core/Src/main.c:682:13:StartCommandSave	16	static
../Core/Src/main.c:697:13:ProcessCommandSaveResult	16	static
../Core/Src/main.c:743:13:ProcessSoftwareReset	8	static,ignoring_inline_asm
../Core/Src/main.c:767:6:Process_Calibration_Command	88	static
../Core/Src/main.c:1058:13:Check_Voltage_Change	32	static
../Core/Src/main.c:1075:13:Update_Poll_Period_From_Modbus	24	static
../Core/Src/main.c:1094:17:GetMeasurementTimeoutMs	32	static
../Core/Src/main.c:1130:13:ReadPublishedFloat32	32	static
../Core/Src/main.c:1145:6:Process_Measurement_Results	120	static
../Core/Src/main.c:1318:5:main	112	static,ignoring_inline_asm
../Core/Src/main.c:1618:6:HAL_UART_RxCpltCallback	16	static
../Core/Src/main.c:1625:6:HAL_UART_TxCpltCallback	16	static
../Core/Src/main.c:1630:6:TIM3_InputCapture_Init	40	static
../Core/Src/main.c:1672:6:generate_pulse_and_measure	24	static,ignoring_inline_asm
../Core/Src/main.c:1728:13:PrepareCaptureWindow	32	static
../Core/Src/main.c:1774:13:WaitForNextExcitationSlot	8	static,ignoring_inline_asm
../Core/Src/main.c:1800:13:UpdateCaptureCoilFault	16	static
../Core/Src/main.c:1845:13:AddMeasurementToWindow	16	static
../Core/Src/main.c:1888:23:MeasureSingleLaunch	48	static,ignoring_inline_asm
../Core/Src/main.c:1984:10:measure_time_of_flight	80	static
../Core/Src/main.c:2059:6:Read_Temperature	32	static
../Core/Src/main.c:2075:13:DelayWithModBusService	24	static,ignoring_inline_asm
../Core/Src/main.c:2086:6:Read_All_Voltages	32	static
../Core/Src/main.c:2136:10:Read_ADC_Single	40	static
../Core/Src/main.c:2156:10:Read_ADC_Average	40	static
../Core/Src/main.c:2169:6:SystemClock_Config	88	static
../Core/Src/main.c:2196:6:MX_GPIO_Init	40	static
../Core/Src/main.c:2237:6:MX_USART1_UART_Init	8	static
../Core/Src/main.c:2250:6:MX_USART2_UART_Init	8	static
../Core/Src/main.c:2263:6:MX_ADC1_Init	8	static
../Core/Src/main.c:2275:6:MX_ADC2_Init	8	static
../Core/Src/main.c:2287:6:Error_Handler	8	static
