../Core/Src/main.c:99:6:USART2_BufInit	4	static
../Core/Src/main.c:101:6:USART2_BufFlush	8	static
../Core/Src/main.c:109:13:buf_putc	16	static
../Core/Src/main.c:117:6:USART2_BufPrint	16	static
../Core/Src/main.c:122:6:USART2_BufPrintInt	32	static
../Core/Src/main.c:132:6:USART2_BufPrintFloat	32	static
../Core/Src/main.c:160:14:Apply_Exponential_Filter	24	static
../Core/Src/main.c:172:14:Calculate_Position	48	static
../Core/Src/main.c:190:6:Process_Calibration_Command	56	static
../Core/Src/main.c:262:13:Stat_AddValue	16	static
../Core/Src/main.c:275:14:Stat_CalculateTrimmedAverage	128	static
../Core/Src/main.c:317:13:Stat_ClearHistory	16	static
../Core/Src/main.c:330:6:ModBus_TransmitFrame	32	static,ignoring_inline_asm
../Core/Src/main.c:360:13:USART2_PrintInt	40	static
../Core/Src/main.c:377:13:USART2_PrintFloat	32	static
../Core/Src/main.c:390:13:Check_Voltage_Change	32	static
../Core/Src/main.c:407:13:Update_Poll_Period_From_Modbus	16	static
../Core/Src/main.c:424:6:Process_Measurement_Results	112	static
../Core/Src/main.c:582:5:main	56	static,ignoring_inline_asm
../Core/Src/main.c:753:6:HAL_UART_RxCpltCallback	16	static
../Core/Src/main.c:760:6:TIM3_InputCapture_Init	40	static
../Core/Src/main.c:789:6:generate_pulse_and_measure	24	static,ignoring_inline_asm
../Core/Src/main.c:815:10:measure_time_of_flight	24	static,ignoring_inline_asm
../Core/Src/main.c:849:6:Read_Temperature	24	static
../Core/Src/main.c:862:6:Read_All_Voltages	32	static
../Core/Src/main.c:912:10:Read_ADC_Single	40	static
../Core/Src/main.c:932:10:Read_ADC_Average	40	static
../Core/Src/main.c:946:6:SystemClock_Config	88	static
../Core/Src/main.c:973:6:MX_GPIO_Init	48	static
../Core/Src/main.c:1012:6:MX_USART1_UART_Init	8	static
../Core/Src/main.c:1025:6:MX_USART2_UART_Init	8	static
../Core/Src/main.c:1038:6:MX_ADC1_Init	8	static
../Core/Src/main.c:1050:6:MX_ADC2_Init	8	static
../Core/Src/main.c:1062:6:Error_Handler	8	static,ignoring_inline_asm
