../Core/Src/main.c:145:13:Stat_AddValue	16	static
../Core/Src/main.c:161:14:Stat_CalculateTrimmedAverage	40	static
../Core/Src/main.c:194:13:Stat_ClearHistory	16	static
../Core/Src/main.c:207:6:ModBus_TransmitFrame	32	static,ignoring_inline_asm
../Core/Src/main.c:237:13:USART2_PrintInt	40	static
../Core/Src/main.c:264:13:USART2_PrintFloat	32	static
../Core/Src/main.c:281:13:Check_Voltage_Change	32	static
../Core/Src/main.c:306:13:Update_Poll_Period_From_Modbus	16	static
../Core/Src/main.c:327:6:Process_Measurement_Results	64	static
../Core/Src/main.c:451:5:main	40	static,ignoring_inline_asm
../Core/Src/main.c:608:6:HAL_UART_RxCpltCallback	16	static
../Core/Src/main.c:619:6:TIM3_InputCapture_Init	40	static
../Core/Src/main.c:652:6:generate_pulse_and_measure	24	static,ignoring_inline_asm
../Core/Src/main.c:691:10:measure_time_of_flight	16	static,ignoring_inline_asm
../Core/Src/main.c:722:10:measure_time_of_flight_test	16	static,ignoring_inline_asm
../Core/Src/main.c:751:6:Read_Temperature	16	static
../Core/Src/main.c:774:6:Read_All_Voltages	48	static
../Core/Src/main.c:834:10:Read_ADC_Single	40	static
../Core/Src/main.c:854:10:Read_ADC_Average	40	static
../Core/Src/main.c:868:6:SystemClock_Config	88	static
../Core/Src/main.c:896:6:MX_GPIO_Init	48	static
../Core/Src/main.c:966:6:MX_USART1_UART_Init	8	static
../Core/Src/main.c:979:6:MX_USART2_UART_Init	8	static
../Core/Src/main.c:992:6:MX_ADC1_Init	8	static
../Core/Src/main.c:1004:6:MX_ADC2_Init	8	static
../Core/Src/main.c:1016:6:Error_Handler	8	static,ignoring_inline_asm
