../Core/Src/main.c:119:6:ModBus_TransmitFrame	32	static,ignoring_inline_asm
../Core/Src/main.c:149:13:USART2_PrintInt	40	static
../Core/Src/main.c:174:13:USART2_PrintFloat	32	static
../Core/Src/main.c:191:13:Check_Voltage_Change	32	static
../Core/Src/main.c:215:13:Update_Poll_Period_From_Modbus	16	static
../Core/Src/main.c:234:6:Process_Measurement_Results	64	static
../Core/Src/main.c:292:5:main	72	static,ignoring_inline_asm
../Core/Src/main.c:448:6:HAL_UART_RxCpltCallback	16	static
../Core/Src/main.c:458:6:TIM3_InputCapture_Init	40	static
../Core/Src/main.c:489:6:generate_pulse_and_measure	24	static,ignoring_inline_asm
../Core/Src/main.c:524:10:measure_time_of_flight	24	static,ignoring_inline_asm
../Core/Src/main.c:560:6:Read_Temperature	16	static
../Core/Src/main.c:581:6:Read_All_Voltages	48	static
../Core/Src/main.c:641:10:Read_ADC_Single	40	static
../Core/Src/main.c:659:10:Read_ADC_Average	40	static
../Core/Src/main.c:674:6:SystemClock_Config	88	static
../Core/Src/main.c:702:6:MX_GPIO_Init	48	static
../Core/Src/main.c:771:6:MX_USART1_UART_Init	8	static
../Core/Src/main.c:784:6:MX_USART2_UART_Init	8	static
../Core/Src/main.c:797:6:MX_ADC1_Init	8	static
../Core/Src/main.c:809:6:MX_ADC2_Init	8	static
../Core/Src/main.c:821:6:Error_Handler	8	static,ignoring_inline_asm
