../Core/Src/main.c:111:6:ModBus_TransmitFrame	32	static,ignoring_inline_asm
../Core/Src/main.c:138:13:USART2_PrintInt	40	static
../Core/Src/main.c:166:13:USART2_PrintFloat	32	static
../Core/Src/main.c:180:13:Check_Voltage_Change	32	static
../Core/Src/main.c:202:13:Update_Poll_Period_From_Modbus	16	static
../Core/Src/main.c:236:6:Process_Measurement_Results	72	static
../Core/Src/main.c:301:5:main	80	static,ignoring_inline_asm
../Core/Src/main.c:458:6:HAL_UART_RxCpltCallback	16	static
../Core/Src/main.c:465:6:TIM3_InputCapture_Init	40	static
../Core/Src/main.c:494:6:generate_pulse_and_measure	24	static,ignoring_inline_asm
../Core/Src/main.c:526:10:measure_time_of_flight	24	static,ignoring_inline_asm
../Core/Src/main.c:569:6:Read_Temperature	16	static
../Core/Src/main.c:588:6:Read_All_Voltages	48	static
../Core/Src/main.c:645:10:Read_ADC_Single	40	static
../Core/Src/main.c:664:10:Read_ADC_Average	40	static
../Core/Src/main.c:682:6:SystemClock_Config	88	static
../Core/Src/main.c:710:13:MX_GPIO_Init	48	static
../Core/Src/main.c:779:13:MX_USART1_UART_Init	8	static
../Core/Src/main.c:792:13:MX_USART2_UART_Init	8	static
../Core/Src/main.c:805:13:MX_ADC1_Init	8	static
../Core/Src/main.c:817:13:MX_ADC2_Init	8	static
../Core/Src/main.c:829:6:Error_Handler	8	static,ignoring_inline_asm
