../Core/Src/main.c:99:5:main	32	static,ignoring_inline_asm
../Core/Src/main.c:287:6:HAL_UART_RxCpltCallback	16	static
../Core/Src/main.c:297:6:TIM3_InputCapture_Init	40	static
../Core/Src/main.c:336:6:generate_pulse_and_start_timer	16	static,ignoring_inline_asm
../Core/Src/main.c:368:10:measure_time_of_flight	16	static,ignoring_inline_asm
../Core/Src/main.c:395:6:print_tof_results	24	static
../Core/Src/main.c:425:10:Read_ADC_Single	40	static
../Core/Src/main.c:450:10:Read_ADC_Average	40	static
../Core/Src/main.c:474:6:Read_All_Voltages	48	static
../Core/Src/main.c:531:6:SystemClock_Config	88	static
../Core/Src/main.c:572:13:MX_GPIO_Init	48	static
../Core/Src/main.c:661:13:MX_USART1_UART_Init	8	static
../Core/Src/main.c:680:13:MX_USART2_UART_Init	8	static
../Core/Src/main.c:699:13:MX_ADC1_Init	24	static
../Core/Src/main.c:727:13:MX_ADC2_Init	24	static
../Core/Src/main.c:755:6:Error_Handler	8	static,ignoring_inline_asm
