../Core/Src/main.c:265:14:GetUsableLevelHeightMm	16	static
../Core/Src/main.c:1408:13:Update_Poll_Period_From_Modbus	32	static
../Core/Src/main.c:455:14:InterpolateCalibratedLevel	64	static
../Core/Src/main.c:2158:13:PrepareCaptureWindow	16	static
../Core/Src/main.c:2560:13:DelayWithModBusService	16	static,ignoring_inline_asm
../Core/Src/main.c:1391:13:Check_Voltage_Change	24	static
../Core/Src/main.c:2230:13:UpdateCaptureCoilFault.part.0	8	static
../Core/Src/main.c:1522:13:ReadPublishedFloat32.isra	16	static
../Core/Src/main.c:246:14:DistanceFromRawTofMm	16	static
../Core/Src/main.c:1537:6:Process_Measurement_Results	96	static
../Core/Src/main.c:2015:6:HAL_UART_RxCpltCallback	0	static
../Core/Src/main.c:2022:6:HAL_UART_TxCpltCallback	0	static
../Core/Src/main.c:2027:6:TIM3_InputCapture_Init	48	static
../Core/Src/main.c:2069:6:generate_pulse_and_measure	24	static,ignoring_inline_asm
../Core/Src/main.c:2325:23:MeasureSingleLaunch	32	static,ignoring_inline_asm
../Core/Src/main.c:630:16:GetStableCalibrationSample.part.0	72	static
../Core/Src/main.c:1085:6:Process_Calibration_Command	48	static
../Core/Src/main.c:2428:10:measure_time_of_flight	160	static
../Core/Src/main.c:2544:6:Read_Temperature	16	static
../Core/Src/main.c:2613:10:Read_ADC_Single	32	static
../Core/Src/main.c:2633:10:Read_ADC_Average	40	static
../Core/Src/main.c:2571:6:Read_All_Voltages	16	static
../Core/Src/main.c:2673:6:MX_GPIO_Init	56	static
../Core/Src/main.c:2764:6:Error_Handler	8	static
../Core/Src/main.c:2646:6:SystemClock_Config	88	static
../Core/Src/main.c:2714:6:MX_USART1_UART_Init	8	static
../Core/Src/main.c:2727:6:MX_USART2_UART_Init	8	static
../Core/Src/main.c:2740:6:MX_ADC1_Init	8	static
../Core/Src/main.c:2752:6:MX_ADC2_Init	8	static
../Core/Src/main.c:1714:5:main	64	static,ignoring_inline_asm
