../Core/Src/main.c:118:6:ModBus_TransmitFrame	32	static,ignoring_inline_asm
../Core/Src/main.c:150:13:USART2_PrintInt	40	static
../Core/Src/main.c:179:13:USART2_PrintFloat	32	static
../Core/Src/main.c:194:13:Check_Voltage_Change	32	static
../Core/Src/main.c:235:6:Process_Measurement_Results	24	static
../Core/Src/main.c:258:5:main	80	static,ignoring_inline_asm
../Core/Src/main.c:419:6:HAL_UART_RxCpltCallback	16	static
../Core/Src/main.c:426:6:TIM3_InputCapture_Init	40	static
../Core/Src/main.c:457:6:generate_pulse_and_measure	16	static,ignoring_inline_asm
../Core/Src/main.c:484:10:measure_time_of_flight	24	static,ignoring_inline_asm
../Core/Src/main.c:526:6:Read_Temperature	16	static
../Core/Src/main.c:545:6:Read_All_Voltages	48	static
../Core/Src/main.c:607:10:Read_ADC_Single	40	static
../Core/Src/main.c:626:10:Read_ADC_Average	40	static
../Core/Src/main.c:644:6:SystemClock_Config	88	static
../Core/Src/main.c:672:13:MX_GPIO_Init	48	static
../Core/Src/main.c:741:13:MX_USART1_UART_Init	8	static
../Core/Src/main.c:754:13:MX_USART2_UART_Init	8	static
../Core/Src/main.c:767:13:MX_ADC1_Init	8	static
../Core/Src/main.c:779:13:MX_ADC2_Init	8	static
../Core/Src/main.c:791:6:Error_Handler	8	static,ignoring_inline_asm
