../Core/Src/main.c:127:14:Calculate_Position	48	static
../Core/Src/main.c:145:6:Process_Calibration_Command	64	static
../Core/Src/main.c:220:13:Check_Voltage_Change	32	static
../Core/Src/main.c:237:13:Update_Poll_Period_From_Modbus	24	static
../Core/Src/main.c:256:17:GetMeasurementTimeoutMs	32	static
../Core/Src/main.c:277:6:Process_Measurement_Results	88	static
../Core/Src/main.c:386:5:main	88	static,ignoring_inline_asm
../Core/Src/main.c:605:6:HAL_UART_RxCpltCallback	16	static
../Core/Src/main.c:612:6:HAL_UART_TxCpltCallback	16	static
../Core/Src/main.c:617:6:TIM3_InputCapture_Init	40	static
../Core/Src/main.c:659:6:generate_pulse_and_measure	24	static,ignoring_inline_asm
../Core/Src/main.c:714:13:PrepareCaptureWindow	32	static
../Core/Src/main.c:759:13:WaitForNextExcitationSlot	8	static,ignoring_inline_asm
../Core/Src/main.c:785:13:UpdateCaptureCoilFault	16	static
../Core/Src/main.c:830:13:AddMeasurementToWindow	16	static
../Core/Src/main.c:873:23:MeasureSingleLaunch	48	static,ignoring_inline_asm
../Core/Src/main.c:969:10:measure_time_of_flight	80	static
../Core/Src/main.c:1044:6:Read_Temperature	32	static
../Core/Src/main.c:1060:13:DelayWithModBusService	24	static,ignoring_inline_asm
../Core/Src/main.c:1071:6:Read_All_Voltages	32	static
../Core/Src/main.c:1121:10:Read_ADC_Single	40	static
../Core/Src/main.c:1141:10:Read_ADC_Average	40	static
../Core/Src/main.c:1154:6:SystemClock_Config	88	static
../Core/Src/main.c:1181:6:MX_GPIO_Init	40	static
../Core/Src/main.c:1222:6:MX_USART1_UART_Init	8	static
../Core/Src/main.c:1235:6:MX_USART2_UART_Init	8	static
../Core/Src/main.c:1248:6:MX_ADC1_Init	8	static
../Core/Src/main.c:1260:6:MX_ADC2_Init	8	static
../Core/Src/main.c:1272:6:Error_Handler	8	static
