../Core/Src/modbus.c:308:35:FindDescriptorByStart	12	static
../Core/Src/modbus.c:325:35:FindDescriptorByWord	20	static
../Core/Src/modbus.c:390:13:IsDisplayDataAddress	0	static
../Core/Src/modbus.c:401:13:IsGraduationAddress	0	static
../Core/Src/modbus.c:407:13:IsDocumentReservedReadAddress	0	static
../Core/Src/modbus.c:759:13:U16ValueIsValid	0	static
../Core/Src/modbus.c:1175:13:WriteFloatDirect	24	static
../Core/Src/modbus.c:1192:13:WriteU16Direct	16	static
../Core/Src/modbus.c:719:13:FloatValueIsValid.part.0	8	static
../Core/Src/modbus.c:779:13:MarkPersistentDirty	8	static
../Core/Src/modbus.c:1375:10:ModBus_CRC16.part.0	12	static
../Core/Src/modbus.c:2085:17:ExpectedRequestLength.part.0.constprop	0	static
../Core/Src/modbus.c:449:13:WriteAddressIsAccessible	8	static
../Core/Src/modbus.c:364:10:ModBus_AddressToIndex_External	16	static
../Core/Src/modbus.c:594:13:ReadRawRegisterInternal	32	static
../Core/Src/modbus.c:667:13:WriteRawRegister	8	static
../Core/Src/modbus.c:467:23:ModBus_GetRegisterType	8	static
../Core/Src/modbus.c:662:6:ModBus_ReadRawRegister	0	static
../Core/Src/modbus.c:788:7:ModBus_GetParameter_Float	16	static
../Core/Src/modbus.c:834:10:ModBus_GetParameter_Int	16	static
../Core/Src/modbus.c:1237:13:SynchronizeCommunicationSettings	16	static
../Core/Src/modbus.c:810:6:ModBus_SetParameter_Float	32	static
../Core/Src/modbus.c:1650:13:MarkWrittenAddressEffects	16	static
../Core/Src/modbus.c:1304:13:ApplyPendingCommunicationSettings.part.0	16	static
../Core/Src/modbus.c:847:6:ModBus_SetParameter_Int	24	static
../Core/Src/modbus.c:1018:6:ModBus_StorageProcess	40	static
../Core/Src/modbus.c:1077:6:ModBus_StorageIsBusy	8	static
../Core/Src/modbus.c:1088:28:ModBus_GetStorageSaveStatus	0	static
../Core/Src/modbus.c:1099:6:ModBus_ClearStorageSaveStatus	0	static
../Core/Src/modbus.c:1375:10:ModBus_CRC16	0	static
../Core/Src/modbus.c:1396:13:SendFrame	24	static,ignoring_inline_asm
../Core/Src/modbus.c:1428:13:SendException	16	static
../Core/Src/modbus.c:1592:13:ProcessRead	312	static
../Core/Src/modbus.c:1922:6:ModBus_Init	64	static
../Core/Src/modbus.c:2027:9:ModBus_GetDeviceAddress	0	static
../Core/Src/modbus.c:2032:6:ModBus_CommunicationIsBusy	0	static
../Core/Src/modbus.c:2041:6:ModBus_RxCallback	16	static
../Core/Src/modbus.c:2077:6:ModBus_RestartRx	0	static
../Core/Src/modbus.c:2115:6:ModBus_Process	320	static,ignoring_inline_asm
../Core/Src/modbus.c:2165:7:ModBus_GetWaveguideLength	16	static
../Core/Src/modbus.c:2172:6:ModBus_SetWaveguideLength	16	static
../Core/Src/modbus.c:2179:7:ModBus_GetMaterialWaveSpeed	16	static
../Core/Src/modbus.c:2186:6:ModBus_SetMaterialWaveSpeed	16	static
../Core/Src/modbus.c:2193:6:ModBus_SetTemperature	0	static
../Core/Src/modbus.c:2198:7:ModBus_GetTemperature	0	static
../Core/Src/modbus.c:2203:6:ModBus_PublishLiveMeasurements	32	static
../Core/Src/modbus.c:2234:6:ModBus_UpdateMeasurements	32	static
../Core/Src/modbus.c:2255:6:ModBus_UpdateVoltages	8	static
../Core/Src/modbus.c:2265:6:ModBus_UpdateFirmwareVersion	0	static
../Core/Src/modbus.c:2278:6:ModBus_ForceSaveToEEPROM	24	static
