../Core/Src/modbus.c:70:10:ModBus_CRC16	24	static
../Core/Src/modbus.c:92:13:FloatToRegisters	32	static
../Core/Src/modbus.c:108:14:RegistersToFloat	24	static
../Core/Src/modbus.c:124:17:ModBus_AddressToIndex	24	static
../Core/Src/modbus.c:146:16:IsPersistentAddress	16	static
../Core/Src/modbus.c:154:13:EEPROM_FlushIfNeeded	16	static
../Core/Src/modbus.c:166:13:EEPROM_Initialize	24	static
../Core/Src/modbus.c:213:7:ModBus_GetWaveguideLength	16	static
../Core/Src/modbus.c:224:6:ModBus_SetWaveguideLength	24	static
../Core/Src/modbus.c:235:7:ModBus_GetParameter_Float	24	static
../Core/Src/modbus.c:243:6:ModBus_SetParameter_Float	24	static
../Core/Src/modbus.c:252:10:ModBus_GetParameter_Int	24	static
../Core/Src/modbus.c:259:6:ModBus_SetParameter_Int	24	static
../Core/Src/modbus.c:268:10:ModBus_GetPulseWidthIterations	4	static
../Core/Src/modbus.c:276:13:ModBus_SendException	24	static
../Core/Src/modbus.c:288:13:ModBus_ReadHoldingRegisters	288	static
../Core/Src/modbus.c:327:13:ModBus_ReadInputRegisters	288	static
../Core/Src/modbus.c:349:13:ModBus_WriteSingleRegister	32	static
../Core/Src/modbus.c:377:13:ModBus_WriteMultipleRegisters	40	static
../Core/Src/modbus.c:402:13:ModBus_ProcessFrame	32	static
../Core/Src/modbus.c:458:6:ModBus_Init	24	static
../Core/Src/modbus.c:492:6:ModBus_RxCallback	24	static
../Core/Src/modbus.c:510:6:ModBus_RestartRx	8	static
../Core/Src/modbus.c:518:6:ModBus_Process	16	static
../Core/Src/modbus.c:532:6:ModBus_UpdateVoltages	24	static
../Core/Src/modbus.c:540:6:ModBus_UpdateMeasurements	32	static
../Core/Src/modbus.c:548:6:ModBus_UpdateFirmwareVersion	16	static
../Core/Src/modbus.c:556:6:ModBus_ForceSaveToEEPROM	8	static
