../Core/Src/modbus.c:76:10:ModBus_CRC16	24	static
../Core/Src/modbus.c:92:13:FloatToRegisters	32	static
../Core/Src/modbus.c:103:14:RegistersToFloat	24	static
../Core/Src/modbus.c:116:17:ModBus_AddressToIndex	24	static
../Core/Src/modbus.c:136:7:ModBus_GetWaveguideLength	16	static
../Core/Src/modbus.c:149:6:ModBus_SetWaveguideLength	24	static
../Core/Src/modbus.c:159:7:ModBus_GetParameter_Float	24	static
../Core/Src/modbus.c:168:6:ModBus_SetParameter_Float	24	static
../Core/Src/modbus.c:176:10:ModBus_GetParameter_Int	24	static
../Core/Src/modbus.c:185:6:ModBus_SetParameter_Int	24	static
../Core/Src/modbus.c:196:13:ModBus_SendException	24	static
../Core/Src/modbus.c:208:13:ModBus_ReadHoldingRegisters	288	static
../Core/Src/modbus.c:244:13:ModBus_ReadInputRegisters	288	static
../Core/Src/modbus.c:280:13:ModBus_WriteSingleRegister	32	static
../Core/Src/modbus.c:310:13:ModBus_WriteMultipleRegisters	40	static
../Core/Src/modbus.c:348:13:ModBus_ProcessFrame	32	static
../Core/Src/modbus.c:411:6:ModBus_Init	24	static
../Core/Src/modbus.c:432:6:ModBus_RxCallback	24	static
../Core/Src/modbus.c:449:6:ModBus_Process	16	static
../Core/Src/modbus.c:459:6:ModBus_UpdateVoltages	24	static
../Core/Src/modbus.c:467:6:ModBus_UpdateMeasurements	32	static
../Core/Src/modbus.c:479:6:ModBus_UpdateFirmwareVersion	16	static
