../Core/Src/modbus.c:81:10:ModBus_CRC16	24	static
../Core/Src/modbus.c:97:13:FloatToRegisters	32	static
../Core/Src/modbus.c:108:14:RegistersToFloat	24	static
../Core/Src/modbus.c:121:17:ModBus_AddressToIndex	24	static
../Core/Src/modbus.c:143:7:ModBus_GetWaveguideLength	16	static
../Core/Src/modbus.c:156:6:ModBus_SetWaveguideLength	24	static
../Core/Src/modbus.c:166:7:ModBus_GetParameter_Float	24	static
../Core/Src/modbus.c:175:6:ModBus_SetParameter_Float	24	static
../Core/Src/modbus.c:183:10:ModBus_GetParameter_Int	24	static
../Core/Src/modbus.c:192:6:ModBus_SetParameter_Int	24	static
../Core/Src/modbus.c:208:7:ModBus_GetPulseWidthUs	16	static
../Core/Src/modbus.c:222:7:ModBus_GetTofFreqMHz	16	static
../Core/Src/modbus.c:235:13:ModBus_SendException	24	static
../Core/Src/modbus.c:247:13:ModBus_ReadHoldingRegisters	288	static
../Core/Src/modbus.c:279:13:ModBus_ReadInputRegisters	288	static
../Core/Src/modbus.c:312:13:ModBus_WriteSingleRegister	32	static
../Core/Src/modbus.c:339:13:ModBus_WriteMultipleRegisters	40	static
../Core/Src/modbus.c:373:13:ModBus_ProcessFrame	32	static
../Core/Src/modbus.c:431:6:ModBus_Init	24	static
../Core/Src/modbus.c:452:6:ModBus_RxCallback	24	static
../Core/Src/modbus.c:470:6:ModBus_Process	16	static
../Core/Src/modbus.c:481:6:ModBus_UpdateVoltages	24	static
../Core/Src/modbus.c:489:6:ModBus_UpdateMeasurements	32	static
../Core/Src/modbus.c:500:6:ModBus_UpdateFirmwareVersion	16	static
