../Core/Src/modbus.c:49:10:ModBus_CRC16	24	static
../Core/Src/modbus.c:62:13:FloatToRegisters	32	static
../Core/Src/modbus.c:70:14:RegistersToFloat	24	static
../Core/Src/modbus.c:77:17:ModBus_AddressToIndex	24	static
../Core/Src/modbus.c:90:16:IsPersistentAddress	16	static
../Core/Src/modbus.c:95:13:EEPROM_FlushIfNeeded	16	static
../Core/Src/modbus.c:107:13:EEPROM_Initialize	16	static
../Core/Src/modbus.c:129:7:ModBus_GetWaveguideLength	16	static
../Core/Src/modbus.c:140:6:ModBus_SetWaveguideLength	24	static
../Core/Src/modbus.c:151:7:ModBus_GetParameter_Float	24	static
../Core/Src/modbus.c:159:6:ModBus_SetParameter_Float	24	static
../Core/Src/modbus.c:168:10:ModBus_GetParameter_Int	24	static
../Core/Src/modbus.c:175:6:ModBus_SetParameter_Int	24	static
../Core/Src/modbus.c:184:10:ModBus_GetPulseWidthIterations	4	static
../Core/Src/modbus.c:189:13:ModBus_SendException	24	static
../Core/Src/modbus.c:201:13:ModBus_ReadHoldingRegisters	288	static
../Core/Src/modbus.c:224:13:ModBus_ReadInputRegisters	288	static
../Core/Src/modbus.c:247:13:ModBus_WriteSingleRegister	32	static
../Core/Src/modbus.c:269:13:ModBus_WriteMultipleRegisters	40	static
../Core/Src/modbus.c:296:13:ModBus_ProcessFrame	32	static
../Core/Src/modbus.c:344:6:ModBus_Init	24	static
../Core/Src/modbus.c:370:6:ModBus_RxCallback	24	static
../Core/Src/modbus.c:382:6:ModBus_Process	16	static
../Core/Src/modbus.c:391:6:ModBus_UpdateVoltages	24	static
../Core/Src/modbus.c:399:6:ModBus_UpdateMeasurements	32	static
../Core/Src/modbus.c:407:6:ModBus_UpdateFirmwareVersion	16	static
../Core/Src/modbus.c:412:6:ModBus_ForceSaveToEEPROM	8	static
