../Core/Src/modbus.c:75:13:Read_Chip_UID	24	static
../Core/Src/modbus.c:82:13:AutoWrite_SerialNumber	16	static
../Core/Src/modbus.c:109:10:ModBus_CRC16	24	static
../Core/Src/modbus.c:125:13:FloatToRegisters	32	static
../Core/Src/modbus.c:136:14:RegistersToFloat	24	static
../Core/Src/modbus.c:150:17:ModBus_AddressToIndex	24	static
../Core/Src/modbus.c:164:10:ModBus_AddressToIndex_External	16	static
../Core/Src/modbus.c:169:16:IsPersistentAddress	16	static
../Core/Src/modbus.c:177:13:EEPROM_FlushIfNeeded	16	static
../Core/Src/modbus.c:193:13:EEPROM_Initialize	32	static
../Core/Src/modbus.c:247:7:ModBus_GetWaveguideLength	16	static
../Core/Src/modbus.c:258:6:ModBus_SetWaveguideLength	24	static
../Core/Src/modbus.c:269:7:ModBus_GetParameter_Float	24	static
../Core/Src/modbus.c:278:6:ModBus_SetParameter_Float	24	static
../Core/Src/modbus.c:287:10:ModBus_GetParameter_Int	24	static
../Core/Src/modbus.c:294:6:ModBus_SetParameter_Int	24	static
../Core/Src/modbus.c:303:10:ModBus_GetPulseWidthIterations	4	static
../Core/Src/modbus.c:308:13:ModBus_SendException	24	static
../Core/Src/modbus.c:320:16:IsAddressValid	16	static
../Core/Src/modbus.c:333:13:ModBus_ReadHoldingRegisters	288	static
../Core/Src/modbus.c:367:13:ModBus_ReadInputRegisters	288	static
../Core/Src/modbus.c:401:13:ModBus_WriteSingleRegister	32	static
../Core/Src/modbus.c:439:13:ModBus_WriteMultipleRegisters	40	static
../Core/Src/modbus.c:485:13:ModBus_ProcessFrame	32	static
../Core/Src/modbus.c:546:6:ModBus_Init	24	static
../Core/Src/modbus.c:577:6:ModBus_RxCallback	24	static
../Core/Src/modbus.c:595:6:ModBus_RestartRx	8	static
../Core/Src/modbus.c:602:6:ModBus_Process	16	static
../Core/Src/modbus.c:616:6:ModBus_UpdateVoltages	24	static
../Core/Src/modbus.c:624:6:ModBus_UpdateMeasurements	32	static
../Core/Src/modbus.c:633:6:ModBus_UpdateFirmwareVersion	16	static
../Core/Src/modbus.c:638:6:ModBus_ForceSaveToEEPROM	8	static
