../Core/Src/modbus.c:306:35:FindDescriptorByStart	24	static
../Core/Src/modbus.c:323:35:FindDescriptorByWord	32	static
../Core/Src/modbus.c:357:17:StorageIndex	16	static
../Core/Src/modbus.c:362:10:ModBus_AddressToIndex_External	24	static
../Core/Src/modbus.c:383:13:AddressInRange	16	static
../Core/Src/modbus.c:388:13:IsDisplayDataAddress	16	static
../Core/Src/modbus.c:393:13:IsDisplayMapAddress	16	static
../Core/Src/modbus.c:399:13:IsGraduationAddress	16	static
../Core/Src/modbus.c:405:13:IsDocumentReservedReadAddress	16	static
../Core/Src/modbus.c:431:13:ReadAddressIsAccessible	16	static
../Core/Src/modbus.c:447:13:WriteAddressIsAccessible	16	static
../Core/Src/modbus.c:455:30:GraduationRegisterType	16	static
../Core/Src/modbus.c:465:23:ModBus_GetRegisterType	24	static
../Core/Src/modbus.c:479:13:ReadGraduationFloat	32	static
../Core/Src/modbus.c:529:13:WriteGraduationFloat	40	static
../Core/Src/modbus.c:592:13:ReadRawRegisterInternal	32	static
../Core/Src/modbus.c:660:6:ModBus_ReadRawRegister	16	static
../Core/Src/modbus.c:665:13:WriteRawRegister	24	static
../Core/Src/modbus.c:692:13:FloatToWords	40	static
../Core/Src/modbus.c:708:14:WordsToFloat	24	static
../Core/Src/modbus.c:717:13:FloatValueIsValid	24	static
../Core/Src/modbus.c:751:13:U16ValueIsValid	16	static
../Core/Src/modbus.c:765:13:DescriptorIsPersistent	16	static
../Core/Src/modbus.c:771:13:MarkPersistentDirty	16	static
../Core/Src/modbus.c:780:7:ModBus_GetParameter_Float	40	static
../Core/Src/modbus.c:802:6:ModBus_SetParameter_Float	32	static
../Core/Src/modbus.c:826:10:ModBus_GetParameter_Int	24	static
../Core/Src/modbus.c:839:6:ModBus_SetParameter_Int	24	static
../Core/Src/modbus.c:867:17:SerializePersistent	40	static
../Core/Src/modbus.c:906:13:DeserializePersistent	48	static
../Core/Src/modbus.c:973:13:StorageStartSave	16	static
../Core/Src/modbus.c:1010:6:ModBus_StorageProcess	24	static
../Core/Src/modbus.c:1069:6:ModBus_StorageIsBusy	8	static
../Core/Src/modbus.c:1080:28:ModBus_GetStorageSaveStatus	4	static
../Core/Src/modbus.c:1091:6:ModBus_ClearStorageSaveStatus	4	static
../Core/Src/modbus.c:1100:13:ApplyDefaults	16	static
../Core/Src/modbus.c:1123:13:InitializeVolatileMeasurements	16	static
../Core/Src/modbus.c:1167:13:WriteFloatDirect	32	static
../Core/Src/modbus.c:1184:13:WriteU16Direct	24	static
../Core/Src/modbus.c:1195:16:ClampDeviceAddress	32	static
../Core/Src/modbus.c:1211:17:BaudCodeToRate	16	static
../Core/Src/modbus.c:1229:13:SynchronizeCommunicationSettings	48	static
../Core/Src/modbus.c:1296:13:ApplyPendingCommunicationSettings	16	static
../Core/Src/modbus.c:1351:13:AutoWriteSerialNumber	16	static
../Core/Src/modbus.c:1367:10:ModBus_CRC16	24	static
../Core/Src/modbus.c:1388:13:SendFrame	24	static,ignoring_inline_asm
../Core/Src/modbus.c:1420:13:SendException	24	static
../Core/Src/modbus.c:1430:13:ReadRangeIsValid	24	static
../Core/Src/modbus.c:1457:13:WriteRangeIsAtomic	40	static
../Core/Src/modbus.c:1502:13:GraduationValueIsValid	32	static
../Core/Src/modbus.c:1527:13:ValidateWriteValues	56	static
../Core/Src/modbus.c:1584:13:ProcessRead	312	static
../Core/Src/modbus.c:1631:13:MarkDescriptorDirtyByWord	24	static
../Core/Src/modbus.c:1642:13:MarkWrittenAddressEffects	24	static
../Core/Src/modbus.c:1659:13:ProcessWriteSingle	32	static
../Core/Src/modbus.c:1701:13:ProcessGraduationWrite	32	static
../Core/Src/modbus.c:1723:13:ProcessWriteMultiple	32	static
../Core/Src/modbus.c:1780:13:ProcessDiagnostics	32	static
../Core/Src/modbus.c:1802:13:ProcessReportServerId	272	static
../Core/Src/modbus.c:1819:13:ProcessFrame	40	static
../Core/Src/modbus.c:1914:6:ModBus_Init	16	static
../Core/Src/modbus.c:2019:9:ModBus_GetDeviceAddress	4	static
../Core/Src/modbus.c:2024:6:ModBus_CommunicationIsBusy	4	static
../Core/Src/modbus.c:2033:6:ModBus_RxCallback	24	static
../Core/Src/modbus.c:2069:6:ModBus_RestartRx	8	static
../Core/Src/modbus.c:2077:17:ExpectedRequestLength	16	static
../Core/Src/modbus.c:2107:6:ModBus_Process	16	static,ignoring_inline_asm
../Core/Src/modbus.c:2157:7:ModBus_GetWaveguideLength	24	static
../Core/Src/modbus.c:2164:6:ModBus_SetWaveguideLength	24	static
../Core/Src/modbus.c:2171:7:ModBus_GetMaterialWaveSpeed	24	static
../Core/Src/modbus.c:2178:6:ModBus_SetMaterialWaveSpeed	24	static
../Core/Src/modbus.c:2185:6:ModBus_SetTemperature	16	static
../Core/Src/modbus.c:2190:7:ModBus_GetTemperature	8	static
../Core/Src/modbus.c:2195:10:ModBus_GetPulseWidthIterations	4	static
../Core/Src/modbus.c:2200:6:ModBus_PublishLiveMeasurements	32	static
../Core/Src/modbus.c:2231:6:ModBus_UpdateMeasurements	48	static
../Core/Src/modbus.c:2252:6:ModBus_UpdateVoltages	24	static
../Core/Src/modbus.c:2265:6:ModBus_UpdateFirmwareVersion	16	static
../Core/Src/modbus.c:2278:6:ModBus_ForceSaveToEEPROM	8	static
