../Core/Src/modbus.c:299:35:FindDescriptorByStart	24	static
../Core/Src/modbus.c:316:35:FindDescriptorByWord	32	static
../Core/Src/modbus.c:350:17:StorageIndex	16	static
../Core/Src/modbus.c:355:10:ModBus_AddressToIndex_External	24	static
../Core/Src/modbus.c:376:13:AddressInRange	16	static
../Core/Src/modbus.c:381:13:IsDisplayDataAddress	16	static
../Core/Src/modbus.c:386:13:IsDisplayMapAddress	16	static
../Core/Src/modbus.c:392:13:IsGraduationAddress	16	static
../Core/Src/modbus.c:398:13:IsDocumentReservedReadAddress	16	static
../Core/Src/modbus.c:424:13:ReadAddressIsAccessible	16	static
../Core/Src/modbus.c:440:13:WriteAddressIsAccessible	16	static
../Core/Src/modbus.c:448:30:GraduationRegisterType	16	static
../Core/Src/modbus.c:458:23:ModBus_GetRegisterType	24	static
../Core/Src/modbus.c:472:13:ReadGraduationFloat	32	static
../Core/Src/modbus.c:522:13:WriteGraduationFloat	40	static
../Core/Src/modbus.c:585:13:ReadRawRegisterInternal	32	static
../Core/Src/modbus.c:653:6:ModBus_ReadRawRegister	16	static
../Core/Src/modbus.c:658:13:WriteRawRegister	24	static
../Core/Src/modbus.c:685:13:FloatToWords	40	static
../Core/Src/modbus.c:701:14:WordsToFloat	24	static
../Core/Src/modbus.c:710:13:FloatValueIsValid	24	static
../Core/Src/modbus.c:744:13:U16ValueIsValid	16	static
../Core/Src/modbus.c:758:13:DescriptorIsPersistent	16	static
../Core/Src/modbus.c:764:13:MarkPersistentDirty	16	static
../Core/Src/modbus.c:773:7:ModBus_GetParameter_Float	40	static
../Core/Src/modbus.c:795:6:ModBus_SetParameter_Float	32	static
../Core/Src/modbus.c:819:10:ModBus_GetParameter_Int	24	static
../Core/Src/modbus.c:832:6:ModBus_SetParameter_Int	24	static
../Core/Src/modbus.c:860:17:SerializePersistent	40	static
../Core/Src/modbus.c:899:13:DeserializePersistent	48	static
../Core/Src/modbus.c:966:13:StorageStartSave	16	static
../Core/Src/modbus.c:1003:6:ModBus_StorageProcess	24	static
../Core/Src/modbus.c:1058:6:ModBus_StorageIsBusy	8	static
../Core/Src/modbus.c:1069:28:ModBus_GetStorageSaveStatus	4	static
../Core/Src/modbus.c:1080:6:ModBus_ClearStorageSaveStatus	4	static
../Core/Src/modbus.c:1089:13:ApplyDefaults	16	static
../Core/Src/modbus.c:1112:13:InitializeVolatileMeasurements	16	static
../Core/Src/modbus.c:1156:13:WriteFloatDirect	32	static
../Core/Src/modbus.c:1173:13:WriteU16Direct	24	static
../Core/Src/modbus.c:1184:16:ClampDeviceAddress	32	static
../Core/Src/modbus.c:1200:17:BaudCodeToRate	16	static
../Core/Src/modbus.c:1218:13:SynchronizeCommunicationSettings	48	static
../Core/Src/modbus.c:1285:13:ApplyPendingCommunicationSettings	16	static
../Core/Src/modbus.c:1340:13:AutoWriteSerialNumber	16	static
../Core/Src/modbus.c:1356:10:ModBus_CRC16	24	static
../Core/Src/modbus.c:1377:13:SendFrame	24	static,ignoring_inline_asm
../Core/Src/modbus.c:1409:13:SendException	24	static
../Core/Src/modbus.c:1419:13:ReadRangeIsValid	24	static
../Core/Src/modbus.c:1446:13:WriteRangeIsAtomic	40	static
../Core/Src/modbus.c:1491:13:GraduationValueIsValid	32	static
../Core/Src/modbus.c:1516:13:ValidateWriteValues	56	static
../Core/Src/modbus.c:1573:13:ProcessRead	312	static
../Core/Src/modbus.c:1620:13:MarkDescriptorDirtyByWord	24	static
../Core/Src/modbus.c:1631:13:MarkWrittenAddressEffects	24	static
../Core/Src/modbus.c:1648:13:ProcessWriteSingle	32	static
../Core/Src/modbus.c:1690:13:ProcessGraduationWrite	32	static
../Core/Src/modbus.c:1712:13:ProcessWriteMultiple	32	static
../Core/Src/modbus.c:1769:13:ProcessDiagnostics	32	static
../Core/Src/modbus.c:1791:13:ProcessReportServerId	272	static
../Core/Src/modbus.c:1808:13:ProcessFrame	40	static
../Core/Src/modbus.c:1903:6:ModBus_Init	16	static
../Core/Src/modbus.c:1966:9:ModBus_GetDeviceAddress	4	static
../Core/Src/modbus.c:1971:6:ModBus_CommunicationIsBusy	4	static
../Core/Src/modbus.c:1980:6:ModBus_RxCallback	24	static
../Core/Src/modbus.c:2016:6:ModBus_RestartRx	8	static
../Core/Src/modbus.c:2024:17:ExpectedRequestLength	16	static
../Core/Src/modbus.c:2054:6:ModBus_Process	16	static,ignoring_inline_asm
../Core/Src/modbus.c:2104:7:ModBus_GetWaveguideLength	24	static
../Core/Src/modbus.c:2111:6:ModBus_SetWaveguideLength	24	static
../Core/Src/modbus.c:2118:7:ModBus_GetMaterialWaveSpeed	24	static
../Core/Src/modbus.c:2125:6:ModBus_SetMaterialWaveSpeed	24	static
../Core/Src/modbus.c:2132:6:ModBus_SetTemperature	16	static
../Core/Src/modbus.c:2137:7:ModBus_GetTemperature	8	static
../Core/Src/modbus.c:2142:10:ModBus_GetPulseWidthIterations	4	static
../Core/Src/modbus.c:2147:6:ModBus_PublishLiveMeasurements	32	static
../Core/Src/modbus.c:2178:6:ModBus_UpdateMeasurements	48	static
../Core/Src/modbus.c:2199:6:ModBus_UpdateVoltages	24	static
../Core/Src/modbus.c:2212:6:ModBus_UpdateFirmwareVersion	16	static
../Core/Src/modbus.c:2225:6:ModBus_ForceSaveToEEPROM	8	static
