../Core/Src/modbus.c:245:35:FindDescriptorByStart	24	static
../Core/Src/modbus.c:262:35:FindDescriptorByWord	32	static
../Core/Src/modbus.c:296:17:StorageIndex	16	static
../Core/Src/modbus.c:301:10:ModBus_AddressToIndex_External	24	static
../Core/Src/modbus.c:313:23:ModBus_GetRegisterType	24	static
../Core/Src/modbus.c:321:6:ModBus_ReadRawRegister	24	static
../Core/Src/modbus.c:343:13:WriteRawRegister	24	static
../Core/Src/modbus.c:355:13:FloatToWords	32	static
../Core/Src/modbus.c:364:14:WordsToFloat	24	static
../Core/Src/modbus.c:373:13:FloatValueIsValid	24	static
../Core/Src/modbus.c:401:13:U16ValueIsValid	16	static
../Core/Src/modbus.c:415:13:DescriptorIsPersistent	16	static
../Core/Src/modbus.c:421:13:MarkPersistentDirty	16	static
../Core/Src/modbus.c:430:7:ModBus_GetParameter_Float	40	static
../Core/Src/modbus.c:452:6:ModBus_SetParameter_Float	32	static
../Core/Src/modbus.c:476:10:ModBus_GetParameter_Int	24	static
../Core/Src/modbus.c:489:6:ModBus_SetParameter_Int	24	static
../Core/Src/modbus.c:517:17:SerializePersistent	40	static
../Core/Src/modbus.c:556:13:DeserializePersistent	48	static
../Core/Src/modbus.c:616:13:StorageStartSave	16	static
../Core/Src/modbus.c:634:6:ModBus_StorageProcess	24	static
../Core/Src/modbus.c:669:6:ModBus_StorageIsBusy	8	static
../Core/Src/modbus.c:674:13:ApplyDefaults	16	static
../Core/Src/modbus.c:693:13:WriteFloatDirect	32	static
../Core/Src/modbus.c:710:13:WriteU16Direct	24	static
../Core/Src/modbus.c:721:16:ClampDeviceAddress	32	static
../Core/Src/modbus.c:737:13:SynchronizeCommunicationSettings	40	static
../Core/Src/modbus.c:773:13:AutoWriteSerialNumber	16	static
../Core/Src/modbus.c:789:10:ModBus_CRC16	24	static
../Core/Src/modbus.c:810:13:SendFrame	24	static,ignoring_inline_asm
../Core/Src/modbus.c:842:13:SendException	24	static
../Core/Src/modbus.c:852:13:ReadRangeIsValid	24	static
../Core/Src/modbus.c:871:13:WriteRangeIsAtomic	40	static
../Core/Src/modbus.c:899:13:ValidateWriteValues	56	static
../Core/Src/modbus.c:940:13:ProcessRead	312	static
../Core/Src/modbus.c:987:13:MarkDescriptorDirtyByWord	24	static
../Core/Src/modbus.c:994:13:ProcessWriteSingle	32	static
../Core/Src/modbus.c:1034:13:ProcessWriteMultiple	40	static
../Core/Src/modbus.c:1094:13:ProcessFrame	40	static
../Core/Src/modbus.c:1171:6:ModBus_Init	16	static
../Core/Src/modbus.c:1216:9:ModBus_GetDeviceAddress	4	static
../Core/Src/modbus.c:1221:6:ModBus_CommunicationIsBusy	4	static
../Core/Src/modbus.c:1230:6:ModBus_RxCallback	24	static
../Core/Src/modbus.c:1266:6:ModBus_RestartRx	8	static
../Core/Src/modbus.c:1274:17:ExpectedRequestLength	16	static
../Core/Src/modbus.c:1300:6:ModBus_Process	16	static,ignoring_inline_asm
../Core/Src/modbus.c:1346:7:ModBus_GetWaveguideLength	24	static
../Core/Src/modbus.c:1353:6:ModBus_SetWaveguideLength	24	static
../Core/Src/modbus.c:1360:7:ModBus_GetMaterialWaveSpeed	24	static
../Core/Src/modbus.c:1367:6:ModBus_SetMaterialWaveSpeed	24	static
../Core/Src/modbus.c:1374:6:ModBus_SetTemperature	16	static
../Core/Src/modbus.c:1379:7:ModBus_GetTemperature	8	static
../Core/Src/modbus.c:1384:10:ModBus_GetPulseWidthIterations	4	static
../Core/Src/modbus.c:1389:6:ModBus_PublishLiveMeasurements	32	static
../Core/Src/modbus.c:1410:6:ModBus_UpdateMeasurements	48	static
../Core/Src/modbus.c:1431:6:ModBus_UpdateVoltages	24	static
../Core/Src/modbus.c:1444:6:ModBus_UpdateFirmwareVersion	16	static
../Core/Src/modbus.c:1449:6:ModBus_ForceSaveToEEPROM	4	static
