../Core/Src/modbus.c:76:10:ModBus_CRC16	24	static
../Core/Src/modbus.c:92:13:FloatToRegisters	32	static
../Core/Src/modbus.c:100:14:RegistersToFloat	24	static
../Core/Src/modbus.c:110:17:ModBus_AddressToIndex	24	static
../Core/Src/modbus.c:126:10:ModBus_AddressToIndex_External	16	static
../Core/Src/modbus.c:131:16:IsPersistentAddress	16	static
../Core/Src/modbus.c:139:13:EEPROM_FlushIfNeeded	16	static
../Core/Src/modbus.c:154:13:EEPROM_Initialize	24	static
../Core/Src/modbus.c:205:7:ModBus_GetWaveguideLength	16	static
../Core/Src/modbus.c:216:6:ModBus_SetWaveguideLength	24	static
../Core/Src/modbus.c:227:7:ModBus_GetParameter_Float	24	static
../Core/Src/modbus.c:235:6:ModBus_SetParameter_Float	24	static
../Core/Src/modbus.c:244:10:ModBus_GetParameter_Int	24	static
../Core/Src/modbus.c:251:6:ModBus_SetParameter_Int	24	static
../Core/Src/modbus.c:260:10:ModBus_GetPulseWidthIterations	4	static
../Core/Src/modbus.c:265:13:ModBus_SendException	24	static
../Core/Src/modbus.c:279:13:ModBus_ReadHoldingRegisters	288	static
../Core/Src/modbus.c:320:13:ModBus_ReadInputRegisters	288	static
../Core/Src/modbus.c:348:13:ModBus_WriteSingleRegister	32	static
../Core/Src/modbus.c:380:13:ModBus_WriteMultipleRegisters	40	static
../Core/Src/modbus.c:415:13:ModBus_ProcessFrame	32	static
../Core/Src/modbus.c:470:6:ModBus_Init	24	static
../Core/Src/modbus.c:501:6:ModBus_RxCallback	24	static
../Core/Src/modbus.c:519:6:ModBus_RestartRx	8	static
../Core/Src/modbus.c:524:6:ModBus_Process	16	static
../Core/Src/modbus.c:538:6:ModBus_UpdateVoltages	24	static
../Core/Src/modbus.c:546:6:ModBus_UpdateMeasurements	32	static
../Core/Src/modbus.c:555:6:ModBus_UpdateFirmwareVersion	16	static
../Core/Src/modbus.c:560:6:ModBus_ForceSaveToEEPROM	8	static
