../Core/Src/modbus.c:77:10:ModBus_CRC16	24	static
../Core/Src/modbus.c:93:13:FloatToRegisters	32	static
../Core/Src/modbus.c:104:14:RegistersToFloat	24	static
../Core/Src/modbus.c:117:17:ModBus_AddressToIndex	24	static
../Core/Src/modbus.c:138:16:IsPersistentAddress	16	static
../Core/Src/modbus.c:146:13:EEPROM_FlushIfNeeded	16	static
../Core/Src/modbus.c:163:13:EEPROM_Initialize	32	static
../Core/Src/modbus.c:228:7:ModBus_GetWaveguideLength	16	static
../Core/Src/modbus.c:239:6:ModBus_SetWaveguideLength	24	static
../Core/Src/modbus.c:250:7:ModBus_GetParameter_Float	24	static
../Core/Src/modbus.c:258:6:ModBus_SetParameter_Float	24	static
../Core/Src/modbus.c:267:10:ModBus_GetParameter_Int	24	static
../Core/Src/modbus.c:275:6:ModBus_SetParameter_Int	24	static
../Core/Src/modbus.c:284:10:ModBus_GetPulseWidthIterations	4	static
../Core/Src/modbus.c:292:13:ModBus_SendException	24	static
../Core/Src/modbus.c:307:13:ModBus_ReadHoldingRegisters	288	static
../Core/Src/modbus.c:348:13:ModBus_ReadInputRegisters	288	static
../Core/Src/modbus.c:388:13:ModBus_WriteSingleRegister	32	static
../Core/Src/modbus.c:424:13:ModBus_WriteMultipleRegisters	40	static
../Core/Src/modbus.c:471:13:ModBus_ProcessFrame	32	static
../Core/Src/modbus.c:540:6:ModBus_Init	24	static
../Core/Src/modbus.c:575:6:ModBus_RxCallback	24	static
../Core/Src/modbus.c:594:6:ModBus_RestartRx	8	static
../Core/Src/modbus.c:602:6:ModBus_Process	16	static
../Core/Src/modbus.c:617:6:ModBus_UpdateVoltages	24	static
../Core/Src/modbus.c:627:6:ModBus_UpdateMeasurements	32	static
../Core/Src/modbus.c:637:6:ModBus_UpdateFirmwareVersion	16	static
../Core/Src/modbus.c:645:6:ModBus_ForceSaveToEEPROM	8	static
