../Core/Src/modbus.c:63:10:ModBus_CRC16	24	static
../Core/Src/modbus.c:80:13:FloatToRegisters	32	static
../Core/Src/modbus.c:96:14:RegistersToFloat	24	static
../Core/Src/modbus.c:113:17:ModBus_AddressToIndex	24	static
../Core/Src/modbus.c:126:16:IsPersistentAddress	16	static
../Core/Src/modbus.c:134:13:EEPROM_FlushIfNeeded	16	static
../Core/Src/modbus.c:150:13:EEPROM_Initialize	16	static
../Core/Src/modbus.c:180:7:ModBus_GetWaveguideLength	16	static
../Core/Src/modbus.c:191:6:ModBus_SetWaveguideLength	24	static
../Core/Src/modbus.c:202:7:ModBus_GetParameter_Float	24	static
../Core/Src/modbus.c:210:6:ModBus_SetParameter_Float	24	static
../Core/Src/modbus.c:219:10:ModBus_GetParameter_Int	24	static
../Core/Src/modbus.c:226:6:ModBus_SetParameter_Int	24	static
../Core/Src/modbus.c:235:10:ModBus_GetPulseWidthIterations	4	static
../Core/Src/modbus.c:243:13:ModBus_SendException	24	static
../Core/Src/modbus.c:257:13:ModBus_ReadHoldingRegisters	288	static
../Core/Src/modbus.c:285:13:ModBus_ReadInputRegisters	288	static
../Core/Src/modbus.c:313:13:ModBus_WriteSingleRegister	32	static
../Core/Src/modbus.c:340:13:ModBus_WriteMultipleRegisters	40	static
../Core/Src/modbus.c:372:13:ModBus_ProcessFrame	32	static
../Core/Src/modbus.c:435:6:ModBus_Init	24	static
../Core/Src/modbus.c:465:6:ModBus_RxCallback	24	static
../Core/Src/modbus.c:487:6:ModBus_RestartRx	8	static
../Core/Src/modbus.c:495:6:ModBus_Process	16	static
../Core/Src/modbus.c:510:6:ModBus_UpdateVoltages	24	static
../Core/Src/modbus.c:518:6:ModBus_UpdateMeasurements	32	static
../Core/Src/modbus.c:527:6:ModBus_UpdateFirmwareVersion	16	static
../Core/Src/modbus.c:535:6:ModBus_ForceSaveToEEPROM	8	static
