../Core/Src/modbus.c:304:35:FindDescriptorByStart	24	static
../Core/Src/modbus.c:321:35:FindDescriptorByWord	32	static
../Core/Src/modbus.c:355:17:StorageIndex	16	static
../Core/Src/modbus.c:360:10:ModBus_AddressToIndex_External	24	static
../Core/Src/modbus.c:381:13:AddressInRange	16	static
../Core/Src/modbus.c:386:13:IsDisplayDataAddress	16	static
../Core/Src/modbus.c:391:13:IsDisplayMapAddress	16	static
../Core/Src/modbus.c:397:13:IsGraduationAddress	16	static
../Core/Src/modbus.c:403:13:IsDocumentReservedReadAddress	16	static
../Core/Src/modbus.c:429:13:ReadAddressIsAccessible	16	static
../Core/Src/modbus.c:445:13:WriteAddressIsAccessible	16	static
../Core/Src/modbus.c:453:30:GraduationRegisterType	16	static
../Core/Src/modbus.c:463:23:ModBus_GetRegisterType	24	static
../Core/Src/modbus.c:477:13:ReadGraduationFloat	32	static
../Core/Src/modbus.c:527:13:WriteGraduationFloat	40	static
../Core/Src/modbus.c:590:13:ReadRawRegisterInternal	32	static
../Core/Src/modbus.c:658:6:ModBus_ReadRawRegister	16	static
../Core/Src/modbus.c:663:13:WriteRawRegister	24	static
../Core/Src/modbus.c:690:13:FloatToWords	40	static
../Core/Src/modbus.c:706:14:WordsToFloat	24	static
../Core/Src/modbus.c:715:13:FloatValueIsValid	24	static
../Core/Src/modbus.c:749:13:U16ValueIsValid	16	static
../Core/Src/modbus.c:763:13:DescriptorIsPersistent	16	static
../Core/Src/modbus.c:769:13:MarkPersistentDirty	16	static
../Core/Src/modbus.c:778:7:ModBus_GetParameter_Float	40	static
../Core/Src/modbus.c:800:6:ModBus_SetParameter_Float	32	static
../Core/Src/modbus.c:824:10:ModBus_GetParameter_Int	24	static
../Core/Src/modbus.c:837:6:ModBus_SetParameter_Int	24	static
../Core/Src/modbus.c:865:17:SerializePersistent	40	static
../Core/Src/modbus.c:904:13:DeserializePersistent	48	static
../Core/Src/modbus.c:971:13:StorageStartSave	16	static
../Core/Src/modbus.c:1008:6:ModBus_StorageProcess	24	static
../Core/Src/modbus.c:1067:6:ModBus_StorageIsBusy	8	static
../Core/Src/modbus.c:1078:28:ModBus_GetStorageSaveStatus	4	static
../Core/Src/modbus.c:1089:6:ModBus_ClearStorageSaveStatus	4	static
../Core/Src/modbus.c:1098:13:ApplyDefaults	16	static
../Core/Src/modbus.c:1121:13:InitializeVolatileMeasurements	16	static
../Core/Src/modbus.c:1165:13:WriteFloatDirect	32	static
../Core/Src/modbus.c:1182:13:WriteU16Direct	24	static
../Core/Src/modbus.c:1193:16:ClampDeviceAddress	32	static
../Core/Src/modbus.c:1209:17:BaudCodeToRate	16	static
../Core/Src/modbus.c:1227:13:SynchronizeCommunicationSettings	48	static
../Core/Src/modbus.c:1294:13:ApplyPendingCommunicationSettings	16	static
../Core/Src/modbus.c:1349:13:AutoWriteSerialNumber	16	static
../Core/Src/modbus.c:1365:10:ModBus_CRC16	24	static
../Core/Src/modbus.c:1386:13:SendFrame	24	static,ignoring_inline_asm
../Core/Src/modbus.c:1418:13:SendException	24	static
../Core/Src/modbus.c:1428:13:ReadRangeIsValid	24	static
../Core/Src/modbus.c:1455:13:WriteRangeIsAtomic	40	static
../Core/Src/modbus.c:1500:13:GraduationValueIsValid	32	static
../Core/Src/modbus.c:1525:13:ValidateWriteValues	56	static
../Core/Src/modbus.c:1582:13:ProcessRead	312	static
../Core/Src/modbus.c:1629:13:MarkDescriptorDirtyByWord	24	static
../Core/Src/modbus.c:1640:13:MarkWrittenAddressEffects	24	static
../Core/Src/modbus.c:1657:13:ProcessWriteSingle	32	static
../Core/Src/modbus.c:1699:13:ProcessGraduationWrite	32	static
../Core/Src/modbus.c:1721:13:ProcessWriteMultiple	32	static
../Core/Src/modbus.c:1778:13:ProcessDiagnostics	32	static
../Core/Src/modbus.c:1800:13:ProcessReportServerId	272	static
../Core/Src/modbus.c:1817:13:ProcessFrame	40	static
../Core/Src/modbus.c:1912:6:ModBus_Init	16	static
../Core/Src/modbus.c:2017:9:ModBus_GetDeviceAddress	4	static
../Core/Src/modbus.c:2022:6:ModBus_CommunicationIsBusy	4	static
../Core/Src/modbus.c:2031:6:ModBus_RxCallback	24	static
../Core/Src/modbus.c:2067:6:ModBus_RestartRx	8	static
../Core/Src/modbus.c:2075:17:ExpectedRequestLength	16	static
../Core/Src/modbus.c:2105:6:ModBus_Process	16	static,ignoring_inline_asm
../Core/Src/modbus.c:2155:7:ModBus_GetWaveguideLength	24	static
../Core/Src/modbus.c:2162:6:ModBus_SetWaveguideLength	24	static
../Core/Src/modbus.c:2169:7:ModBus_GetMaterialWaveSpeed	24	static
../Core/Src/modbus.c:2176:6:ModBus_SetMaterialWaveSpeed	24	static
../Core/Src/modbus.c:2183:6:ModBus_SetTemperature	16	static
../Core/Src/modbus.c:2188:7:ModBus_GetTemperature	8	static
../Core/Src/modbus.c:2193:10:ModBus_GetPulseWidthIterations	4	static
../Core/Src/modbus.c:2198:6:ModBus_PublishLiveMeasurements	32	static
../Core/Src/modbus.c:2229:6:ModBus_UpdateMeasurements	48	static
../Core/Src/modbus.c:2250:6:ModBus_UpdateVoltages	16	static
../Core/Src/modbus.c:2260:6:ModBus_UpdateFirmwareVersion	16	static
../Core/Src/modbus.c:2273:6:ModBus_ForceSaveToEEPROM	8	static
