../Core/Src/modbus.c:270:35:FindDescriptorByStart	24	static
../Core/Src/modbus.c:287:35:FindDescriptorByWord	32	static
../Core/Src/modbus.c:321:17:StorageIndex	16	static
../Core/Src/modbus.c:326:10:ModBus_AddressToIndex_External	24	static
../Core/Src/modbus.c:347:13:AddressInRange	16	static
../Core/Src/modbus.c:352:13:IsDisplayDataAddress	16	static
../Core/Src/modbus.c:357:13:IsDisplayMapAddress	16	static
../Core/Src/modbus.c:363:13:IsGraduationAddress	16	static
../Core/Src/modbus.c:369:13:IsDocumentReservedReadAddress	16	static
../Core/Src/modbus.c:395:13:ReadAddressIsAccessible	16	static
../Core/Src/modbus.c:411:13:WriteAddressIsAccessible	16	static
../Core/Src/modbus.c:419:30:GraduationRegisterType	16	static
../Core/Src/modbus.c:429:23:ModBus_GetRegisterType	24	static
../Core/Src/modbus.c:443:13:ReadGraduationFloat	32	static
../Core/Src/modbus.c:493:13:WriteGraduationFloat	40	static
../Core/Src/modbus.c:556:13:ReadRawRegisterInternal	32	static
../Core/Src/modbus.c:624:6:ModBus_ReadRawRegister	16	static
../Core/Src/modbus.c:629:13:WriteRawRegister	24	static
../Core/Src/modbus.c:656:13:FloatToWords	40	static
../Core/Src/modbus.c:672:14:WordsToFloat	24	static
../Core/Src/modbus.c:681:13:FloatValueIsValid	24	static
../Core/Src/modbus.c:709:13:U16ValueIsValid	16	static
../Core/Src/modbus.c:723:13:DescriptorIsPersistent	16	static
../Core/Src/modbus.c:729:13:MarkPersistentDirty	16	static
../Core/Src/modbus.c:738:7:ModBus_GetParameter_Float	40	static
../Core/Src/modbus.c:760:6:ModBus_SetParameter_Float	32	static
../Core/Src/modbus.c:784:10:ModBus_GetParameter_Int	24	static
../Core/Src/modbus.c:797:6:ModBus_SetParameter_Int	24	static
../Core/Src/modbus.c:825:17:SerializePersistent	40	static
../Core/Src/modbus.c:864:13:DeserializePersistent	48	static
../Core/Src/modbus.c:924:13:StorageStartSave	16	static
../Core/Src/modbus.c:942:6:ModBus_StorageProcess	24	static
../Core/Src/modbus.c:977:6:ModBus_StorageIsBusy	8	static
../Core/Src/modbus.c:982:13:ApplyDefaults	16	static
../Core/Src/modbus.c:1005:13:InitializeVolatileMeasurements	16	static
../Core/Src/modbus.c:1049:13:WriteFloatDirect	32	static
../Core/Src/modbus.c:1066:13:WriteU16Direct	24	static
../Core/Src/modbus.c:1077:16:ClampDeviceAddress	32	static
../Core/Src/modbus.c:1093:17:BaudCodeToRate	16	static
../Core/Src/modbus.c:1111:13:SynchronizeCommunicationSettings	48	static
../Core/Src/modbus.c:1178:13:ApplyPendingCommunicationSettings	16	static
../Core/Src/modbus.c:1233:13:AutoWriteSerialNumber	16	static
../Core/Src/modbus.c:1249:10:ModBus_CRC16	24	static
../Core/Src/modbus.c:1270:13:SendFrame	24	static,ignoring_inline_asm
../Core/Src/modbus.c:1302:13:SendException	24	static
../Core/Src/modbus.c:1312:13:ReadRangeIsValid	24	static
../Core/Src/modbus.c:1339:13:WriteRangeIsAtomic	40	static
../Core/Src/modbus.c:1384:13:GraduationValueIsValid	32	static
../Core/Src/modbus.c:1409:13:ValidateWriteValues	56	static
../Core/Src/modbus.c:1466:13:ProcessRead	312	static
../Core/Src/modbus.c:1513:13:MarkDescriptorDirtyByWord	24	static
../Core/Src/modbus.c:1524:13:MarkWrittenAddressEffects	24	static
../Core/Src/modbus.c:1541:13:ProcessWriteSingle	32	static
../Core/Src/modbus.c:1583:13:ProcessGraduationWrite	32	static
../Core/Src/modbus.c:1605:13:ProcessWriteMultiple	32	static
../Core/Src/modbus.c:1662:13:ProcessDiagnostics	32	static
../Core/Src/modbus.c:1684:13:ProcessReportServerId	272	static
../Core/Src/modbus.c:1701:13:ProcessFrame	40	static
../Core/Src/modbus.c:1796:6:ModBus_Init	16	static
../Core/Src/modbus.c:1855:9:ModBus_GetDeviceAddress	4	static
../Core/Src/modbus.c:1860:6:ModBus_CommunicationIsBusy	4	static
../Core/Src/modbus.c:1869:6:ModBus_RxCallback	24	static
../Core/Src/modbus.c:1905:6:ModBus_RestartRx	8	static
../Core/Src/modbus.c:1913:17:ExpectedRequestLength	16	static
../Core/Src/modbus.c:1943:6:ModBus_Process	16	static,ignoring_inline_asm
../Core/Src/modbus.c:1993:7:ModBus_GetWaveguideLength	24	static
../Core/Src/modbus.c:2000:6:ModBus_SetWaveguideLength	24	static
../Core/Src/modbus.c:2007:7:ModBus_GetMaterialWaveSpeed	24	static
../Core/Src/modbus.c:2014:6:ModBus_SetMaterialWaveSpeed	24	static
../Core/Src/modbus.c:2021:6:ModBus_SetTemperature	16	static
../Core/Src/modbus.c:2026:7:ModBus_GetTemperature	8	static
../Core/Src/modbus.c:2031:10:ModBus_GetPulseWidthIterations	4	static
../Core/Src/modbus.c:2036:6:ModBus_PublishLiveMeasurements	32	static
../Core/Src/modbus.c:2067:6:ModBus_UpdateMeasurements	48	static
../Core/Src/modbus.c:2088:6:ModBus_UpdateVoltages	24	static
../Core/Src/modbus.c:2101:6:ModBus_UpdateFirmwareVersion	16	static
../Core/Src/modbus.c:2106:6:ModBus_ForceSaveToEEPROM	4	static
