../Core/Src/modbus.c:75:10:ModBus_CRC16	24	static
../Core/Src/modbus.c:91:13:FloatToRegisters	32	static
../Core/Src/modbus.c:99:14:RegistersToFloat	24	static
../Core/Src/modbus.c:110:17:ModBus_AddressToIndex	24	static
../Core/Src/modbus.c:135:16:IsPersistentAddress	16	static
../Core/Src/modbus.c:143:16:IsHoldingRegisterAddress	16	static
../Core/Src/modbus.c:157:13:EEPROM_FlushIfNeeded	16	static
../Core/Src/modbus.c:169:13:EEPROM_Initialize	32	static
../Core/Src/modbus.c:222:7:ModBus_GetWaveguideLength	16	static
../Core/Src/modbus.c:233:6:ModBus_SetWaveguideLength	24	static
../Core/Src/modbus.c:244:7:ModBus_GetSoundSpeed	16	static
../Core/Src/modbus.c:255:7:ModBus_GetParameter_Float	24	static
../Core/Src/modbus.c:263:6:ModBus_SetParameter_Float	24	static
../Core/Src/modbus.c:272:10:ModBus_GetParameter_Int	24	static
../Core/Src/modbus.c:279:6:ModBus_SetParameter_Int	24	static
../Core/Src/modbus.c:288:10:ModBus_GetPulseWidthIterations	4	static
../Core/Src/modbus.c:293:6:ModBus_WriteInputFloat	24	static
../Core/Src/modbus.c:301:6:ModBus_WriteInputInt16	24	static
../Core/Src/modbus.c:312:13:ModBus_SendException	24	static
../Core/Src/modbus.c:325:13:ModBus_ReadHoldingRegisters	288	static
../Core/Src/modbus.c:353:13:ModBus_ReadInputRegisters	288	static
../Core/Src/modbus.c:376:13:ModBus_WriteSingleRegister	32	static
../Core/Src/modbus.c:402:13:ModBus_WriteMultipleRegisters	40	static
../Core/Src/modbus.c:429:13:ModBus_ProcessFrame	32	static
../Core/Src/modbus.c:479:6:ModBus_Init	24	static
../Core/Src/modbus.c:506:6:ModBus_RxCallback	24	static
../Core/Src/modbus.c:521:6:ModBus_RestartRx	8	static
../Core/Src/modbus.c:526:6:ModBus_Process	16	static
../Core/Src/modbus.c:540:6:ModBus_UpdateVoltages	24	static
../Core/Src/modbus.c:548:6:ModBus_UpdateMeasurements	32	static
../Core/Src/modbus.c:556:6:ModBus_UpdateFirmwareVersion	16	static
../Core/Src/modbus.c:561:6:ModBus_ForceSaveToEEPROM	8	static
../Core/Src/modbus.c:576:6:Emulation_Enter	8	static
../Core/Src/modbus.c:583:6:Emulation_Exit	8	static
../Core/Src/modbus.c:589:6:Emulation_IsActive	8	static
../Core/Src/modbus.c:601:6:Access_IsAdmin	4	static
../Core/Src/modbus.c:602:6:Access_IsBlocked	4	static
../Core/Src/modbus.c:603:6:Access_SetAdmin	16	static
../Core/Src/modbus.c:609:6:Error_SetCode	16	static
../Core/Src/modbus.c:614:10:Error_GetCode	4	static
../Core/Src/modbus.c:619:6:Comm_ApplyBaudRate	16	static
../Core/Src/modbus.c:628:6:Comm_ApplyParity	16	static
../Core/Src/modbus.c:630:6:Comm_ApplyAddress	16	static
