../Core/Src/params_storage.c:36:17:CRC32_Update	32	static
../Core/Src/params_storage.c:55:17:CRC32_Calculate	16	static
../Core/Src/params_storage.c:60:13:WriteU16	16	static
../Core/Src/params_storage.c:66:17:ReadU16	16	static
../Core/Src/params_storage.c:72:13:WriteU32	24	static
../Core/Src/params_storage.c:80:17:ReadU32	16	static
../Core/Src/params_storage.c:88:13:SetError	16	static
../Core/Src/params_storage.c:93:22:ParamsStorage_GetLastError	4	static
../Core/Src/params_storage.c:98:13:ParamsStorage_ErrorToString	16	static
../Core/Src/params_storage.c:115:26:ReadHeader	24	static
../Core/Src/params_storage.c:160:26:VerifyStoredImage	32	static
../Core/Src/params_storage.c:228:6:ParamsStorage_IsAvailable	4	static
../Core/Src/params_storage.c:233:22:ParamsStorage_Init	24	static
../Core/Src/params_storage.c:282:19:ParamsStorage_Load	40	static
../Core/Src/params_storage.c:328:19:ParamsStorage_BeginSave	24	static
../Core/Src/params_storage.c:364:26:ParamsStorage_ProcessSave	24	static
../Core/Src/params_storage.c:452:26:ParamsStorage_GetSaveState	4	static
../Core/Src/params_storage.c:462:6:ParamsStorage_ClearSaveResult	8	static
../Core/Src/params_storage.c:474:19:ParamsStorage_Save	24	static
../Core/Src/params_storage.c:492:19:ParamsStorage_Invalidate	8	static
