../Core/Src/params_storage.c:29:17:CRC32_Calculate	24	static
../Core/Src/params_storage.c:44:13:WriteU16	16	static
../Core/Src/params_storage.c:50:17:ReadU16	16	static
../Core/Src/params_storage.c:56:13:WriteU32	24	static
../Core/Src/params_storage.c:64:17:ReadU32	16	static
../Core/Src/params_storage.c:72:26:ReadHeader	24	static
../Core/Src/params_storage.c:101:6:ParamsStorage_IsAvailable	4	static
../Core/Src/params_storage.c:106:22:ParamsStorage_Init	16	static
../Core/Src/params_storage.c:140:19:ParamsStorage_Load	40	static
../Core/Src/params_storage.c:170:19:ParamsStorage_BeginSave	24	static
../Core/Src/params_storage.c:199:26:ParamsStorage_ProcessSave	16	static
../Core/Src/params_storage.c:252:26:ParamsStorage_GetSaveState	4	static
../Core/Src/params_storage.c:262:6:ParamsStorage_ClearSaveResult	4	static
../Core/Src/params_storage.c:272:19:ParamsStorage_Save	24	static
../Core/Src/params_storage.c:290:19:ParamsStorage_Invalidate	8	static
