../Core/Src/params_storage.c:36:17:CRC32_Update	12	static
../Core/Src/params_storage.c:80:17:ReadU32.constprop	8	static
../Core/Src/params_storage.c:115:26:ReadHeader	16	static
../Core/Src/params_storage.c:93:22:ParamsStorage_GetLastError	0	static
../Core/Src/params_storage.c:98:13:ParamsStorage_ErrorToString	0	static
../Core/Src/params_storage.c:228:6:ParamsStorage_IsAvailable	0	static
../Core/Src/params_storage.c:282:19:ParamsStorage_Load	40	static
../Core/Src/params_storage.c:233:22:ParamsStorage_Init	32	static
../Core/Src/params_storage.c:328:19:ParamsStorage_BeginSave	24	static
../Core/Src/params_storage.c:364:26:ParamsStorage_ProcessSave	40	static
../Core/Src/params_storage.c:452:26:ParamsStorage_GetSaveState	0	static
../Core/Src/params_storage.c:462:6:ParamsStorage_ClearSaveResult	8	static
../Core/Src/params_storage.c:474:19:ParamsStorage_Save	8	static
../Core/Src/params_storage.c:492:19:ParamsStorage_Invalidate	8	static
