../Core/Src/stm32f1xx_it.c:26:6:TIM3_IRQHandler	8	static
../Core/Src/stm32f1xx_it.c:87:6:USART1_IRQHandler	0	static
../Core/Src/stm32f1xx_it.c:92:6:USART2_IRQHandler	0	static
../Core/Src/stm32f1xx_it.c:99:6:HAL_UART_ErrorCallback	16	static
../Core/Src/stm32f1xx_it.c:116:6:NMI_Handler	0	static
../Core/Src/stm32f1xx_it.c:117:6:HardFault_Handler	0	static
../Core/Src/stm32f1xx_it.c:118:6:MemManage_Handler	0	static
../Core/Src/stm32f1xx_it.c:119:6:BusFault_Handler	0	static
../Core/Src/stm32f1xx_it.c:120:6:UsageFault_Handler	0	static
../Core/Src/stm32f1xx_it.c:121:6:SVC_Handler	0	static
../Core/Src/stm32f1xx_it.c:122:6:DebugMon_Handler	0	static
../Core/Src/stm32f1xx_it.c:123:6:PendSV_Handler	0	static
../Core/Src/stm32f1xx_it.c:124:6:SysTick_Handler	0	static
