../Core/Src/stm32f1xx_it.c:61:6:NMI_Handler	4	static
../Core/Src/stm32f1xx_it.c:76:6:HardFault_Handler	4	static
../Core/Src/stm32f1xx_it.c:91:6:MemManage_Handler	4	static
../Core/Src/stm32f1xx_it.c:106:6:BusFault_Handler	4	static
../Core/Src/stm32f1xx_it.c:121:6:UsageFault_Handler	4	static
../Core/Src/stm32f1xx_it.c:136:6:SVC_Handler	4	static
../Core/Src/stm32f1xx_it.c:149:6:DebugMon_Handler	4	static
../Core/Src/stm32f1xx_it.c:162:6:PendSV_Handler	4	static
../Core/Src/stm32f1xx_it.c:175:6:SysTick_Handler	8	static
../Core/Src/stm32f1xx_it.c:197:6:TIM3_IRQHandler	4	static
../Core/Src/stm32f1xx_it.c:225:6:USART1_IRQHandler	8	static
../Core/Src/stm32f1xx_it.c:239:6:USART2_IRQHandler	8	static
../Core/Src/stm32f1xx_it.c:253:6:ADC1_2_IRQHandler	8	static
