../Core/Src/temp_sensors.c:70:9:TempSensors_ScanBus	40	static
../Core/Src/temp_sensors.c:94:6:TempSensors_LoadHeightsFromEEPROM	48	static
../Core/Src/temp_sensors.c:110:6:TempSensors_Init	8	static
../Core/Src/temp_sensors.c:127:6:TempSensors_ReadAll	56	static
../Core/Src/temp_sensors.c:169:6:TempSensors_CalculateAverages	56	static
../Core/Src/temp_sensors.c:231:6:TempSensors_SaveHeightsToEEPROM	16	static
../Core/Src/temp_sensors.c:241:6:TempSensors_UpdateModbusRegisters	32	static
../Core/Src/temp_sensors.c:259:21:TempSensors_GetState	0	static
../Core/Src/temp_sensors.c:264:6:TempSensors_IsPresent	0	static
../Core/Src/temp_sensors.c:269:7:TempSensors_GetTemperature	0	static
../Core/Src/temp_sensors.c:279:9:TempSensors_GetDetectedCount	0	static
