../Core/Src/utils.c:105:13:DebugTxKickLocked	16	static
../Core/Src/utils.c:28:6:uint32_to_dec_str.part.0	40	static
../Core/Src/utils.c:28:6:uint32_to_dec_str	0	static
../Core/Src/utils.c:47:6:float_to_str	48	static
../Core/Src/utils.c:160:6:USART2_TxProcess	8	static,ignoring_inline_asm
../Core/Src/utils.c:130:13:DebugTxEnqueue.part.0	16	static
../Core/Src/utils.c:213:6:USART2_Print.part.0	8	static
../Core/Src/utils.c:170:6:USART2_TxCpltCallback	0	static
../Core/Src/utils.c:186:6:USART2_TxErrorCallback	0	static
../Core/Src/utils.c:194:6:USART2_TxIsIdle	0	static
../Core/Src/utils.c:199:10:USART2_TxPendingBytes	0	static
../Core/Src/utils.c:208:10:USART2_TxDroppedBytes	0	static
../Core/Src/utils.c:213:6:USART2_Print	0	static
../Core/Src/utils.c:219:6:USART2_PrintNum	24	static
../Core/Src/utils.c:226:6:USART2_PrintInt	8	static
../Core/Src/utils.c:232:6:USART2_PrintFloat	32	static
../Core/Src/utils.c:239:6:USART2_PrintHexByte	16	static
../Core/Src/utils.c:249:6:USART2_PrintHexBuffer	24	static
../Core/Src/utils.c:323:13:PrintFrame	32	static
../Core/Src/utils.c:259:6:USART2_BufInit	0	static
../Core/Src/utils.c:294:6:USART2_BufFlush	8	static
../Core/Src/utils.c:264:13:BufferPutChar	16	static
../Core/Src/utils.c:272:6:USART2_BufPrint.part.0	8	static
../Core/Src/utils.c:272:6:USART2_BufPrint	0	static
../Core/Src/utils.c:287:6:USART2_BufPrintFloat	32	static
../Core/Src/utils.c:278:6:USART2_BufPrintInt	24	static
../Core/Src/utils.c:333:6:USART2_PrintModBusCommand	0	static
../Core/Src/utils.c:338:6:USART2_PrintModBusResponse	0	static
../Core/Src/utils.c:343:6:ModBus_DebugFrame	16	static
