../Core/Src/utils.c:22:17:SignedMagnitude	16	static
../Core/Src/utils.c:27:6:uint32_to_dec_str	32	static
../Core/Src/utils.c:46:6:float_to_str	72	static
../Core/Src/utils.c:95:17:QueueFree	16	static
../Core/Src/utils.c:104:13:DebugTxKickLocked	16	static
../Core/Src/utils.c:129:13:DebugTxEnqueue	32	static
../Core/Src/utils.c:159:6:USART2_TxProcess	16	static,ignoring_inline_asm
../Core/Src/utils.c:169:6:USART2_TxCpltCallback	24	static
../Core/Src/utils.c:185:6:USART2_TxErrorCallback	16	static
../Core/Src/utils.c:193:6:USART2_TxIsIdle	4	static
../Core/Src/utils.c:198:10:USART2_TxPendingBytes	16	static
../Core/Src/utils.c:207:10:USART2_TxDroppedBytes	4	static
../Core/Src/utils.c:212:6:USART2_Print	16	static
../Core/Src/utils.c:218:6:USART2_PrintNum	32	static
../Core/Src/utils.c:225:6:USART2_PrintInt	16	static
../Core/Src/utils.c:231:6:USART2_PrintFloat	40	static
../Core/Src/utils.c:238:6:USART2_PrintHexByte	24	static
../Core/Src/utils.c:248:6:USART2_PrintHexBuffer	24	static
../Core/Src/utils.c:258:6:USART2_BufInit	4	static
../Core/Src/utils.c:263:13:BufferPutChar	16	static
../Core/Src/utils.c:271:6:USART2_BufPrint	16	static
../Core/Src/utils.c:277:6:USART2_BufPrintInt	32	static
../Core/Src/utils.c:286:6:USART2_BufPrintFloat	40	static
../Core/Src/utils.c:293:6:USART2_BufFlush	8	static
../Core/Src/utils.c:300:13:PrintTimestamp	32	static
../Core/Src/utils.c:322:13:PrintFrame	24	static
../Core/Src/utils.c:332:6:USART2_PrintModBusCommand	16	static
../Core/Src/utils.c:337:6:USART2_PrintModBusResponse	16	static
../Core/Src/utils.c:342:6:ModBus_DebugFrame	24	static
