Archive member included to satisfy reference by file (symbol)

c:/st/stm32cubeide_1.10.1/stm32cubeide/plugins/com.st.stm32cube.ide.mcu.externaltools.gnu-tools-for-stm32.10.3-2021.10.win32_1.0.0.202111181127/tools/bin/../lib/gcc/arm-none-eabi/10.3.1/../../../../arm-none-eabi/lib/thumb/v7-m/nofp\libc_nano.a(lib_a-errno.o)
                              ./Core/Src/syscalls.o (__errno)
c:/st/stm32cubeide_1.10.1/stm32cubeide/plugins/com.st.stm32cube.ide.mcu.externaltools.gnu-tools-for-stm32.10.3-2021.10.win32_1.0.0.202111181127/tools/bin/../lib/gcc/arm-none-eabi/10.3.1/../../../../arm-none-eabi/lib/thumb/v7-m/nofp\libc_nano.a(lib_a-exit.o)
                              c:/st/stm32cubeide_1.10.1/stm32cubeide/plugins/com.st.stm32cube.ide.mcu.externaltools.gnu-tools-for-stm32.10.3-2021.10.win32_1.0.0.202111181127/tools/bin/../lib/gcc/arm-none-eabi/10.3.1/../../../../arm-none-eabi/lib/thumb/v7-m/nofp/crt0.o (exit)
c:/st/stm32cubeide_1.10.1/stm32cubeide/plugins/com.st.stm32cube.ide.mcu.externaltools.gnu-tools-for-stm32.10.3-2021.10.win32_1.0.0.202111181127/tools/bin/../lib/gcc/arm-none-eabi/10.3.1/../../../../arm-none-eabi/lib/thumb/v7-m/nofp\libc_nano.a(lib_a-impure.o)
                              c:/st/stm32cubeide_1.10.1/stm32cubeide/plugins/com.st.stm32cube.ide.mcu.externaltools.gnu-tools-for-stm32.10.3-2021.10.win32_1.0.0.202111181127/tools/bin/../lib/gcc/arm-none-eabi/10.3.1/../../../../arm-none-eabi/lib/thumb/v7-m/nofp\libc_nano.a(lib_a-exit.o) (_global_impure_ptr)
c:/st/stm32cubeide_1.10.1/stm32cubeide/plugins/com.st.stm32cube.ide.mcu.externaltools.gnu-tools-for-stm32.10.3-2021.10.win32_1.0.0.202111181127/tools/bin/../lib/gcc/arm-none-eabi/10.3.1/../../../../arm-none-eabi/lib/thumb/v7-m/nofp\libc_nano.a(lib_a-init.o)
                              c:/st/stm32cubeide_1.10.1/stm32cubeide/plugins/com.st.stm32cube.ide.mcu.externaltools.gnu-tools-for-stm32.10.3-2021.10.win32_1.0.0.202111181127/tools/bin/../lib/gcc/arm-none-eabi/10.3.1/../../../../arm-none-eabi/lib/thumb/v7-m/nofp/crt0.o (__libc_init_array)
c:/st/stm32cubeide_1.10.1/stm32cubeide/plugins/com.st.stm32cube.ide.mcu.externaltools.gnu-tools-for-stm32.10.3-2021.10.win32_1.0.0.202111181127/tools/bin/../lib/gcc/arm-none-eabi/10.3.1/../../../../arm-none-eabi/lib/thumb/v7-m/nofp\libc_nano.a(lib_a-memset.o)
                              c:/st/stm32cubeide_1.10.1/stm32cubeide/plugins/com.st.stm32cube.ide.mcu.externaltools.gnu-tools-for-stm32.10.3-2021.10.win32_1.0.0.202111181127/tools/bin/../lib/gcc/arm-none-eabi/10.3.1/../../../../arm-none-eabi/lib/thumb/v7-m/nofp/crt0.o (memset)
c:/st/stm32cubeide_1.10.1/stm32cubeide/plugins/com.st.stm32cube.ide.mcu.externaltools.gnu-tools-for-stm32.10.3-2021.10.win32_1.0.0.202111181127/tools/bin/../lib/gcc/arm-none-eabi/10.3.1/../../../../arm-none-eabi/lib/thumb/v7-m/nofp\libc_nano.a(lib_a-strcpy.o)
                              ./Core/Src/utils.o (strcpy)
c:/st/stm32cubeide_1.10.1/stm32cubeide/plugins/com.st.stm32cube.ide.mcu.externaltools.gnu-tools-for-stm32.10.3-2021.10.win32_1.0.0.202111181127/tools/bin/../lib/gcc/arm-none-eabi/10.3.1/../../../../arm-none-eabi/lib/thumb/v7-m/nofp\libc_nano.a(lib_a-strlen.o)
                              ./Core/Src/utils.o (strlen)
c:/st/stm32cubeide_1.10.1/stm32cubeide/plugins/com.st.stm32cube.ide.mcu.externaltools.gnu-tools-for-stm32.10.3-2021.10.win32_1.0.0.202111181127/tools/bin/../lib/gcc/arm-none-eabi/10.3.1/thumb/v7-m/nofp\libgcc.a(_arm_mulsf3.o)
                              ./Core/Src/main.o (__aeabi_fmul)
c:/st/stm32cubeide_1.10.1/stm32cubeide/plugins/com.st.stm32cube.ide.mcu.externaltools.gnu-tools-for-stm32.10.3-2021.10.win32_1.0.0.202111181127/tools/bin/../lib/gcc/arm-none-eabi/10.3.1/thumb/v7-m/nofp\libgcc.a(_arm_addsubsf3.o)
                              ./Core/Src/main.o (__aeabi_fsub)
c:/st/stm32cubeide_1.10.1/stm32cubeide/plugins/com.st.stm32cube.ide.mcu.externaltools.gnu-tools-for-stm32.10.3-2021.10.win32_1.0.0.202111181127/tools/bin/../lib/gcc/arm-none-eabi/10.3.1/thumb/v7-m/nofp\libgcc.a(_arm_muldivsf3.o)
                              ./Core/Src/lm75b.o (__aeabi_fdiv)
c:/st/stm32cubeide_1.10.1/stm32cubeide/plugins/com.st.stm32cube.ide.mcu.externaltools.gnu-tools-for-stm32.10.3-2021.10.win32_1.0.0.202111181127/tools/bin/../lib/gcc/arm-none-eabi/10.3.1/thumb/v7-m/nofp\libgcc.a(_arm_cmpsf2.o)
                              ./Core/Src/main.o (__aeabi_fcmpeq)
c:/st/stm32cubeide_1.10.1/stm32cubeide/plugins/com.st.stm32cube.ide.mcu.externaltools.gnu-tools-for-stm32.10.3-2021.10.win32_1.0.0.202111181127/tools/bin/../lib/gcc/arm-none-eabi/10.3.1/thumb/v7-m/nofp\libgcc.a(_arm_fixsfsi.o)
                              ./Core/Src/main.o (__aeabi_f2iz)
c:/st/stm32cubeide_1.10.1/stm32cubeide/plugins/com.st.stm32cube.ide.mcu.externaltools.gnu-tools-for-stm32.10.3-2021.10.win32_1.0.0.202111181127/tools/bin/../lib/gcc/arm-none-eabi/10.3.1/thumb/v7-m/nofp\libgcc.a(_arm_fixunssfsi.o)
                              ./Core/Src/main.o (__aeabi_f2uiz)

Discarded input sections

[...]
Memory Configuration

Name             Origin             Length             Attributes
RAM              0x0000000020000000 0x0000000000005000 xrw
FLASH            0x0000000008000000 0x0000000000010000 xr
*default*        0x0000000000000000 0xffffffffffffffff

Linker script and memory map

LOAD c:/st/stm32cubeide_1.10.1/stm32cubeide/plugins/com.st.stm32cube.ide.mcu.externaltools.gnu-tools-for-stm32.10.3-2021.10.win32_1.0.0.202111181127/tools/bin/../lib/gcc/arm-none-eabi/10.3.1/thumb/v7-m/nofp/crti.o
LOAD c:/st/stm32cubeide_1.10.1/stm32cubeide/plugins/com.st.stm32cube.ide.mcu.externaltools.gnu-tools-for-stm32.10.3-2021.10.win32_1.0.0.202111181127/tools/bin/../lib/gcc/arm-none-eabi/10.3.1/thumb/v7-m/nofp/crtbegin.o
LOAD c:/st/stm32cubeide_1.10.1/stm32cubeide/plugins/com.st.stm32cube.ide.mcu.externaltools.gnu-tools-for-stm32.10.3-2021.10.win32_1.0.0.202111181127/tools/bin/../lib/gcc/arm-none-eabi/10.3.1/../../../../arm-none-eabi/lib/thumb/v7-m/nofp/crt0.o
LOAD ./Core/Src/at24c02.o
LOAD ./Core/Src/config.o
LOAD ./Core/Src/i2c_config.o
LOAD ./Core/Src/lm75b.o
LOAD ./Core/Src/main.o
LOAD ./Core/Src/modbus.o
LOAD ./Core/Src/stm32f1xx_hal_msp.o
LOAD ./Core/Src/stm32f1xx_it.o
LOAD ./Core/Src/syscalls.o
LOAD ./Core/Src/sysmem.o
LOAD ./Core/Src/system_stm32f1xx.o
LOAD ./Core/Src/utils.o
LOAD ./Core/Startup/startup_stm32f103c8tx.o
LOAD ./Drivers/STM32F1xx_HAL_Driver/Src/stm32f1xx_hal.o
LOAD ./Drivers/STM32F1xx_HAL_Driver/Src/stm32f1xx_hal_adc.o
LOAD ./Drivers/STM32F1xx_HAL_Driver/Src/stm32f1xx_hal_adc_ex.o
LOAD ./Drivers/STM32F1xx_HAL_Driver/Src/stm32f1xx_hal_cortex.o
LOAD ./Drivers/STM32F1xx_HAL_Driver/Src/stm32f1xx_hal_dma.o
LOAD ./Drivers/STM32F1xx_HAL_Driver/Src/stm32f1xx_hal_exti.o
LOAD ./Drivers/STM32F1xx_HAL_Driver/Src/stm32f1xx_hal_flash.o
LOAD ./Drivers/STM32F1xx_HAL_Driver/Src/stm32f1xx_hal_flash_ex.o
LOAD ./Drivers/STM32F1xx_HAL_Driver/Src/stm32f1xx_hal_gpio.o
LOAD ./Drivers/STM32F1xx_HAL_Driver/Src/stm32f1xx_hal_gpio_ex.o
LOAD ./Drivers/STM32F1xx_HAL_Driver/Src/stm32f1xx_hal_i2c.o
LOAD ./Drivers/STM32F1xx_HAL_Driver/Src/stm32f1xx_hal_pwr.o
LOAD ./Drivers/STM32F1xx_HAL_Driver/Src/stm32f1xx_hal_rcc.o
LOAD ./Drivers/STM32F1xx_HAL_Driver/Src/stm32f1xx_hal_rcc_ex.o
LOAD ./Drivers/STM32F1xx_HAL_Driver/Src/stm32f1xx_hal_tim.o
LOAD ./Drivers/STM32F1xx_HAL_Driver/Src/stm32f1xx_hal_tim_ex.o
LOAD ./Drivers/STM32F1xx_HAL_Driver/Src/stm32f1xx_hal_uart.o
START GROUP
LOAD c:/st/stm32cubeide_1.10.1/stm32cubeide/plugins/com.st.stm32cube.ide.mcu.externaltools.gnu-tools-for-stm32.10.3-2021.10.win32_1.0.0.202111181127/tools/bin/../lib/gcc/arm-none-eabi/10.3.1/../../../../arm-none-eabi/lib/thumb/v7-m/nofp\libc_nano.a
LOAD c:/st/stm32cubeide_1.10.1/stm32cubeide/plugins/com.st.stm32cube.ide.mcu.externaltools.gnu-tools-for-stm32.10.3-2021.10.win32_1.0.0.202111181127/tools/bin/../lib/gcc/arm-none-eabi/10.3.1/../../../../arm-none-eabi/lib/thumb/v7-m/nofp\libm.a
END GROUP
START GROUP
LOAD c:/st/stm32cubeide_1.10.1/stm32cubeide/plugins/com.st.stm32cube.ide.mcu.externaltools.gnu-tools-for-stm32.10.3-2021.10.win32_1.0.0.202111181127/tools/bin/../lib/gcc/arm-none-eabi/10.3.1/thumb/v7-m/nofp\libgcc.a
LOAD c:/st/stm32cubeide_1.10.1/stm32cubeide/plugins/com.st.stm32cube.ide.mcu.externaltools.gnu-tools-for-stm32.10.3-2021.10.win32_1.0.0.202111181127/tools/bin/../lib/gcc/arm-none-eabi/10.3.1/../../../../arm-none-eabi/lib/thumb/v7-m/nofp\libc_nano.a
END GROUP
START GROUP
LOAD c:/st/stm32cubeide_1.10.1/stm32cubeide/plugins/com.st.stm32cube.ide.mcu.externaltools.gnu-tools-for-stm32.10.3-2021.10.win32_1.0.0.202111181127/tools/bin/../lib/gcc/arm-none-eabi/10.3.1/thumb/v7-m/nofp\libgcc.a
LOAD c:/st/stm32cubeide_1.10.1/stm32cubeide/plugins/com.st.stm32cube.ide.mcu.externaltools.gnu-tools-for-stm32.10.3-2021.10.win32_1.0.0.202111181127/tools/bin/../lib/gcc/arm-none-eabi/10.3.1/../../../../arm-none-eabi/lib/thumb/v7-m/nofp\libc_nano.a
LOAD c:/st/stm32cubeide_1.10.1/stm32cubeide/plugins/com.st.stm32cube.ide.mcu.externaltools.gnu-tools-for-stm32.10.3-2021.10.win32_1.0.0.202111181127/tools/bin/../lib/gcc/arm-none-eabi/10.3.1/../../../../arm-none-eabi/lib/thumb/v7-m/nofp\libnosys.a
END GROUP
START GROUP
LOAD c:/st/stm32cubeide_1.10.1/stm32cubeide/plugins/com.st.stm32cube.ide.mcu.externaltools.gnu-tools-for-stm32.10.3-2021.10.win32_1.0.0.202111181127/tools/bin/../lib/gcc/arm-none-eabi/10.3.1/thumb/v7-m/nofp\libgcc.a
LOAD c:/st/stm32cubeide_1.10.1/stm32cubeide/plugins/com.st.stm32cube.ide.mcu.externaltools.gnu-tools-for-stm32.10.3-2021.10.win32_1.0.0.202111181127/tools/bin/../lib/gcc/arm-none-eabi/10.3.1/../../../../arm-none-eabi/lib/thumb/v7-m/nofp\libc_nano.a
LOAD c:/st/stm32cubeide_1.10.1/stm32cubeide/plugins/com.st.stm32cube.ide.mcu.externaltools.gnu-tools-for-stm32.10.3-2021.10.win32_1.0.0.202111181127/tools/bin/../lib/gcc/arm-none-eabi/10.3.1/../../../../arm-none-eabi/lib/thumb/v7-m/nofp\libnosys.a
END GROUP
LOAD c:/st/stm32cubeide_1.10.1/stm32cubeide/plugins/com.st.stm32cube.ide.mcu.externaltools.gnu-tools-for-stm32.10.3-2021.10.win32_1.0.0.202111181127/tools/bin/../lib/gcc/arm-none-eabi/10.3.1/thumb/v7-m/nofp/crtend.o
LOAD c:/st/stm32cubeide_1.10.1/stm32cubeide/plugins/com.st.stm32cube.ide.mcu.externaltools.gnu-tools-for-stm32.10.3-2021.10.win32_1.0.0.202111181127/tools/bin/../lib/gcc/arm-none-eabi/10.3.1/thumb/v7-m/nofp/crtn.o
                0x0000000020005000                _estack = (ORIGIN (RAM) + LENGTH (RAM))
                0x0000000000000200                _Min_Heap_Size = 0x200
                0x0000000000000400                _Min_Stack_Size = 0x400

.isr_vector     0x0000000008000000      0x10c
                0x0000000008000000                . = ALIGN (0x4)
 *(.isr_vector)
 .isr_vector    0x0000000008000000      0x10c ./Core/Startup/startup_stm32f103c8tx.o
                0x0000000008000000                g_pfnVectors
                0x000000000800010c                . = ALIGN (0x4)

.text           0x000000000800010c     0x683c
                0x000000000800010c                . = ALIGN (0x4)
 *(.text)
 .text          0x000000000800010c       0x40 c:/st/stm32cubeide_1.10.1/stm32cubeide/plugins/com.st.stm32cube.ide.mcu.externaltools.gnu-tools-for-stm32.10.3-2021.10.win32_1.0.0.202111181127/tools/bin/../lib/gcc/arm-none-eabi/10.3.1/thumb/v7-m/nofp/crtbegin.o
 .text          0x000000000800014c       0x10 c:/st/stm32cubeide_1.10.1/stm32cubeide/plugins/com.st.stm32cube.ide.mcu.externaltools.gnu-tools-for-stm32.10.3-2021.10.win32_1.0.0.202111181127/tools/bin/../lib/gcc/arm-none-eabi/10.3.1/../../../../arm-none-eabi/lib/thumb/v7-m/nofp\libc_nano.a(lib_a-strlen.o)
                0x000000000800014c                strlen
 .text          0x000000000800015c      0x21c c:/st/stm32cubeide_1.10.1/stm32cubeide/plugins/com.st.stm32cube.ide.mcu.externaltools.gnu-tools-for-stm32.10.3-2021.10.win32_1.0.0.202111181127/tools/bin/../lib/gcc/arm-none-eabi/10.3.1/thumb/v7-m/nofp\libgcc.a(_arm_addsubsf3.o)
                0x000000000800015c                __aeabi_frsub
                0x0000000008000164                __subsf3
                0x0000000008000164                __aeabi_fsub
                0x0000000008000168                __aeabi_fadd
                0x0000000008000168                __addsf3
                0x00000000080002c8                __aeabi_ui2f
                0x00000000080002c8                __floatunsisf
                0x00000000080002d0                __aeabi_i2f
                0x00000000080002d0                __floatsisf
                0x00000000080002ec                __aeabi_ul2f
                0x00000000080002ec                __floatundisf
                0x00000000080002fc                __aeabi_l2f
                0x00000000080002fc                __floatdisf
 .text          0x0000000008000378      0x2a0 c:/st/stm32cubeide_1.10.1/stm32cubeide/plugins/com.st.stm32cube.ide.mcu.externaltools.gnu-tools-for-stm32.10.3-2021.10.win32_1.0.0.202111181127/tools/bin/../lib/gcc/arm-none-eabi/10.3.1/thumb/v7-m/nofp\libgcc.a(_arm_muldivsf3.o)
                0x0000000008000378                __mulsf3
                0x0000000008000378                __aeabi_fmul
                0x00000000080004e0                __aeabi_fdiv
                0x00000000080004e0                __divsf3
 .text          0x0000000008000618       0xec c:/st/stm32cubeide_1.10.1/stm32cubeide/plugins/com.st.stm32cube.ide.mcu.externaltools.gnu-tools-for-stm32.10.3-2021.10.win32_1.0.0.202111181127/tools/bin/../lib/gcc/arm-none-eabi/10.3.1/thumb/v7-m/nofp\libgcc.a(_arm_cmpsf2.o)
                0x0000000008000618                __gesf2
                0x0000000008000618                __gtsf2
                0x0000000008000620                __lesf2
                0x0000000008000620                __ltsf2
                0x0000000008000628                __nesf2
                0x0000000008000628                __eqsf2
                0x0000000008000628                __cmpsf2
                0x0000000008000688                __aeabi_cfrcmple
                0x0000000008000690                __aeabi_cfcmpeq
                0x0000000008000690                __aeabi_cfcmple
                0x00000000080006a0                __aeabi_fcmpeq
                0x00000000080006b4                __aeabi_fcmplt
                0x00000000080006c8                __aeabi_fcmple
                0x00000000080006dc                __aeabi_fcmpge
                0x00000000080006f0                __aeabi_fcmpgt
 .text          0x0000000008000704       0x4c c:/st/stm32cubeide_1.10.1/stm32cubeide/plugins/com.st.stm32cube.ide.mcu.externaltools.gnu-tools-for-stm32.10.3-2021.10.win32_1.0.0.202111181127/tools/bin/../lib/gcc/arm-none-eabi/10.3.1/thumb/v7-m/nofp\libgcc.a(_arm_fixsfsi.o)
                0x0000000008000704                __aeabi_f2iz
                0x0000000008000704                __fixsfsi
 .text          0x0000000008000750       0x40 c:/st/stm32cubeide_1.10.1/stm32cubeide/plugins/com.st.stm32cube.ide.mcu.externaltools.gnu-tools-for-stm32.10.3-2021.10.win32_1.0.0.202111181127/tools/bin/../lib/gcc/arm-none-eabi/10.3.1/thumb/v7-m/nofp\libgcc.a(_arm_fixunssfsi.o)
                0x0000000008000750                __fixunssfsi
                0x0000000008000750                __aeabi_f2uiz
 *(.text*)
 .text.MX_I2C2_Init
                0x0000000008000790       0xec ./Core/Src/i2c_config.o
                0x0000000008000790                MX_I2C2_Init
 .text.LM75B_Init
                0x000000000800087c       0x38 ./Core/Src/lm75b.o
                0x000000000800087c                LM75B_Init
 .text.LM75B_ReadRawTemperature
                0x00000000080008b4       0x64 ./Core/Src/lm75b.o
                0x00000000080008b4                LM75B_ReadRawTemperature
 .text.Stat_AddValue
                0x0000000008000918       0x64 ./Core/Src/main.o
 .text.Stat_CalculateTrimmedAverage
                0x000000000800097c       0xcc ./Core/Src/main.o
 .text.Stat_ClearHistory
                0x0000000008000a48       0x50 ./Core/Src/main.o
 .text.ModBus_TransmitFrame
                0x0000000008000a98       0xcc ./Core/Src/main.o
                0x0000000008000a98                ModBus_TransmitFrame
 .text.USART2_PrintInt
                0x0000000008000b64       0xd0 ./Core/Src/main.o
 .text.USART2_PrintFloat
                0x0000000008000c34       0x9c ./Core/Src/main.o
 .text.Check_Voltage_Change
                0x0000000008000cd0       0xbc ./Core/Src/main.o
 .text.Update_Poll_Period_From_Modbus
                0x0000000008000d8c       0x74 ./Core/Src/main.o
 .text.Process_Measurement_Results
                0x0000000008000e00      0x494 ./Core/Src/main.o
                0x0000000008000e00                Process_Measurement_Results
 .text.main     0x0000000008001294      0x448 ./Core/Src/main.o
                0x0000000008001294                main
 .text.HAL_UART_RxCpltCallback
                0x00000000080016dc       0x24 ./Core/Src/main.o
                0x00000000080016dc                HAL_UART_RxCpltCallback
 .text.TIM3_InputCapture_Init
                0x0000000008001700       0xfc ./Core/Src/main.o
                0x0000000008001700                TIM3_InputCapture_Init
 .text.generate_pulse_and_measure
                0x00000000080017fc       0xdc ./Core/Src/main.o
                0x00000000080017fc                generate_pulse_and_measure
 .text.measure_time_of_flight
                0x00000000080018d8       0xc4 ./Core/Src/main.o
                0x00000000080018d8                measure_time_of_flight
 .text.Read_Temperature
                0x000000000800199c       0x84 ./Core/Src/main.o
                0x000000000800199c                Read_Temperature
 .text.Read_All_Voltages
                0x0000000008001a20      0x274 ./Core/Src/main.o
                0x0000000008001a20                Read_All_Voltages
 .text.Read_ADC_Single
                0x0000000008001c94       0x70 ./Core/Src/main.o
                0x0000000008001c94                Read_ADC_Single
 .text.Read_ADC_Average
                0x0000000008001d04       0x72 ./Core/Src/main.o
                0x0000000008001d04                Read_ADC_Average
 .text.SystemClock_Config
                0x0000000008001d76       0x98 ./Core/Src/main.o
                0x0000000008001d76                SystemClock_Config
 *fill*         0x0000000008001e0e        0x2 
 .text.MX_GPIO_Init
                0x0000000008001e10      0x1d8 ./Core/Src/main.o
                0x0000000008001e10                MX_GPIO_Init
 .text.MX_USART1_UART_Init
                0x0000000008001fe8       0x48 ./Core/Src/main.o
                0x0000000008001fe8                MX_USART1_UART_Init
 .text.MX_USART2_UART_Init
                0x0000000008002030       0x48 ./Core/Src/main.o
                0x0000000008002030                MX_USART2_UART_Init
 .text.MX_ADC1_Init
                0x0000000008002078       0x44 ./Core/Src/main.o
                0x0000000008002078                MX_ADC1_Init
 .text.MX_ADC2_Init
                0x00000000080020bc       0x44 ./Core/Src/main.o
                0x00000000080020bc                MX_ADC2_Init
 .text.ModBus_CRC16
                0x0000000008002100       0x70 ./Core/Src/modbus.o
                0x0000000008002100                ModBus_CRC16
 .text.FloatToRegisters
                0x0000000008002170       0x2c ./Core/Src/modbus.o
 .text.RegistersToFloat
                0x000000000800219c       0x26 ./Core/Src/modbus.o
 .text.ModBus_AddressToIndex
                0x00000000080021c2       0x6c ./Core/Src/modbus.o
 *fill*         0x000000000800222e        0x2 
 .text.ModBus_GetWaveguideLength
                0x0000000008002230       0x78 ./Core/Src/modbus.o
                0x0000000008002230                ModBus_GetWaveguideLength
 .text.ModBus_GetParameter_Float
                0x00000000080022a8       0x54 ./Core/Src/modbus.o
                0x00000000080022a8                ModBus_GetParameter_Float
 .text.ModBus_SetParameter_Float
                0x00000000080022fc       0x50 ./Core/Src/modbus.o
                0x00000000080022fc                ModBus_SetParameter_Float
 .text.ModBus_SetParameter_Int
                0x000000000800234c       0x44 ./Core/Src/modbus.o
                0x000000000800234c                ModBus_SetParameter_Int
 .text.ModBus_SendException
                0x0000000008002390       0x60 ./Core/Src/modbus.o
 .text.ModBus_ReadHoldingRegisters
                0x00000000080023f0      0x1f4 ./Core/Src/modbus.o
 .text.ModBus_ReadInputRegisters
                0x00000000080025e4      0x1f4 ./Core/Src/modbus.o
 .text.ModBus_WriteSingleRegister
                0x00000000080027d8      0x12c ./Core/Src/modbus.o
 .text.ModBus_WriteMultipleRegisters
                0x0000000008002904      0x184 ./Core/Src/modbus.o
 .text.ModBus_ProcessFrame
                0x0000000008002a88      0x23c ./Core/Src/modbus.o
 .text.ModBus_Init
                0x0000000008002cc4       0xc0 ./Core/Src/modbus.o
                0x0000000008002cc4                ModBus_Init
 .text.ModBus_RxCallback
                0x0000000008002d84       0x84 ./Core/Src/modbus.o
                0x0000000008002d84                ModBus_RxCallback
 .text.ModBus_Process
                0x0000000008002e08       0x34 ./Core/Src/modbus.o
                0x0000000008002e08                ModBus_Process
 .text.ModBus_UpdateVoltages
                0x0000000008002e3c       0x60 ./Core/Src/modbus.o
                0x0000000008002e3c                ModBus_UpdateVoltages
 .text.ModBus_UpdateMeasurements
                0x0000000008002e9c       0x7c ./Core/Src/modbus.o
                0x0000000008002e9c                ModBus_UpdateMeasurements
 .text.ModBus_UpdateFirmwareVersion
                0x0000000008002f18       0x1e ./Core/Src/modbus.o
                0x0000000008002f18                ModBus_UpdateFirmwareVersion
 *fill*         0x0000000008002f36        0x2 
 .text.HAL_MspInit
                0x0000000008002f38       0x64 ./Core/Src/stm32f1xx_hal_msp.o
                0x0000000008002f38                HAL_MspInit
 .text.HAL_ADC_MspInit
                0x0000000008002f9c       0xcc ./Core/Src/stm32f1xx_hal_msp.o
                0x0000000008002f9c                HAL_ADC_MspInit
 .text.HAL_UART_MspInit
                0x0000000008003068      0x108 ./Core/Src/stm32f1xx_hal_msp.o
                0x0000000008003068                HAL_UART_MspInit
 .text.NMI_Handler
                0x0000000008003170        0x6 ./Core/Src/stm32f1xx_it.o
                0x0000000008003170                NMI_Handler
 .text.HardFault_Handler
                0x0000000008003176        0x6 ./Core/Src/stm32f1xx_it.o
                0x0000000008003176                HardFault_Handler
 .text.MemManage_Handler
                0x000000000800317c        0x6 ./Core/Src/stm32f1xx_it.o
                0x000000000800317c                MemManage_Handler
 .text.BusFault_Handler
                0x0000000008003182        0x6 ./Core/Src/stm32f1xx_it.o
                0x0000000008003182                BusFault_Handler
 .text.UsageFault_Handler
                0x0000000008003188        0x6 ./Core/Src/stm32f1xx_it.o
                0x0000000008003188                UsageFault_Handler
 .text.SVC_Handler
                0x000000000800318e        0xc ./Core/Src/stm32f1xx_it.o
                0x000000000800318e                SVC_Handler
 .text.DebugMon_Handler
                0x000000000800319a        0xc ./Core/Src/stm32f1xx_it.o
                0x000000000800319a                DebugMon_Handler
 .text.PendSV_Handler
                0x00000000080031a6        0xc ./Core/Src/stm32f1xx_it.o
                0x00000000080031a6                PendSV_Handler
 .text.SysTick_Handler
                0x00000000080031b2        0xc ./Core/Src/stm32f1xx_it.o
                0x00000000080031b2                SysTick_Handler
 *fill*         0x00000000080031be        0x2 
 .text.TIM3_IRQHandler
                0x00000000080031c0       0xc0 ./Core/Src/stm32f1xx_it.o
                0x00000000080031c0                TIM3_IRQHandler
 .text.USART1_IRQHandler
                0x0000000008003280       0x14 ./Core/Src/stm32f1xx_it.o
                0x0000000008003280                USART1_IRQHandler
 .text.USART2_IRQHandler
                0x0000000008003294       0x14 ./Core/Src/stm32f1xx_it.o
                0x0000000008003294                USART2_IRQHandler
 .text.ADC1_2_IRQHandler
                0x00000000080032a8       0x1c ./Core/Src/stm32f1xx_it.o
                0x00000000080032a8                ADC1_2_IRQHandler
 .text.SystemInit
                0x00000000080032c4        0xc ./Core/Src/system_stm32f1xx.o
                0x00000000080032c4                SystemInit
 .text.USART2_Print
                0x00000000080032d0       0x30 ./Core/Src/utils.o
                0x00000000080032d0                USART2_Print
 .text.Reset_Handler
                0x0000000008003300       0x48 ./Core/Startup/startup_stm32f103c8tx.o
                0x0000000008003300                Reset_Handler
 .text.Default_Handler
                0x0000000008003348        0x2 ./Core/Startup/startup_stm32f103c8tx.o
                0x0000000008003348                RTC_Alarm_IRQHandler
                0x0000000008003348                EXTI2_IRQHandler
                0x0000000008003348                TIM1_CC_IRQHandler
                0x0000000008003348                PVD_IRQHandler
                0x0000000008003348                EXTI3_IRQHandler
                0x0000000008003348                EXTI0_IRQHandler
                0x0000000008003348                I2C2_EV_IRQHandler
                0x0000000008003348                SPI1_IRQHandler
                0x0000000008003348                TAMPER_IRQHandler
                0x0000000008003348                DMA1_Channel4_IRQHandler
                0x0000000008003348                USART3_IRQHandler
                0x0000000008003348                RTC_IRQHandler
                0x0000000008003348                DMA1_Channel7_IRQHandler
                0x0000000008003348                CAN1_RX1_IRQHandler
                0x0000000008003348                TIM4_IRQHandler
                0x0000000008003348                I2C1_EV_IRQHandler
                0x0000000008003348                DMA1_Channel6_IRQHandler
                0x0000000008003348                RCC_IRQHandler
                0x0000000008003348                TIM1_TRG_COM_IRQHandler
                0x0000000008003348                DMA1_Channel1_IRQHandler
                0x0000000008003348                Default_Handler
                0x0000000008003348                EXTI15_10_IRQHandler
                0x0000000008003348                EXTI9_5_IRQHandler
                0x0000000008003348                SPI2_IRQHandler
                0x0000000008003348                DMA1_Channel5_IRQHandler
                0x0000000008003348                EXTI4_IRQHandler
                0x0000000008003348                USB_LP_CAN1_RX0_IRQHandler
                0x0000000008003348                USB_HP_CAN1_TX_IRQHandler
                0x0000000008003348                DMA1_Channel3_IRQHandler
                0x0000000008003348                TIM1_UP_IRQHandler
                0x0000000008003348                WWDG_IRQHandler
                0x0000000008003348                TIM2_IRQHandler
                0x0000000008003348                TIM1_BRK_IRQHandler
                0x0000000008003348                EXTI1_IRQHandler
                0x0000000008003348                I2C2_ER_IRQHandler
                0x0000000008003348                DMA1_Channel2_IRQHandler
                0x0000000008003348                CAN1_SCE_IRQHandler
                0x0000000008003348                FLASH_IRQHandler
                0x0000000008003348                I2C1_ER_IRQHandler
                0x0000000008003348                USBWakeUp_IRQHandler
 *fill*         0x000000000800334a        0x2 
 .text.HAL_Init
                0x000000000800334c       0x2c ./Drivers/STM32F1xx_HAL_Driver/Src/stm32f1xx_hal.o
                0x000000000800334c                HAL_Init
 .text.HAL_InitTick
                0x0000000008003378       0x60 ./Drivers/STM32F1xx_HAL_Driver/Src/stm32f1xx_hal.o
                0x0000000008003378                HAL_InitTick
 .text.HAL_IncTick
                0x00000000080033d8       0x24 ./Drivers/STM32F1xx_HAL_Driver/Src/stm32f1xx_hal.o
                0x00000000080033d8                HAL_IncTick
 .text.HAL_GetTick
                0x00000000080033fc       0x14 ./Drivers/STM32F1xx_HAL_Driver/Src/stm32f1xx_hal.o
                0x00000000080033fc                HAL_GetTick
 .text.HAL_Delay
                0x0000000008003410       0x48 ./Drivers/STM32F1xx_HAL_Driver/Src/stm32f1xx_hal.o
                0x0000000008003410                HAL_Delay
 .text.HAL_ADC_Init
                0x0000000008003458      0x1b0 ./Drivers/STM32F1xx_HAL_Driver/Src/stm32f1xx_hal_adc.o
                0x0000000008003458                HAL_ADC_Init
 .text.HAL_ADC_Start
                0x0000000008003608      0x15c ./Drivers/STM32F1xx_HAL_Driver/Src/stm32f1xx_hal_adc.o
                0x0000000008003608                HAL_ADC_Start
 .text.HAL_ADC_Stop
                0x0000000008003764       0x58 ./Drivers/STM32F1xx_HAL_Driver/Src/stm32f1xx_hal_adc.o
                0x0000000008003764                HAL_ADC_Stop
 .text.HAL_ADC_PollForConversion
                0x00000000080037bc      0x20c ./Drivers/STM32F1xx_HAL_Driver/Src/stm32f1xx_hal_adc.o
                0x00000000080037bc                HAL_ADC_PollForConversion
 .text.HAL_ADC_GetValue
                0x00000000080039c8       0x18 ./Drivers/STM32F1xx_HAL_Driver/Src/stm32f1xx_hal_adc.o
                0x00000000080039c8                HAL_ADC_GetValue
 .text.HAL_ADC_IRQHandler
                0x00000000080039e0      0x186 ./Drivers/STM32F1xx_HAL_Driver/Src/stm32f1xx_hal_adc.o
                0x00000000080039e0                HAL_ADC_IRQHandler
 .text.HAL_ADC_ConvCpltCallback
                0x0000000008003b66       0x12 ./Drivers/STM32F1xx_HAL_Driver/Src/stm32f1xx_hal_adc.o
                0x0000000008003b66                HAL_ADC_ConvCpltCallback
 .text.HAL_ADC_LevelOutOfWindowCallback
                0x0000000008003b78       0x12 ./Drivers/STM32F1xx_HAL_Driver/Src/stm32f1xx_hal_adc.o
                0x0000000008003b78                HAL_ADC_LevelOutOfWindowCallback
 *fill*         0x0000000008003b8a        0x2 
 .text.HAL_ADC_ConfigChannel
                0x0000000008003b8c      0x1f0 ./Drivers/STM32F1xx_HAL_Driver/Src/stm32f1xx_hal_adc.o
                0x0000000008003b8c                HAL_ADC_ConfigChannel
 .text.ADC_Enable
                0x0000000008003d7c       0xb4 ./Drivers/STM32F1xx_HAL_Driver/Src/stm32f1xx_hal_adc.o
                0x0000000008003d7c                ADC_Enable
 .text.ADC_ConversionStop_Disable
                0x0000000008003e30       0x82 ./Drivers/STM32F1xx_HAL_Driver/Src/stm32f1xx_hal_adc.o
                0x0000000008003e30                ADC_ConversionStop_Disable
 *fill*         0x0000000008003eb2        0x2 
 .text.HAL_ADCEx_Calibration_Start
                0x0000000008003eb4      0x158 ./Drivers/STM32F1xx_HAL_Driver/Src/stm32f1xx_hal_adc_ex.o
                0x0000000008003eb4                HAL_ADCEx_Calibration_Start
 .text.HAL_ADCEx_InjectedConvCpltCallback
                0x000000000800400c       0x12 ./Drivers/STM32F1xx_HAL_Driver/Src/stm32f1xx_hal_adc_ex.o
                0x000000000800400c                HAL_ADCEx_InjectedConvCpltCallback
 *fill*         0x000000000800401e        0x2 
 .text.__NVIC_SetPriorityGrouping
                0x0000000008004020       0x48 ./Drivers/STM32F1xx_HAL_Driver/Src/stm32f1xx_hal_cortex.o
 .text.__NVIC_GetPriorityGrouping
                0x0000000008004068       0x1c ./Drivers/STM32F1xx_HAL_Driver/Src/stm32f1xx_hal_cortex.o
 .text.__NVIC_EnableIRQ
                0x0000000008004084       0x38 ./Drivers/STM32F1xx_HAL_Driver/Src/stm32f1xx_hal_cortex.o
 .text.__NVIC_SetPriority
                0x00000000080040bc       0x54 ./Drivers/STM32F1xx_HAL_Driver/Src/stm32f1xx_hal_cortex.o
 .text.NVIC_EncodePriority
                0x0000000008004110       0x64 ./Drivers/STM32F1xx_HAL_Driver/Src/stm32f1xx_hal_cortex.o
 .text.SysTick_Config
                0x0000000008004174       0x44 ./Drivers/STM32F1xx_HAL_Driver/Src/stm32f1xx_hal_cortex.o
 .text.HAL_NVIC_SetPriorityGrouping
                0x00000000080041b8       0x16 ./Drivers/STM32F1xx_HAL_Driver/Src/stm32f1xx_hal_cortex.o
                0x00000000080041b8                HAL_NVIC_SetPriorityGrouping
 .text.HAL_NVIC_SetPriority
                0x00000000080041ce       0x38 ./Drivers/STM32F1xx_HAL_Driver/Src/stm32f1xx_hal_cortex.o
                0x00000000080041ce                HAL_NVIC_SetPriority
 .text.HAL_NVIC_EnableIRQ
                0x0000000008004206       0x1c ./Drivers/STM32F1xx_HAL_Driver/Src/stm32f1xx_hal_cortex.o
                0x0000000008004206                HAL_NVIC_EnableIRQ
 .text.HAL_SYSTICK_Config
                0x0000000008004222       0x18 ./Drivers/STM32F1xx_HAL_Driver/Src/stm32f1xx_hal_cortex.o
                0x0000000008004222                HAL_SYSTICK_Config
 .text.HAL_DMA_Abort
                0x000000000800423a       0x74 ./Drivers/STM32F1xx_HAL_Driver/Src/stm32f1xx_hal_dma.o
                0x000000000800423a                HAL_DMA_Abort
 *fill*         0x00000000080042ae        0x2 
 .text.HAL_DMA_Abort_IT
                0x00000000080042b0       0xec ./Drivers/STM32F1xx_HAL_Driver/Src/stm32f1xx_hal_dma.o
                0x00000000080042b0                HAL_DMA_Abort_IT
 .text.HAL_GPIO_Init
                0x000000000800439c      0x308 ./Drivers/STM32F1xx_HAL_Driver/Src/stm32f1xx_hal_gpio.o
                0x000000000800439c                HAL_GPIO_Init
 .text.HAL_GPIO_WritePin
                0x00000000080046a4       0x30 ./Drivers/STM32F1xx_HAL_Driver/Src/stm32f1xx_hal_gpio.o
                0x00000000080046a4                HAL_GPIO_WritePin
 .text.HAL_I2C_Init
                0x00000000080046d4      0x288 ./Drivers/STM32F1xx_HAL_Driver/Src/stm32f1xx_hal_i2c.o
                0x00000000080046d4                HAL_I2C_Init
 .text.HAL_I2C_MspInit
                0x000000000800495c       0x12 ./Drivers/STM32F1xx_HAL_Driver/Src/stm32f1xx_hal_i2c.o
                0x000000000800495c                HAL_I2C_MspInit
 *fill*         0x000000000800496e        0x2 
 .text.HAL_I2C_Mem_Read
                0x0000000008004970      0x4d0 ./Drivers/STM32F1xx_HAL_Driver/Src/stm32f1xx_hal_i2c.o
                0x0000000008004970                HAL_I2C_Mem_Read
 .text.I2C_RequestMemoryRead
                0x0000000008004e40      0x1d0 ./Drivers/STM32F1xx_HAL_Driver/Src/stm32f1xx_hal_i2c.o
 .text.I2C_WaitOnFlagUntilTimeout
                0x0000000008005010       0xae ./Drivers/STM32F1xx_HAL_Driver/Src/stm32f1xx_hal_i2c.o
 .text.I2C_WaitOnMasterAddressFlagUntilTimeout
                0x00000000080050be       0xfe ./Drivers/STM32F1xx_HAL_Driver/Src/stm32f1xx_hal_i2c.o
 .text.I2C_WaitOnTXEFlagUntilTimeout
                0x00000000080051bc       0x82 ./Drivers/STM32F1xx_HAL_Driver/Src/stm32f1xx_hal_i2c.o
 .text.I2C_WaitOnRXNEFlagUntilTimeout
                0x000000000800523e       0xac ./Drivers/STM32F1xx_HAL_Driver/Src/stm32f1xx_hal_i2c.o
 .text.I2C_IsAcknowledgeFailed
                0x00000000080052ea       0x5c ./Drivers/STM32F1xx_HAL_Driver/Src/stm32f1xx_hal_i2c.o
 *fill*         0x0000000008005346        0x2 
 .text.HAL_RCC_OscConfig
                0x0000000008005348      0x504 ./Drivers/STM32F1xx_HAL_Driver/Src/stm32f1xx_hal_rcc.o
                0x0000000008005348                HAL_RCC_OscConfig
 .text.HAL_RCC_ClockConfig
                0x000000000800584c      0x1d4 ./Drivers/STM32F1xx_HAL_Driver/Src/stm32f1xx_hal_rcc.o
                0x000000000800584c                HAL_RCC_ClockConfig
 .text.HAL_RCC_GetSysClockFreq
                0x0000000008005a20       0xbc ./Drivers/STM32F1xx_HAL_Driver/Src/stm32f1xx_hal_rcc.o
                0x0000000008005a20                HAL_RCC_GetSysClockFreq
 .text.HAL_RCC_GetHCLKFreq
                0x0000000008005adc       0x14 ./Drivers/STM32F1xx_HAL_Driver/Src/stm32f1xx_hal_rcc.o
                0x0000000008005adc                HAL_RCC_GetHCLKFreq
 .text.HAL_RCC_GetPCLK1Freq
                0x0000000008005af0       0x28 ./Drivers/STM32F1xx_HAL_Driver/Src/stm32f1xx_hal_rcc.o
                0x0000000008005af0                HAL_RCC_GetPCLK1Freq
 .text.HAL_RCC_GetPCLK2Freq
                0x0000000008005b18       0x28 ./Drivers/STM32F1xx_HAL_Driver/Src/stm32f1xx_hal_rcc.o
                0x0000000008005b18                HAL_RCC_GetPCLK2Freq
 .text.RCC_Delay
                0x0000000008005b40       0x3c ./Drivers/STM32F1xx_HAL_Driver/Src/stm32f1xx_hal_rcc.o
 .text.HAL_RCCEx_PeriphCLKConfig
                0x0000000008005b7c      0x16c ./Drivers/STM32F1xx_HAL_Driver/Src/stm32f1xx_hal_rcc_ex.o
                0x0000000008005b7c                HAL_RCCEx_PeriphCLKConfig
 .text.HAL_RCCEx_GetPeriphCLKFreq
                0x0000000008005ce8      0x180 ./Drivers/STM32F1xx_HAL_Driver/Src/stm32f1xx_hal_rcc_ex.o
                0x0000000008005ce8                HAL_RCCEx_GetPeriphCLKFreq
 .text.HAL_UART_Init
                0x0000000008005e68       0x9a ./Drivers/STM32F1xx_HAL_Driver/Src/stm32f1xx_hal_uart.o
                0x0000000008005e68                HAL_UART_Init
 .text.HAL_UART_Transmit
                0x0000000008005f02      0x124 ./Drivers/STM32F1xx_HAL_Driver/Src/stm32f1xx_hal_uart.o
                0x0000000008005f02                HAL_UART_Transmit
 .text.HAL_UART_Receive_IT
                0x0000000008006026       0x60 ./Drivers/STM32F1xx_HAL_Driver/Src/stm32f1xx_hal_uart.o
                0x0000000008006026                HAL_UART_Receive_IT
 *fill*         0x0000000008006086        0x2 
 .text.HAL_UART_IRQHandler
                0x0000000008006088      0x354 ./Drivers/STM32F1xx_HAL_Driver/Src/stm32f1xx_hal_uart.o
                0x0000000008006088                HAL_UART_IRQHandler
 .text.HAL_UART_TxCpltCallback
                0x00000000080063dc       0x12 ./Drivers/STM32F1xx_HAL_Driver/Src/stm32f1xx_hal_uart.o
                0x00000000080063dc                HAL_UART_TxCpltCallback
 .text.HAL_UART_ErrorCallback
                0x00000000080063ee       0x12 ./Drivers/STM32F1xx_HAL_Driver/Src/stm32f1xx_hal_uart.o
                0x00000000080063ee                HAL_UART_ErrorCallback
 .text.HAL_UARTEx_RxEventCallback
                0x0000000008006400       0x16 ./Drivers/STM32F1xx_HAL_Driver/Src/stm32f1xx_hal_uart.o
                0x0000000008006400                HAL_UARTEx_RxEventCallback
 .text.UART_WaitOnFlagUntilTimeout
                0x0000000008006416       0x94 ./Drivers/STM32F1xx_HAL_Driver/Src/stm32f1xx_hal_uart.o
 .text.UART_Start_Receive_IT
                0x00000000080064aa       0x72 ./Drivers/STM32F1xx_HAL_Driver/Src/stm32f1xx_hal_uart.o
                0x00000000080064aa                UART_Start_Receive_IT
 .text.UART_EndRxTransfer
                0x000000000800651c       0x58 ./Drivers/STM32F1xx_HAL_Driver/Src/stm32f1xx_hal_uart.o
 .text.UART_DMAAbortOnError
                0x0000000008006574       0x28 ./Drivers/STM32F1xx_HAL_Driver/Src/stm32f1xx_hal_uart.o
 .text.UART_Transmit_IT
                0x000000000800659c       0x9e ./Drivers/STM32F1xx_HAL_Driver/Src/stm32f1xx_hal_uart.o
 .text.UART_EndTransmit_IT
                0x000000000800663a       0x30 ./Drivers/STM32F1xx_HAL_Driver/Src/stm32f1xx_hal_uart.o
 .text.UART_Receive_IT
                0x000000000800666a      0x152 ./Drivers/STM32F1xx_HAL_Driver/Src/stm32f1xx_hal_uart.o
 .text.UART_SetConfig
                0x00000000080067bc      0x11c ./Drivers/STM32F1xx_HAL_Driver/Src/stm32f1xx_hal_uart.o
 .text.__libc_init_array
                0x00000000080068d8       0x48 c:/st/stm32cubeide_1.10.1/stm32cubeide/plugins/com.st.stm32cube.ide.mcu.externaltools.gnu-tools-for-stm32.10.3-2021.10.win32_1.0.0.202111181127/tools/bin/../lib/gcc/arm-none-eabi/10.3.1/../../../../arm-none-eabi/lib/thumb/v7-m/nofp\libc_nano.a(lib_a-init.o)
                0x00000000080068d8                __libc_init_array
 .text.memset   0x0000000008006920       0x10 c:/st/stm32cubeide_1.10.1/stm32cubeide/plugins/com.st.stm32cube.ide.mcu.externaltools.gnu-tools-for-stm32.10.3-2021.10.win32_1.0.0.202111181127/tools/bin/../lib/gcc/arm-none-eabi/10.3.1/../../../../arm-none-eabi/lib/thumb/v7-m/nofp\libc_nano.a(lib_a-memset.o)
                0x0000000008006920                memset
 *(.glue_7)
 .glue_7        0x0000000008006930        0x0 linker stubs
 *(.glue_7t)
 .glue_7t       0x0000000008006930        0x0 linker stubs
 *(.eh_frame)
 .eh_frame      0x0000000008006930        0x0 c:/st/stm32cubeide_1.10.1/stm32cubeide/plugins/com.st.stm32cube.ide.mcu.externaltools.gnu-tools-for-stm32.10.3-2021.10.win32_1.0.0.202111181127/tools/bin/../lib/gcc/arm-none-eabi/10.3.1/thumb/v7-m/nofp/crtbegin.o
 *(.init)
 .init          0x0000000008006930        0x4 c:/st/stm32cubeide_1.10.1/stm32cubeide/plugins/com.st.stm32cube.ide.mcu.externaltools.gnu-tools-for-stm32.10.3-2021.10.win32_1.0.0.202111181127/tools/bin/../lib/gcc/arm-none-eabi/10.3.1/thumb/v7-m/nofp/crti.o
                0x0000000008006930                _init
 .init          0x0000000008006934        0x8 c:/st/stm32cubeide_1.10.1/stm32cubeide/plugins/com.st.stm32cube.ide.mcu.externaltools.gnu-tools-for-stm32.10.3-2021.10.win32_1.0.0.202111181127/tools/bin/../lib/gcc/arm-none-eabi/10.3.1/thumb/v7-m/nofp/crtn.o
 *(.fini)
 .fini          0x000000000800693c        0x4 c:/st/stm32cubeide_1.10.1/stm32cubeide/plugins/com.st.stm32cube.ide.mcu.externaltools.gnu-tools-for-stm32.10.3-2021.10.win32_1.0.0.202111181127/tools/bin/../lib/gcc/arm-none-eabi/10.3.1/thumb/v7-m/nofp/crti.o
                0x000000000800693c                _fini
 .fini          0x0000000008006940        0x8 c:/st/stm32cubeide_1.10.1/stm32cubeide/plugins/com.st.stm32cube.ide.mcu.externaltools.gnu-tools-for-stm32.10.3-2021.10.win32_1.0.0.202111181127/tools/bin/../lib/gcc/arm-none-eabi/10.3.1/thumb/v7-m/nofp/crtn.o
                0x0000000008006948                . = ALIGN (0x4)
                0x0000000008006948                _etext = .

.vfp11_veneer   0x0000000008006948        0x0
 .vfp11_veneer  0x0000000008006948        0x0 linker stubs

.v4_bx          0x0000000008006948        0x0
 .v4_bx         0x0000000008006948        0x0 linker stubs

.iplt           0x0000000008006948        0x0
 .iplt          0x0000000008006948        0x0 c:/st/stm32cubeide_1.10.1/stm32cubeide/plugins/com.st.stm32cube.ide.mcu.externaltools.gnu-tools-for-stm32.10.3-2021.10.win32_1.0.0.202111181127/tools/bin/../lib/gcc/arm-none-eabi/10.3.1/thumb/v7-m/nofp/crtbegin.o

.rodata         0x0000000008006948      0x8ac
                0x0000000008006948                . = ALIGN (0x4)
 *(.rodata)
 .rodata        0x0000000008006948      0x801 ./Core/Src/main.o
 *fill*         0x0000000008007149        0x3 
 .rodata        0x000000000800714c       0x10 ./Drivers/STM32F1xx_HAL_Driver/Src/stm32f1xx_hal_rcc.o
 .rodata        0x000000000800715c       0x10 ./Drivers/STM32F1xx_HAL_Driver/Src/stm32f1xx_hal_rcc_ex.o
 *(.rodata*)
 .rodata.default_float_params
                0x000000000800716c       0x58 ./Core/Src/modbus.o
 .rodata.default_int_params
                0x00000000080071c4       0x18 ./Core/Src/modbus.o
 .rodata.AHBPrescTable
                0x00000000080071dc       0x10 ./Core/Src/system_stm32f1xx.o
                0x00000000080071dc                AHBPrescTable
 .rodata.APBPrescTable
                0x00000000080071ec        0x8 ./Core/Src/system_stm32f1xx.o
                0x00000000080071ec                APBPrescTable
                0x00000000080071f4                . = ALIGN (0x4)

.rel.dyn        0x00000000080071f4        0x0
 .rel.iplt      0x00000000080071f4        0x0 c:/st/stm32cubeide_1.10.1/stm32cubeide/plugins/com.st.stm32cube.ide.mcu.externaltools.gnu-tools-for-stm32.10.3-2021.10.win32_1.0.0.202111181127/tools/bin/../lib/gcc/arm-none-eabi/10.3.1/thumb/v7-m/nofp/crtbegin.o

.ARM.extab      0x00000000080071f4        0x0
                0x00000000080071f4                . = ALIGN (0x4)
 *(.ARM.extab* .gnu.linkonce.armextab.*)
                0x00000000080071f4                . = ALIGN (0x4)

.ARM            0x00000000080071f4        0x0
                0x00000000080071f4                . = ALIGN (0x4)
                0x00000000080071f4                __exidx_start = .
 *(.ARM.exidx*)
                0x00000000080071f4                __exidx_end = .
                0x00000000080071f4                . = ALIGN (0x4)

.preinit_array  0x00000000080071f4        0x0
                0x00000000080071f4                . = ALIGN (0x4)
                0x00000000080071f4                PROVIDE (__preinit_array_start = .)
 *(.preinit_array*)
                0x00000000080071f4                PROVIDE (__preinit_array_end = .)
                0x00000000080071f4                . = ALIGN (0x4)

.init_array     0x00000000080071f4        0x4
                0x00000000080071f4                . = ALIGN (0x4)
                0x00000000080071f4                PROVIDE (__init_array_start = .)
 *(SORT_BY_NAME(.init_array.*))
 *(.init_array*)
 .init_array    0x00000000080071f4        0x4 c:/st/stm32cubeide_1.10.1/stm32cubeide/plugins/com.st.stm32cube.ide.mcu.externaltools.gnu-tools-for-stm32.10.3-2021.10.win32_1.0.0.202111181127/tools/bin/../lib/gcc/arm-none-eabi/10.3.1/thumb/v7-m/nofp/crtbegin.o
                0x00000000080071f8                PROVIDE (__init_array_end = .)
                0x00000000080071f8                . = ALIGN (0x4)

.fini_array     0x00000000080071f8        0x4
                0x00000000080071f8                . = ALIGN (0x4)
                [!provide]                        PROVIDE (__fini_array_start = .)
 *(SORT_BY_NAME(.fini_array.*))
 *(.fini_array*)
 .fini_array    0x00000000080071f8        0x4 c:/st/stm32cubeide_1.10.1/stm32cubeide/plugins/com.st.stm32cube.ide.mcu.externaltools.gnu-tools-for-stm32.10.3-2021.10.win32_1.0.0.202111181127/tools/bin/../lib/gcc/arm-none-eabi/10.3.1/thumb/v7-m/nofp/crtbegin.o
                [!provide]                        PROVIDE (__fini_array_end = .)
                0x00000000080071fc                . = ALIGN (0x4)
                0x00000000080071fc                _sidata = LOADADDR (.data)

.data           0x0000000020000000       0x20 load address 0x00000000080071fc
                0x0000000020000000                . = ALIGN (0x4)
                0x0000000020000000                _sdata = .
 *(.data)
 *(.data*)
 .data.current_vdda
                0x0000000020000000        0x4 ./Core/Src/main.o
 .data.current_24v
                0x0000000020000004        0x4 ./Core/Src/main.o
 .data.current_12v
                0x0000000020000008        0x4 ./Core/Src/main.o
 .data.current_5v
                0x000000002000000c        0x4 ./Core/Src/main.o
 .data.current_poll_period_ms
                0x0000000020000010        0x4 ./Core/Src/main.o
 .data.SystemCoreClock
                0x0000000020000014        0x4 ./Core/Src/system_stm32f1xx.o
                0x0000000020000014                SystemCoreClock
 .data.uwTickPrio
                0x0000000020000018        0x4 ./Drivers/STM32F1xx_HAL_Driver/Src/stm32f1xx_hal.o
                0x0000000020000018                uwTickPrio
 .data.uwTickFreq
                0x000000002000001c        0x1 ./Drivers/STM32F1xx_HAL_Driver/Src/stm32f1xx_hal.o
                0x000000002000001c                uwTickFreq
 *(.RamFunc)
 *(.RamFunc*)
                0x0000000020000020                . = ALIGN (0x4)
 *fill*         0x000000002000001d        0x3 
                0x0000000020000020                _edata = .

.igot.plt       0x0000000020000020        0x0 load address 0x000000000800721c
 .igot.plt      0x0000000020000020        0x0 c:/st/stm32cubeide_1.10.1/stm32cubeide/plugins/com.st.stm32cube.ide.mcu.externaltools.gnu-tools-for-stm32.10.3-2021.10.win32_1.0.0.202111181127/tools/bin/../lib/gcc/arm-none-eabi/10.3.1/thumb/v7-m/nofp/crtbegin.o
                0x0000000020000020                . = ALIGN (0x4)

.bss            0x0000000020000020      0x4cc load address 0x000000000800721c
                0x0000000020000020                _sbss = .
                0x0000000020000020                __bss_start__ = _sbss
 *(.bss)
 .bss           0x0000000020000020       0x1c c:/st/stm32cubeide_1.10.1/stm32cubeide/plugins/com.st.stm32cube.ide.mcu.externaltools.gnu-tools-for-stm32.10.3-2021.10.win32_1.0.0.202111181127/tools/bin/../lib/gcc/arm-none-eabi/10.3.1/thumb/v7-m/nofp/crtbegin.o
 *(.bss*)
 .bss.hi2c2     0x000000002000003c       0x54 ./Core/Src/i2c_config.o
                0x000000002000003c                hi2c2
 .bss.huart1    0x0000000020000090       0x44 ./Core/Src/main.o
                0x0000000020000090                huart1
 .bss.huart2    0x00000000200000d4       0x44 ./Core/Src/main.o
                0x00000000200000d4                huart2
 .bss.hadc1     0x0000000020000118       0x30 ./Core/Src/main.o
                0x0000000020000118                hadc1
 .bss.hadc2     0x0000000020000148       0x30 ./Core/Src/main.o
                0x0000000020000148                hadc2
 .bss.tof_capture_value
                0x0000000020000178        0x4 ./Core/Src/main.o
                0x0000000020000178                tof_capture_value
 .bss.tof_measurement_done
                0x000000002000017c        0x1 ./Core/Src/main.o
                0x000000002000017c                tof_measurement_done
 .bss.tof_timeout
                0x000000002000017d        0x1 ./Core/Src/main.o
                0x000000002000017d                tof_timeout
 .bss.signal_captured
                0x000000002000017e        0x1 ./Core/Src/main.o
                0x000000002000017e                signal_captured
 *fill*         0x000000002000017f        0x1 
 .bss.captured_pulses
                0x0000000020000180        0x8 ./Core/Src/main.o
                0x0000000020000180                captured_pulses
 .bss.capture_count
                0x0000000020000188        0x1 ./Core/Src/main.o
                0x0000000020000188                capture_count
 *fill*         0x0000000020000189        0x3 
 .bss.last_capture_cnt
                0x000000002000018c        0x4 ./Core/Src/main.o
                0x000000002000018c                last_capture_cnt
 .bss.modbus_tx_active
                0x0000000020000190        0x1 ./Core/Src/main.o
                0x0000000020000190                modbus_tx_active
 .bss.first_pulse_ignored
                0x0000000020000191        0x1 ./Core/Src/main.o
                0x0000000020000191                first_pulse_ignored
 *fill*         0x0000000020000192        0x2 
 .bss.measurement_history
                0x0000000020000194       0x2c ./Core/Src/main.o
 .bss.stat_index
                0x00000000200001c0        0x1 ./Core/Src/main.o
 .bss.stat_count
                0x00000000200001c1        0x1 ./Core/Src/main.o
 .bss.stat_ready
                0x00000000200001c2        0x1 ./Core/Src/main.o
 *fill*         0x00000000200001c3        0x1 
 .bss.current_temperature
                0x00000000200001c4        0x4 ./Core/Src/main.o
 .bss.prev_vdda
                0x00000000200001c8        0x4 ./Core/Src/main.o
 .bss.prev_24v  0x00000000200001cc        0x4 ./Core/Src/main.o
 .bss.prev_12v  0x00000000200001d0        0x4 ./Core/Src/main.o
 .bss.lm75b_initialized
                0x00000000200001d4        0x1 ./Core/Src/main.o
 .bss.v24_error
                0x00000000200001d5        0x1 ./Core/Src/main.o
 .bss.v12_error
                0x00000000200001d6        0x1 ./Core/Src/main.o
 .bss.v5_error  0x00000000200001d7        0x1 ./Core/Src/main.o
 .bss.vdda_error
                0x00000000200001d8        0x1 ./Core/Src/main.o
 .bss.temp_error
                0x00000000200001d9        0x1 ./Core/Src/main.o
 *fill*         0x00000000200001da        0x2 
 .bss.modbus    0x00000000200001dc      0x30c ./Core/Src/modbus.o
 .bss.uwTick    0x00000000200004e8        0x4 ./Drivers/STM32F1xx_HAL_Driver/Src/stm32f1xx_hal.o
                0x00000000200004e8                uwTick
 *(COMMON)
                0x00000000200004ec                . = ALIGN (0x4)
                0x00000000200004ec                _ebss = .
                0x00000000200004ec                __bss_end__ = _ebss

._user_heap_stack
                0x00000000200004ec      0x604 load address 0x000000000800721c
                0x00000000200004f0                . = ALIGN (0x8)
 *fill*         0x00000000200004ec        0x4 
                [!provide]                        PROVIDE (end = .)
                0x00000000200004f0                PROVIDE (_end = .)
                0x00000000200006f0                . = (. + _Min_Heap_Size)
 *fill*         0x00000000200004f0      0x200 
                0x0000000020000af0                . = (. + _Min_Stack_Size)
 *fill*         0x00000000200006f0      0x400 
                0x0000000020000af0                . = ALIGN (0x8)

/DISCARD/
 libc.a(*)
 libm.a(*)
 libgcc.a(*)

.ARM.attributes
                0x0000000000000000       0x29
 *(.ARM.attributes)
 .ARM.attributes
                0x0000000000000000       0x1d c:/st/stm32cubeide_1.10.1/stm32cubeide/plugins/com.st.stm32cube.ide.mcu.externaltools.gnu-tools-for-stm32.10.3-2021.10.win32_1.0.0.202111181127/tools/bin/../lib/gcc/arm-none-eabi/10.3.1/thumb/v7-m/nofp/crti.o
 .ARM.attributes
                0x000000000000001d       0x2d c:/st/stm32cubeide_1.10.1/stm32cubeide/plugins/com.st.stm32cube.ide.mcu.externaltools.gnu-tools-for-stm32.10.3-2021.10.win32_1.0.0.202111181127/tools/bin/../lib/gcc/arm-none-eabi/10.3.1/thumb/v7-m/nofp/crtbegin.o
 .ARM.attributes
                0x000000000000004a       0x2d ./Core/Src/i2c_config.o
 .ARM.attributes
                0x0000000000000077       0x2d ./Core/Src/lm75b.o
 .ARM.attributes
                0x00000000000000a4       0x2d ./Core/Src/main.o
 .ARM.attributes
                0x00000000000000d1       0x2d ./Core/Src/modbus.o
 .ARM.attributes
                0x00000000000000fe       0x2d ./Core/Src/stm32f1xx_hal_msp.o
 .ARM.attributes
                0x000000000000012b       0x2d ./Core/Src/stm32f1xx_it.o
 .ARM.attributes
                0x0000000000000158       0x2d ./Core/Src/system_stm32f1xx.o
 .ARM.attributes
                0x0000000000000185       0x2d ./Core/Src/utils.o
 .ARM.attributes
                0x00000000000001b2       0x21 ./Core/Startup/startup_stm32f103c8tx.o
 .ARM.attributes
                0x00000000000001d3       0x2d ./Drivers/STM32F1xx_HAL_Driver/Src/stm32f1xx_hal.o
 .ARM.attributes
                0x0000000000000200       0x2d ./Drivers/STM32F1xx_HAL_Driver/Src/stm32f1xx_hal_adc.o
 .ARM.attributes
                0x000000000000022d       0x2d ./Drivers/STM32F1xx_HAL_Driver/Src/stm32f1xx_hal_adc_ex.o
 .ARM.attributes
                0x000000000000025a       0x2d ./Drivers/STM32F1xx_HAL_Driver/Src/stm32f1xx_hal_cortex.o
 .ARM.attributes
                0x0000000000000287       0x2d ./Drivers/STM32F1xx_HAL_Driver/Src/stm32f1xx_hal_dma.o
 .ARM.attributes
                0x00000000000002b4       0x2d ./Drivers/STM32F1xx_HAL_Driver/Src/stm32f1xx_hal_gpio.o
 .ARM.attributes
                0x00000000000002e1       0x2d ./Drivers/STM32F1xx_HAL_Driver/Src/stm32f1xx_hal_i2c.o
 .ARM.attributes
                0x000000000000030e       0x2d ./Drivers/STM32F1xx_HAL_Driver/Src/stm32f1xx_hal_rcc.o
 .ARM.attributes
                0x000000000000033b       0x2d ./Drivers/STM32F1xx_HAL_Driver/Src/stm32f1xx_hal_rcc_ex.o
 .ARM.attributes
                0x0000000000000368       0x2d ./Drivers/STM32F1xx_HAL_Driver/Src/stm32f1xx_hal_uart.o
 .ARM.attributes
                0x0000000000000395       0x2d c:/st/stm32cubeide_1.10.1/stm32cubeide/plugins/com.st.stm32cube.ide.mcu.externaltools.gnu-tools-for-stm32.10.3-2021.10.win32_1.0.0.202111181127/tools/bin/../lib/gcc/arm-none-eabi/10.3.1/../../../../arm-none-eabi/lib/thumb/v7-m/nofp\libc_nano.a(lib_a-init.o)
 .ARM.attributes
                0x00000000000003c2       0x2d c:/st/stm32cubeide_1.10.1/stm32cubeide/plugins/com.st.stm32cube.ide.mcu.externaltools.gnu-tools-for-stm32.10.3-2021.10.win32_1.0.0.202111181127/tools/bin/../lib/gcc/arm-none-eabi/10.3.1/../../../../arm-none-eabi/lib/thumb/v7-m/nofp\libc_nano.a(lib_a-memset.o)
 .ARM.attributes
                0x00000000000003ef       0x17 c:/st/stm32cubeide_1.10.1/stm32cubeide/plugins/com.st.stm32cube.ide.mcu.externaltools.gnu-tools-for-stm32.10.3-2021.10.win32_1.0.0.202111181127/tools/bin/../lib/gcc/arm-none-eabi/10.3.1/../../../../arm-none-eabi/lib/thumb/v7-m/nofp\libc_nano.a(lib_a-strlen.o)
 .ARM.attributes
                0x0000000000000406       0x1d c:/st/stm32cubeide_1.10.1/stm32cubeide/plugins/com.st.stm32cube.ide.mcu.externaltools.gnu-tools-for-stm32.10.3-2021.10.win32_1.0.0.202111181127/tools/bin/../lib/gcc/arm-none-eabi/10.3.1/thumb/v7-m/nofp\libgcc.a(_arm_addsubsf3.o)
 .ARM.attributes
                0x0000000000000423       0x1d c:/st/stm32cubeide_1.10.1/stm32cubeide/plugins/com.st.stm32cube.ide.mcu.externaltools.gnu-tools-for-stm32.10.3-2021.10.win32_1.0.0.202111181127/tools/bin/../lib/gcc/arm-none-eabi/10.3.1/thumb/v7-m/nofp\libgcc.a(_arm_muldivsf3.o)
 .ARM.attributes
                0x0000000000000440       0x1d c:/st/stm32cubeide_1.10.1/stm32cubeide/plugins/com.st.stm32cube.ide.mcu.externaltools.gnu-tools-for-stm32.10.3-2021.10.win32_1.0.0.202111181127/tools/bin/../lib/gcc/arm-none-eabi/10.3.1/thumb/v7-m/nofp\libgcc.a(_arm_cmpsf2.o)
 .ARM.attributes
                0x000000000000045d       0x1d c:/st/stm32cubeide_1.10.1/stm32cubeide/plugins/com.st.stm32cube.ide.mcu.externaltools.gnu-tools-for-stm32.10.3-2021.10.win32_1.0.0.202111181127/tools/bin/../lib/gcc/arm-none-eabi/10.3.1/thumb/v7-m/nofp\libgcc.a(_arm_fixsfsi.o)
 .ARM.attributes
                0x000000000000047a       0x1d c:/st/stm32cubeide_1.10.1/stm32cubeide/plugins/com.st.stm32cube.ide.mcu.externaltools.gnu-tools-for-stm32.10.3-2021.10.win32_1.0.0.202111181127/tools/bin/../lib/gcc/arm-none-eabi/10.3.1/thumb/v7-m/nofp\libgcc.a(_arm_fixunssfsi.o)
 .ARM.attributes
                0x0000000000000497       0x1d c:/st/stm32cubeide_1.10.1/stm32cubeide/plugins/com.st.stm32cube.ide.mcu.externaltools.gnu-tools-for-stm32.10.3-2021.10.win32_1.0.0.202111181127/tools/bin/../lib/gcc/arm-none-eabi/10.3.1/thumb/v7-m/nofp/crtn.o
OUTPUT(MagStrain.elf elf32-littlearm)
LOAD linker stubs
LOAD c:/st/stm32cubeide_1.10.1/stm32cubeide/plugins/com.st.stm32cube.ide.mcu.externaltools.gnu-tools-for-stm32.10.3-2021.10.win32_1.0.0.202111181127/tools/bin/../lib/gcc/arm-none-eabi/10.3.1/../../../../arm-none-eabi/lib/thumb/v7-m/nofp\libc.a
LOAD c:/st/stm32cubeide_1.10.1/stm32cubeide/plugins/com.st.stm32cube.ide.mcu.externaltools.gnu-tools-for-stm32.10.3-2021.10.win32_1.0.0.202111181127/tools/bin/../lib/gcc/arm-none-eabi/10.3.1/../../../../arm-none-eabi/lib/thumb/v7-m/nofp\libm.a
LOAD c:/st/stm32cubeide_1.10.1/stm32cubeide/plugins/com.st.stm32cube.ide.mcu.externaltools.gnu-tools-for-stm32.10.3-2021.10.win32_1.0.0.202111181127/tools/bin/../lib/gcc/arm-none-eabi/10.3.1/thumb/v7-m/nofp\libgcc.a

.debug_info     0x0000000000000000     0xea09
 .debug_info    0x0000000000000000      0x9fb ./Core/Src/i2c_config.o
 .debug_info    0x00000000000009fb      0x7f9 ./Core/Src/lm75b.o
 .debug_info    0x00000000000011f4     0x1dbd ./Core/Src/main.o
 .debug_info    0x0000000000002fb1     0x1068 ./Core/Src/modbus.o
 .debug_info    0x0000000000004019     0x11f9 ./Core/Src/stm32f1xx_hal_msp.o
 .debug_info    0x0000000000005212      0xa46 ./Core/Src/stm32f1xx_it.o
 .debug_info    0x0000000000005c58      0x239 ./Core/Src/system_stm32f1xx.o
 .debug_info    0x0000000000005e91      0xb22 ./Core/Src/utils.o
 .debug_info    0x00000000000069b3       0x22 ./Core/Startup/startup_stm32f103c8tx.o
 .debug_info    0x00000000000069d5      0x730 ./Drivers/STM32F1xx_HAL_Driver/Src/stm32f1xx_hal.o
 .debug_info    0x0000000000007105      0xcd5 ./Drivers/STM32F1xx_HAL_Driver/Src/stm32f1xx_hal_adc.o
 .debug_info    0x0000000000007dda      0xa8b ./Drivers/STM32F1xx_HAL_Driver/Src/stm32f1xx_hal_adc_ex.o
 .debug_info    0x0000000000008865      0xb1c ./Drivers/STM32F1xx_HAL_Driver/Src/stm32f1xx_hal_cortex.o
 .debug_info    0x0000000000009381      0x73b ./Drivers/STM32F1xx_HAL_Driver/Src/stm32f1xx_hal_dma.o
 .debug_info    0x0000000000009abc      0x611 ./Drivers/STM32F1xx_HAL_Driver/Src/stm32f1xx_hal_gpio.o
 .debug_info    0x000000000000a0cd     0x2730 ./Drivers/STM32F1xx_HAL_Driver/Src/stm32f1xx_hal_i2c.o
 .debug_info    0x000000000000c7fd      0x85c ./Drivers/STM32F1xx_HAL_Driver/Src/stm32f1xx_hal_rcc.o
 .debug_info    0x000000000000d059      0x3dc ./Drivers/STM32F1xx_HAL_Driver/Src/stm32f1xx_hal_rcc_ex.o
 .debug_info    0x000000000000d435     0x15d4 ./Drivers/STM32F1xx_HAL_Driver/Src/stm32f1xx_hal_uart.o

.debug_abbrev   0x0000000000000000     0x274b
 .debug_abbrev  0x0000000000000000      0x1d8 ./Core/Src/i2c_config.o
 .debug_abbrev  0x00000000000001d8      0x18e ./Core/Src/lm75b.o
 .debug_abbrev  0x0000000000000366      0x393 ./Core/Src/main.o
 .debug_abbrev  0x00000000000006f9      0x318 ./Core/Src/modbus.o
 .debug_abbrev  0x0000000000000a11      0x1f9 ./Core/Src/stm32f1xx_hal_msp.o
 .debug_abbrev  0x0000000000000c0a      0x1b1 ./Core/Src/stm32f1xx_it.o
 .debug_abbrev  0x0000000000000dbb      0x138 ./Core/Src/system_stm32f1xx.o
 .debug_abbrev  0x0000000000000ef3      0x255 ./Core/Src/utils.o
 .debug_abbrev  0x0000000000001148       0x12 ./Core/Startup/startup_stm32f103c8tx.o
 .debug_abbrev  0x000000000000115a      0x1f8 ./Drivers/STM32F1xx_HAL_Driver/Src/stm32f1xx_hal.o
 .debug_abbrev  0x0000000000001352      0x20d ./Drivers/STM32F1xx_HAL_Driver/Src/stm32f1xx_hal_adc.o
 .debug_abbrev  0x000000000000155f      0x231 ./Drivers/STM32F1xx_HAL_Driver/Src/stm32f1xx_hal_adc_ex.o
 .debug_abbrev  0x0000000000001790      0x2ea ./Drivers/STM32F1xx_HAL_Driver/Src/stm32f1xx_hal_cortex.o
 .debug_abbrev  0x0000000000001a7a      0x1fb ./Drivers/STM32F1xx_HAL_Driver/Src/stm32f1xx_hal_dma.o
 .debug_abbrev  0x0000000000001c75      0x1b8 ./Drivers/STM32F1xx_HAL_Driver/Src/stm32f1xx_hal_gpio.o
 .debug_abbrev  0x0000000000001e2d      0x285 ./Drivers/STM32F1xx_HAL_Driver/Src/stm32f1xx_hal_i2c.o
 .debug_abbrev  0x00000000000020b2      0x2a5 ./Drivers/STM32F1xx_HAL_Driver/Src/stm32f1xx_hal_rcc.o
 .debug_abbrev  0x0000000000002357      0x17f ./Drivers/STM32F1xx_HAL_Driver/Src/stm32f1xx_hal_rcc_ex.o
 .debug_abbrev  0x00000000000024d6      0x275 ./Drivers/STM32F1xx_HAL_Driver/Src/stm32f1xx_hal_uart.o

.debug_aranges  0x0000000000000000      0xd50
 .debug_aranges
                0x0000000000000000       0x48 ./Core/Src/i2c_config.o
 .debug_aranges
                0x0000000000000048       0x40 ./Core/Src/lm75b.o
 .debug_aranges
                0x0000000000000088       0xe8 ./Core/Src/main.o
 .debug_aranges
                0x0000000000000170       0xd8 ./Core/Src/modbus.o
 .debug_aranges
                0x0000000000000248       0x50 ./Core/Src/stm32f1xx_hal_msp.o
 .debug_aranges
                0x0000000000000298       0x80 ./Core/Src/stm32f1xx_it.o
 .debug_aranges
                0x0000000000000318       0x28 ./Core/Src/system_stm32f1xx.o
 .debug_aranges
                0x0000000000000340       0x60 ./Core/Src/utils.o
 .debug_aranges
                0x00000000000003a0       0x28 ./Core/Startup/startup_stm32f103c8tx.o
 .debug_aranges
                0x00000000000003c8       0xe0 ./Drivers/STM32F1xx_HAL_Driver/Src/stm32f1xx_hal.o
 .debug_aranges
                0x00000000000004a8       0xf0 ./Drivers/STM32F1xx_HAL_Driver/Src/stm32f1xx_hal_adc.o
 .debug_aranges
                0x0000000000000598       0x80 ./Drivers/STM32F1xx_HAL_Driver/Src/stm32f1xx_hal_adc_ex.o
 .debug_aranges
                0x0000000000000618      0x100 ./Drivers/STM32F1xx_HAL_Driver/Src/stm32f1xx_hal_cortex.o
 .debug_aranges
                0x0000000000000718       0x80 ./Drivers/STM32F1xx_HAL_Driver/Src/stm32f1xx_hal_dma.o
 .debug_aranges
                0x0000000000000798       0x58 ./Drivers/STM32F1xx_HAL_Driver/Src/stm32f1xx_hal_gpio.o
 .debug_aranges
                0x00000000000007f0      0x2a0 ./Drivers/STM32F1xx_HAL_Driver/Src/stm32f1xx_hal_i2c.o
 .debug_aranges
                0x0000000000000a90       0x90 ./Drivers/STM32F1xx_HAL_Driver/Src/stm32f1xx_hal_rcc.o
 .debug_aranges
                0x0000000000000b20       0x30 ./Drivers/STM32F1xx_HAL_Driver/Src/stm32f1xx_hal_rcc_ex.o
 .debug_aranges
                0x0000000000000b50      0x200 ./Drivers/STM32F1xx_HAL_Driver/Src/stm32f1xx_hal_uart.o

.debug_ranges   0x0000000000000000      0xc80
 .debug_ranges  0x0000000000000000       0x38 ./Core/Src/i2c_config.o
 .debug_ranges  0x0000000000000038       0x30 ./Core/Src/lm75b.o
 .debug_ranges  0x0000000000000068       0xd8 ./Core/Src/main.o
 .debug_ranges  0x0000000000000140       0xc8 ./Core/Src/modbus.o
 .debug_ranges  0x0000000000000208       0x40 ./Core/Src/stm32f1xx_hal_msp.o
 .debug_ranges  0x0000000000000248       0x70 ./Core/Src/stm32f1xx_it.o
 .debug_ranges  0x00000000000002b8       0x18 ./Core/Src/system_stm32f1xx.o
 .debug_ranges  0x00000000000002d0       0x50 ./Core/Src/utils.o
 .debug_ranges  0x0000000000000320       0x20 ./Core/Startup/startup_stm32f103c8tx.o
 .debug_ranges  0x0000000000000340       0xd0 ./Drivers/STM32F1xx_HAL_Driver/Src/stm32f1xx_hal.o
 .debug_ranges  0x0000000000000410       0xe0 ./Drivers/STM32F1xx_HAL_Driver/Src/stm32f1xx_hal_adc.o
 .debug_ranges  0x00000000000004f0       0x70 ./Drivers/STM32F1xx_HAL_Driver/Src/stm32f1xx_hal_adc_ex.o
 .debug_ranges  0x0000000000000560       0xf0 ./Drivers/STM32F1xx_HAL_Driver/Src/stm32f1xx_hal_cortex.o
 .debug_ranges  0x0000000000000650       0x70 ./Drivers/STM32F1xx_HAL_Driver/Src/stm32f1xx_hal_dma.o
 .debug_ranges  0x00000000000006c0       0x48 ./Drivers/STM32F1xx_HAL_Driver/Src/stm32f1xx_hal_gpio.o
 .debug_ranges  0x0000000000000708      0x2b8 ./Drivers/STM32F1xx_HAL_Driver/Src/stm32f1xx_hal_i2c.o
 .debug_ranges  0x00000000000009c0       0x80 ./Drivers/STM32F1xx_HAL_Driver/Src/stm32f1xx_hal_rcc.o
 .debug_ranges  0x0000000000000a40       0x20 ./Drivers/STM32F1xx_HAL_Driver/Src/stm32f1xx_hal_rcc_ex.o
 .debug_ranges  0x0000000000000a60      0x220 ./Drivers/STM32F1xx_HAL_Driver/Src/stm32f1xx_hal_uart.o

.debug_line     0x0000000000000000     0xc327
 .debug_line    0x0000000000000000      0x37d ./Core/Src/i2c_config.o
 .debug_line    0x000000000000037d      0x34b ./Core/Src/lm75b.o
 .debug_line    0x00000000000006c8      0xf3d ./Core/Src/main.o
 .debug_line    0x0000000000001605      0xbdd ./Core/Src/modbus.o
 .debug_line    0x00000000000021e2      0x42c ./Core/Src/stm32f1xx_hal_msp.o
 .debug_line    0x000000000000260e      0x439 ./Core/Src/stm32f1xx_it.o
 .debug_line    0x0000000000002a47      0x2c9 ./Core/Src/system_stm32f1xx.o
 .debug_line    0x0000000000002d10      0x91b ./Core/Src/utils.o
 .debug_line    0x000000000000362b       0x87 ./Core/Startup/startup_stm32f103c8tx.o
 .debug_line    0x00000000000036b2      0x576 ./Drivers/STM32F1xx_HAL_Driver/Src/stm32f1xx_hal.o
 .debug_line    0x0000000000003c28      0xc1d ./Drivers/STM32F1xx_HAL_Driver/Src/stm32f1xx_hal_adc.o
 .debug_line    0x0000000000004845      0x96b ./Drivers/STM32F1xx_HAL_Driver/Src/stm32f1xx_hal_adc_ex.o
 .debug_line    0x00000000000051b0      0x6ef ./Drivers/STM32F1xx_HAL_Driver/Src/stm32f1xx_hal_cortex.o
 .debug_line    0x000000000000589f      0x99d ./Drivers/STM32F1xx_HAL_Driver/Src/stm32f1xx_hal_dma.o
 .debug_line    0x000000000000623c      0x5bb ./Drivers/STM32F1xx_HAL_Driver/Src/stm32f1xx_hal_gpio.o
 .debug_line    0x00000000000067f7     0x369b ./Drivers/STM32F1xx_HAL_Driver/Src/stm32f1xx_hal_i2c.o
 .debug_line    0x0000000000009e92      0x99b ./Drivers/STM32F1xx_HAL_Driver/Src/stm32f1xx_hal_rcc.o
 .debug_line    0x000000000000a82d      0x4ab ./Drivers/STM32F1xx_HAL_Driver/Src/stm32f1xx_hal_rcc_ex.o
 .debug_line    0x000000000000acd8     0x164f ./Drivers/STM32F1xx_HAL_Driver/Src/stm32f1xx_hal_uart.o

.debug_str      0x0000000000000000     0x3f94
 .debug_str     0x0000000000000000      0x6ff ./Core/Src/i2c_config.o
                                        0x7b3 (size before relaxing)
 .debug_str     0x00000000000006ff       0x99 ./Core/Src/lm75b.o
                                        0x709 (size before relaxing)
 .debug_str     0x0000000000000798      0xfa6 ./Core/Src/main.o
                                       0x14d1 (size before relaxing)
 .debug_str     0x000000000000173e      0x302 ./Core/Src/modbus.o
                                        0x9a9 (size before relaxing)
 .debug_str     0x0000000000001a40      0x354 ./Core/Src/stm32f1xx_hal_msp.o
                                        0xd85 (size before relaxing)
 .debug_str     0x0000000000001d94      0x12c ./Core/Src/stm32f1xx_it.o
                                        0x84a (size before relaxing)
 .debug_str     0x0000000000001ec0       0xa2 ./Core/Src/system_stm32f1xx.o
                                        0x23b (size before relaxing)
 .debug_str     0x0000000000001f62      0x127 ./Core/Src/utils.o
                                        0x730 (size before relaxing)
 .debug_str     0x0000000000002089       0x36 ./Core/Startup/startup_stm32f103c8tx.o
                                         0x5a (size before relaxing)
 .debug_str     0x00000000000020bf      0x2e1 ./Drivers/STM32F1xx_HAL_Driver/Src/stm32f1xx_hal.o
                                        0x815 (size before relaxing)
 .debug_str     0x00000000000023a0      0x2da ./Drivers/STM32F1xx_HAL_Driver/Src/stm32f1xx_hal_adc.o
                                        0x8ba (size before relaxing)
 .debug_str     0x000000000000267a      0x275 ./Drivers/STM32F1xx_HAL_Driver/Src/stm32f1xx_hal_adc_ex.o
                                        0x88c (size before relaxing)
 .debug_str     0x00000000000028ef      0x388 ./Drivers/STM32F1xx_HAL_Driver/Src/stm32f1xx_hal_cortex.o
                                        0x8ba (size before relaxing)
 .debug_str     0x0000000000002c77      0x20c ./Drivers/STM32F1xx_HAL_Driver/Src/stm32f1xx_hal_dma.o
                                        0x5e4 (size before relaxing)
 .debug_str     0x0000000000002e83       0xf4 ./Drivers/STM32F1xx_HAL_Driver/Src/stm32f1xx_hal_gpio.o
                                        0x3e7 (size before relaxing)
 .debug_str     0x0000000000002f77      0x850 ./Drivers/STM32F1xx_HAL_Driver/Src/stm32f1xx_hal_i2c.o
                                        0xf9f (size before relaxing)
 .debug_str     0x00000000000037c7      0x1c5 ./Drivers/STM32F1xx_HAL_Driver/Src/stm32f1xx_hal_rcc.o
                                        0x612 (size before relaxing)
 .debug_str     0x000000000000398c       0x84 ./Drivers/STM32F1xx_HAL_Driver/Src/stm32f1xx_hal_rcc_ex.o
                                        0x3ba (size before relaxing)
 .debug_str     0x0000000000003a10      0x584 ./Drivers/STM32F1xx_HAL_Driver/Src/stm32f1xx_hal_uart.o
                                        0xc75 (size before relaxing)

.comment        0x0000000000000000       0x50
 .comment       0x0000000000000000       0x50 ./Core/Src/i2c_config.o
                                         0x51 (size before relaxing)
 .comment       0x0000000000000050       0x51 ./Core/Src/lm75b.o
 .comment       0x0000000000000050       0x51 ./Core/Src/main.o
 .comment       0x0000000000000050       0x51 ./Core/Src/modbus.o
 .comment       0x0000000000000050       0x51 ./Core/Src/stm32f1xx_hal_msp.o
 .comment       0x0000000000000050       0x51 ./Core/Src/stm32f1xx_it.o
 .comment       0x0000000000000050       0x51 ./Core/Src/system_stm32f1xx.o
 .comment       0x0000000000000050       0x51 ./Core/Src/utils.o
 .comment       0x0000000000000050       0x51 ./Drivers/STM32F1xx_HAL_Driver/Src/stm32f1xx_hal.o
 .comment       0x0000000000000050       0x51 ./Drivers/STM32F1xx_HAL_Driver/Src/stm32f1xx_hal_adc.o
 .comment       0x0000000000000050       0x51 ./Drivers/STM32F1xx_HAL_Driver/Src/stm32f1xx_hal_adc_ex.o
 .comment       0x0000000000000050       0x51 ./Drivers/STM32F1xx_HAL_Driver/Src/stm32f1xx_hal_cortex.o
 .comment       0x0000000000000050       0x51 ./Drivers/STM32F1xx_HAL_Driver/Src/stm32f1xx_hal_dma.o
 .comment       0x0000000000000050       0x51 ./Drivers/STM32F1xx_HAL_Driver/Src/stm32f1xx_hal_gpio.o
 .comment       0x0000000000000050       0x51 ./Drivers/STM32F1xx_HAL_Driver/Src/stm32f1xx_hal_i2c.o
 .comment       0x0000000000000050       0x51 ./Drivers/STM32F1xx_HAL_Driver/Src/stm32f1xx_hal_rcc.o
 .comment       0x0000000000000050       0x51 ./Drivers/STM32F1xx_HAL_Driver/Src/stm32f1xx_hal_rcc_ex.o
 .comment       0x0000000000000050       0x51 ./Drivers/STM32F1xx_HAL_Driver/Src/stm32f1xx_hal_uart.o

.debug_frame    0x0000000000000000     0x37cc
 .debug_frame   0x0000000000000000       0xe8 ./Core/Src/i2c_config.o
 .debug_frame   0x00000000000000e8       0xc4 ./Core/Src/lm75b.o
 .debug_frame   0x00000000000001ac      0x3a0 ./Core/Src/main.o
 .debug_frame   0x000000000000054c      0x38c ./Core/Src/modbus.o
 .debug_frame   0x00000000000008d8      0x110 ./Core/Src/stm32f1xx_hal_msp.o
 .debug_frame   0x00000000000009e8      0x180 ./Core/Src/stm32f1xx_it.o
 .debug_frame   0x0000000000000b68       0x58 ./Core/Src/system_stm32f1xx.o
 .debug_frame   0x0000000000000bc0      0x160 ./Core/Src/utils.o
 .debug_frame   0x0000000000000d20      0x334 ./Drivers/STM32F1xx_HAL_Driver/Src/stm32f1xx_hal.o
 .debug_frame   0x0000000000001054      0x40c ./Drivers/STM32F1xx_HAL_Driver/Src/stm32f1xx_hal_adc.o
 .debug_frame   0x0000000000001460      0x200 ./Drivers/STM32F1xx_HAL_Driver/Src/stm32f1xx_hal_adc_ex.o
 .debug_frame   0x0000000000001660      0x428 ./Drivers/STM32F1xx_HAL_Driver/Src/stm32f1xx_hal_cortex.o
 .debug_frame   0x0000000000001a88      0x208 ./Drivers/STM32F1xx_HAL_Driver/Src/stm32f1xx_hal_dma.o
 .debug_frame   0x0000000000001c90      0x14c ./Drivers/STM32F1xx_HAL_Driver/Src/stm32f1xx_hal_gpio.o
 .debug_frame   0x0000000000001ddc      0xc5c ./Drivers/STM32F1xx_HAL_Driver/Src/stm32f1xx_hal_i2c.o
 .debug_frame   0x0000000000002a38      0x21c ./Drivers/STM32F1xx_HAL_Driver/Src/stm32f1xx_hal_rcc.o
 .debug_frame   0x0000000000002c54       0x84 ./Drivers/STM32F1xx_HAL_Driver/Src/stm32f1xx_hal_rcc_ex.o
 .debug_frame   0x0000000000002cd8      0x914 ./Drivers/STM32F1xx_HAL_Driver/Src/stm32f1xx_hal_uart.o
 .debug_frame   0x00000000000035ec       0x2c c:/st/stm32cubeide_1.10.1/stm32cubeide/plugins/com.st.stm32cube.ide.mcu.externaltools.gnu-tools-for-stm32.10.3-2021.10.win32_1.0.0.202111181127/tools/bin/../lib/gcc/arm-none-eabi/10.3.1/../../../../arm-none-eabi/lib/thumb/v7-m/nofp\libc_nano.a(lib_a-init.o)
 .debug_frame   0x0000000000003618       0x20 c:/st/stm32cubeide_1.10.1/stm32cubeide/plugins/com.st.stm32cube.ide.mcu.externaltools.gnu-tools-for-stm32.10.3-2021.10.win32_1.0.0.202111181127/tools/bin/../lib/gcc/arm-none-eabi/10.3.1/../../../../arm-none-eabi/lib/thumb/v7-m/nofp\libc_nano.a(lib_a-memset.o)
 .debug_frame   0x0000000000003638       0x4c c:/st/stm32cubeide_1.10.1/stm32cubeide/plugins/com.st.stm32cube.ide.mcu.externaltools.gnu-tools-for-stm32.10.3-2021.10.win32_1.0.0.202111181127/tools/bin/../lib/gcc/arm-none-eabi/10.3.1/thumb/v7-m/nofp\libgcc.a(_arm_addsubsf3.o)
 .debug_frame   0x0000000000003684       0x38 c:/st/stm32cubeide_1.10.1/stm32cubeide/plugins/com.st.stm32cube.ide.mcu.externaltools.gnu-tools-for-stm32.10.3-2021.10.win32_1.0.0.202111181127/tools/bin/../lib/gcc/arm-none-eabi/10.3.1/thumb/v7-m/nofp\libgcc.a(_arm_muldivsf3.o)
 .debug_frame   0x00000000000036bc       0xc8 c:/st/stm32cubeide_1.10.1/stm32cubeide/plugins/com.st.stm32cube.ide.mcu.externaltools.gnu-tools-for-stm32.10.3-2021.10.win32_1.0.0.202111181127/tools/bin/../lib/gcc/arm-none-eabi/10.3.1/thumb/v7-m/nofp\libgcc.a(_arm_cmpsf2.o)
 .debug_frame   0x0000000000003784       0x24 c:/st/stm32cubeide_1.10.1/stm32cubeide/plugins/com.st.stm32cube.ide.mcu.externaltools.gnu-tools-for-stm32.10.3-2021.10.win32_1.0.0.202111181127/tools/bin/../lib/gcc/arm-none-eabi/10.3.1/thumb/v7-m/nofp\libgcc.a(_arm_fixsfsi.o)
 .debug_frame   0x00000000000037a8       0x24 c:/st/stm32cubeide_1.10.1/stm32cubeide/plugins/com.st.stm32cube.ide.mcu.externaltools.gnu-tools-for-stm32.10.3-2021.10.win32_1.0.0.202111181127/tools/bin/../lib/gcc/arm-none-eabi/10.3.1/thumb/v7-m/nofp\libgcc.a(_arm_fixunssfsi.o)
