../Core/Src/main.c:162:13:Stat_AddValue	16	static
../Core/Src/main.c:178:14:Stat_CalculateTrimmedAverage	40	static
../Core/Src/main.c:211:13:Stat_ClearHistory	16	static
../Core/Src/main.c:224:6:ModBus_TransmitFrame	32	static,ignoring_inline_asm
../Core/Src/main.c:254:13:Update_Poll_Period_From_Modbus	16	static
../Core/Src/main.c:275:6:Process_Measurement_Results	72	static
../Core/Src/main.c:301:5:main	72	static,ignoring_inline_asm
../Core/Src/main.c:425:6:HAL_UART_RxCpltCallback	16	static
../Core/Src/main.c:435:6:TIM3_InputCapture_Init	40	static
../Core/Src/main.c:467:6:generate_pulse_and_measure	24	static,ignoring_inline_asm
../Core/Src/main.c:505:10:measure_time_of_flight	24	static,ignoring_inline_asm
../Core/Src/main.c:545:6:Read_Temperature	16	static
../Core/Src/main.c:566:6:Read_All_Voltages	48	static
../Core/Src/main.c:625:10:Read_ADC_Single	40	static
../Core/Src/main.c:645:10:Read_ADC_Average	40	static
../Core/Src/main.c:664:6:SystemClock_Config	88	static
../Core/Src/main.c:701:6:MX_GPIO_Init	48	static
../Core/Src/main.c:779:6:MX_USART1_UART_Init	8	static
../Core/Src/main.c:795:6:MX_USART2_UART_Init	8	static
../Core/Src/main.c:811:6:MX_ADC1_Init	8	static
../Core/Src/main.c:826:6:MX_ADC2_Init	8	static
../Core/Src/main.c:841:6:Error_Handler	8	static,ignoring_inline_asm
