../Core/Src/modbus.c:20:13:modbus_uint32_to_str	40	static
../Core/Src/modbus.c:66:10:ModBus_CRC16	24	static
../Core/Src/modbus.c:86:13:ModBus_SendException	24	static
../Core/Src/modbus.c:105:13:ModBus_ReadHoldingRegisters	288	static
../Core/Src/modbus.c:147:13:ModBus_ReadInputRegisters	288	static
../Core/Src/modbus.c:189:13:ModBus_WriteSingleRegister	32	static
../Core/Src/modbus.c:225:13:ModBus_WriteMultipleRegisters	32	static
../Core/Src/modbus.c:273:13:ModBus_ProcessFrame	32	static
../Core/Src/modbus.c:343:6:ModBus_Init	16	static
../Core/Src/modbus.c:372:6:ModBus_RxCallback	16	static
../Core/Src/modbus.c:383:6:ModBus_RxByte	24	static
../Core/Src/modbus.c:408:6:ModBus_Process	16	static
../Core/Src/modbus.c:426:6:ModBus_UpdateVoltages	24	static
../Core/Src/modbus.c:438:6:ModBus_UpdateMeasurements	32	static
../Core/Src/modbus.c:460:6:ModBus_PrepareForTransmit	16	static,ignoring_inline_asm
../Core/Src/modbus.c:471:7:ModBus_GetParameter_Float	24	static
../Core/Src/modbus.c:489:6:ModBus_SetParameter_Float	24	static
../Core/Src/modbus.c:505:7:ModBus_GetWaveguideLength	8	static
../Core/Src/modbus.c:514:6:ModBus_UpdateFirmwareVersion	16	static
../Core/Src/modbus.c:522:9:ModBus_GetDeviceAddress	4	static
