../Core/Src/stm32f1xx_it.c:27:6:NMI_Handler	4	static
../Core/Src/stm32f1xx_it.c:28:6:HardFault_Handler	4	static
../Core/Src/stm32f1xx_it.c:29:6:MemManage_Handler	4	static
../Core/Src/stm32f1xx_it.c:30:6:BusFault_Handler	4	static
../Core/Src/stm32f1xx_it.c:31:6:UsageFault_Handler	4	static
../Core/Src/stm32f1xx_it.c:32:6:SVC_Handler	4	static
../Core/Src/stm32f1xx_it.c:33:6:DebugMon_Handler	4	static
../Core/Src/stm32f1xx_it.c:34:6:PendSV_Handler	4	static
../Core/Src/stm32f1xx_it.c:36:6:SysTick_Handler	8	static
../Core/Src/stm32f1xx_it.c:44:6:TIM3_IRQHandler	24	static
../Core/Src/stm32f1xx_it.c:96:6:USART1_IRQHandler	8	static
../Core/Src/stm32f1xx_it.c:101:6:USART2_IRQHandler	8	static
../Core/Src/stm32f1xx_it.c:106:6:ADC1_2_IRQHandler	8	static
